Archive member included to satisfy reference by file (symbol)

c:/program files (x86)/gnu tools arm embedded/6 2017-q1-update/bin/../lib/gcc/arm-none-eabi/6.3.1/thumb/v7e-m\libgcc.a(_aeabi_uldivmod.o)
                              ./uc-bsp/cpu_bsp.o (__aeabi_uldivmod)
c:/program files (x86)/gnu tools arm embedded/6 2017-q1-update/bin/../lib/gcc/arm-none-eabi/6.3.1/thumb/v7e-m\libgcc.a(_udivmoddi4.o)
                              c:/program files (x86)/gnu tools arm embedded/6 2017-q1-update/bin/../lib/gcc/arm-none-eabi/6.3.1/thumb/v7e-m\libgcc.a(_aeabi_uldivmod.o) (__udivmoddi4)
c:/program files (x86)/gnu tools arm embedded/6 2017-q1-update/bin/../lib/gcc/arm-none-eabi/6.3.1/thumb/v7e-m\libgcc.a(_dvmd_tls.o)
                              c:/program files (x86)/gnu tools arm embedded/6 2017-q1-update/bin/../lib/gcc/arm-none-eabi/6.3.1/thumb/v7e-m\libgcc.a(_aeabi_uldivmod.o) (__aeabi_ldiv0)
c:/program files (x86)/gnu tools arm embedded/6 2017-q1-update/bin/../lib/gcc/arm-none-eabi/6.3.1/../../../../arm-none-eabi/lib/thumb/v7e-m\libg.a(lib_a-exit.o)
                              c:/program files (x86)/gnu tools arm embedded/6 2017-q1-update/bin/../lib/gcc/arm-none-eabi/6.3.1/../../../../arm-none-eabi/lib/thumb/v7e-m/crt0.o (exit)
c:/program files (x86)/gnu tools arm embedded/6 2017-q1-update/bin/../lib/gcc/arm-none-eabi/6.3.1/../../../../arm-none-eabi/lib/thumb/v7e-m\libg.a(lib_a-impure.o)
                              c:/program files (x86)/gnu tools arm embedded/6 2017-q1-update/bin/../lib/gcc/arm-none-eabi/6.3.1/../../../../arm-none-eabi/lib/thumb/v7e-m\libg.a(lib_a-exit.o) (_global_impure_ptr)
c:/program files (x86)/gnu tools arm embedded/6 2017-q1-update/bin/../lib/gcc/arm-none-eabi/6.3.1/../../../../arm-none-eabi/lib/thumb/v7e-m\libg.a(lib_a-init.o)
                              c:/program files (x86)/gnu tools arm embedded/6 2017-q1-update/bin/../lib/gcc/arm-none-eabi/6.3.1/../../../../arm-none-eabi/lib/thumb/v7e-m/crt0.o (__libc_init_array)
c:/program files (x86)/gnu tools arm embedded/6 2017-q1-update/bin/../lib/gcc/arm-none-eabi/6.3.1/../../../../arm-none-eabi/lib/thumb/v7e-m\libg.a(lib_a-memset.o)
                              c:/program files (x86)/gnu tools arm embedded/6 2017-q1-update/bin/../lib/gcc/arm-none-eabi/6.3.1/../../../../arm-none-eabi/lib/thumb/v7e-m/crt0.o (memset)
c:/program files (x86)/gnu tools arm embedded/6 2017-q1-update/bin/../lib/gcc/arm-none-eabi/6.3.1/../../../../arm-none-eabi/lib/thumb/v7e-m\libg.a(lib_a-printf.o)
                              ./uc-config/app_main.o (printf)
c:/program files (x86)/gnu tools arm embedded/6 2017-q1-update/bin/../lib/gcc/arm-none-eabi/6.3.1/../../../../arm-none-eabi/lib/thumb/v7e-m\libg.a(lib_a-puts.o)
                              ./uc-config/app_main.o (puts)
c:/program files (x86)/gnu tools arm embedded/6 2017-q1-update/bin/../lib/gcc/arm-none-eabi/6.3.1/../../../../arm-none-eabi/lib/thumb/v7e-m\libg.a(lib_a-sprintf.o)
                              ./uc-config/app_main.o (sprintf)
c:/program files (x86)/gnu tools arm embedded/6 2017-q1-update/bin/../lib/gcc/arm-none-eabi/6.3.1/../../../../arm-none-eabi/lib/thumb/v7e-m\libg.a(lib_a-strlen.o)
                              c:/program files (x86)/gnu tools arm embedded/6 2017-q1-update/bin/../lib/gcc/arm-none-eabi/6.3.1/../../../../arm-none-eabi/lib/thumb/v7e-m\libg.a(lib_a-puts.o) (strlen)
c:/program files (x86)/gnu tools arm embedded/6 2017-q1-update/bin/../lib/gcc/arm-none-eabi/6.3.1/../../../../arm-none-eabi/lib/thumb/v7e-m\libg.a(lib_a-svfprintf.o)
                              c:/program files (x86)/gnu tools arm embedded/6 2017-q1-update/bin/../lib/gcc/arm-none-eabi/6.3.1/../../../../arm-none-eabi/lib/thumb/v7e-m\libg.a(lib_a-sprintf.o) (_svfprintf_r)
c:/program files (x86)/gnu tools arm embedded/6 2017-q1-update/bin/../lib/gcc/arm-none-eabi/6.3.1/../../../../arm-none-eabi/lib/thumb/v7e-m\libg.a(lib_a-vfprintf.o)
                              c:/program files (x86)/gnu tools arm embedded/6 2017-q1-update/bin/../lib/gcc/arm-none-eabi/6.3.1/../../../../arm-none-eabi/lib/thumb/v7e-m\libg.a(lib_a-printf.o) (_vfprintf_r)
c:/program files (x86)/gnu tools arm embedded/6 2017-q1-update/bin/../lib/gcc/arm-none-eabi/6.3.1/../../../../arm-none-eabi/lib/thumb/v7e-m\libg.a(lib_a-wsetup.o)
                              c:/program files (x86)/gnu tools arm embedded/6 2017-q1-update/bin/../lib/gcc/arm-none-eabi/6.3.1/../../../../arm-none-eabi/lib/thumb/v7e-m\libg.a(lib_a-vfprintf.o) (__swsetup_r)
c:/program files (x86)/gnu tools arm embedded/6 2017-q1-update/bin/../lib/gcc/arm-none-eabi/6.3.1/../../../../arm-none-eabi/lib/thumb/v7e-m\libg.a(lib_a-__call_atexit.o)
                              c:/program files (x86)/gnu tools arm embedded/6 2017-q1-update/bin/../lib/gcc/arm-none-eabi/6.3.1/../../../../arm-none-eabi/lib/thumb/v7e-m\libg.a(lib_a-exit.o) (__call_exitprocs)
[...]
Memory Configuration

Name             Origin             Length             Attributes
FLASH            0x08000000         0x00100000         xr
RAM              0x20000000         0x00080000         xrw
SDRAM            0xc0000000         0x02000000         xrw
*default*        0x00000000         0xffffffff

Linker script and memory map

LOAD c:/program files (x86)/gnu tools arm embedded/6 2017-q1-update/bin/../lib/gcc/arm-none-eabi/6.3.1/thumb/v7e-m/crti.o
LOAD c:/program files (x86)/gnu tools arm embedded/6 2017-q1-update/bin/../lib/gcc/arm-none-eabi/6.3.1/thumb/v7e-m/crtbegin.o
LOAD c:/program files (x86)/gnu tools arm embedded/6 2017-q1-update/bin/../lib/gcc/arm-none-eabi/6.3.1/../../../../arm-none-eabi/lib/thumb/v7e-m/crt0.o
LOAD ./uc-config/app_main.o
LOAD ./uc-config/os_app_hooks.o
LOAD ./uc-bsp/bsp.o
LOAD ./uc-bsp/bsp_adc.o
LOAD ./uc-bsp/bsp_clock.o
LOAD ./uc-bsp/bsp_led.o
LOAD ./uc-bsp/bsp_os.o
LOAD ./uc-bsp/bsp_rgb.o
LOAD ./uc-bsp/bsp_sdram.o
LOAD ./uc-bsp/bsp_tim.o
LOAD ./uc-bsp/bsp_touch.o
LOAD ./uc-bsp/bsp_uart.o
LOAD ./uc-bsp/cpu_bsp.o
LOAD ./uCOS-III/Source/os_cfg_app.o
LOAD ./uCOS-III/Source/os_core.o
LOAD ./uCOS-III/Source/os_dbg.o
LOAD ./uCOS-III/Source/os_flag.o
LOAD ./uCOS-III/Source/os_mem.o
LOAD ./uCOS-III/Source/os_mon.o
LOAD ./uCOS-III/Source/os_msg.o
LOAD ./uCOS-III/Source/os_mutex.o
LOAD ./uCOS-III/Source/os_prio.o
LOAD ./uCOS-III/Source/os_q.o
LOAD ./uCOS-III/Source/os_sem.o
LOAD ./uCOS-III/Source/os_stat.o
LOAD ./uCOS-III/Source/os_task.o
LOAD ./uCOS-III/Source/os_tick.o
LOAD ./uCOS-III/Source/os_time.o
LOAD ./uCOS-III/Source/os_tmr.o
LOAD ./uCOS-III/Source/os_var.o
LOAD ./uCOS-III/Ports/ARM-Cortex-M/ARMv7-M/GNU/os_cpu_a.o
LOAD ./uCOS-III/Ports/ARM-Cortex-M/ARMv7-M/GNU/os_cpu_c.o
LOAD ./uC-LIB/Ports/ARM-Cortex-M4/GNU/lib_mem_a.o
LOAD ./uC-LIB/lib_ascii.o
LOAD ./uC-LIB/lib_math.o
LOAD ./uC-LIB/lib_mem.o
LOAD ./uC-LIB/lib_str.o
LOAD ./uC-CPU/Cache/ARM/armv7m_generic_l1/cpu_cache_armv7m_generic_l1.o
LOAD ./uC-CPU/ARM-Cortex-M4/GNU/cpu_a.o
LOAD ./uC-CPU/ARM-Cortex-M4/GNU/cpu_c.o
LOAD ./uC-CPU/cpu_core.o
LOAD ./hallib/Src/stm32f7xx_hal.o
LOAD ./hallib/Src/stm32f7xx_hal_adc.o
LOAD ./hallib/Src/stm32f7xx_hal_cortex.o
LOAD ./hallib/Src/stm32f7xx_hal_dma.o
LOAD ./hallib/Src/stm32f7xx_hal_gpio.o
LOAD ./hallib/Src/stm32f7xx_hal_ltdc.o
LOAD ./hallib/Src/stm32f7xx_hal_pwr.o
LOAD ./hallib/Src/stm32f7xx_hal_pwr_ex.o
LOAD ./hallib/Src/stm32f7xx_hal_rcc.o
LOAD ./hallib/Src/stm32f7xx_hal_rcc_ex.o
LOAD ./hallib/Src/stm32f7xx_hal_sdram.o
LOAD ./hallib/Src/stm32f7xx_hal_tim.o
LOAD ./hallib/Src/stm32f7xx_hal_tim_ex.o
LOAD ./hallib/Src/stm32f7xx_hal_uart.o
LOAD ./hallib/Src/stm32f7xx_ll_fmc.o
LOAD ./hallib/stm32f7xx_hal_msp.o
LOAD ./core/startup_stm32f767xx.o
LOAD ./core/system_stm32f7xx.o
START GROUP
LOAD c:/program files (x86)/gnu tools arm embedded/6 2017-q1-update/bin/../lib/gcc/arm-none-eabi/6.3.1/thumb/v7e-m\libgcc.a
LOAD c:/program files (x86)/gnu tools arm embedded/6 2017-q1-update/bin/../lib/gcc/arm-none-eabi/6.3.1/../../../../arm-none-eabi/lib/thumb/v7e-m\libg.a
LOAD c:/program files (x86)/gnu tools arm embedded/6 2017-q1-update/bin/../lib/gcc/arm-none-eabi/6.3.1/../../../../arm-none-eabi/lib/thumb/v7e-m\libc.a
END GROUP
START GROUP
LOAD c:/program files (x86)/gnu tools arm embedded/6 2017-q1-update/bin/../lib/gcc/arm-none-eabi/6.3.1/thumb/v7e-m\libgcc.a
LOAD c:/program files (x86)/gnu tools arm embedded/6 2017-q1-update/bin/../lib/gcc/arm-none-eabi/6.3.1/../../../../arm-none-eabi/lib/thumb/v7e-m\libc.a
LOAD c:/program files (x86)/gnu tools arm embedded/6 2017-q1-update/bin/../lib/gcc/arm-none-eabi/6.3.1/../../../../arm-none-eabi/lib/thumb/v7e-m\libnosys.a
END GROUP
LOAD c:/program files (x86)/gnu tools arm embedded/6 2017-q1-update/bin/../lib/gcc/arm-none-eabi/6.3.1/thumb/v7e-m/crtend.o
LOAD c:/program files (x86)/gnu tools arm embedded/6 2017-q1-update/bin/../lib/gcc/arm-none-eabi/6.3.1/thumb/v7e-m/crtn.o
                0x20050000                _estack = 0x20050000
                0x00000200                _Min_Heap_Size = 0x200
                0x00000400                _Min_Stack_Size = 0x400

.isr_vector     0x08000000      0x1f8
                0x08000000                . = ALIGN (0x4)
 *(.isr_vector)
 .isr_vector    0x08000000      0x1f8 ./core/startup_stm32f767xx.o
                0x08000000                g_pfnVectors
                0x080001f8                . = ALIGN (0x4)

.text           0x08000200    0x12780
                0x08000200                . = ALIGN (0x4)
 *(.text)
 .text          0x08000200       0x6c c:/program files (x86)/gnu tools arm embedded/6 2017-q1-update/bin/../lib/gcc/arm-none-eabi/6.3.1/thumb/v7e-m/crtbegin.o
 .text          0x0800026c       0xe0 ./uCOS-III/Ports/ARM-Cortex-M/ARMv7-M/GNU/os_cpu_a.o
                0x0800026c                OSStartHighRdy
                0x080002e6                OSCtxSw
                0x080002f0                OSIntCtxSw
                0x080002fa                OS_CPU_PendSVHandler
 .text          0x0800034c       0x34 ./uC-CPU/ARM-Cortex-M4/GNU/cpu_a.o
                0x0800034c                CPU_IntDis
                0x08000350                CPU_IntEn
                0x08000354                CPU_SR_Save
                0x0800035c                CPU_SR_Restore
                0x08000362                CPU_WaitForInt
                0x08000366                CPU_WaitForExcept
                0x0800036a                CPU_CntLeadZeros
                0x08000370                CPU_CntTrailZeros
                0x0800037a                CPU_RevBits
 .text          0x08000380       0x30 c:/program files (x86)/gnu tools arm embedded/6 2017-q1-update/bin/../lib/gcc/arm-none-eabi/6.3.1/thumb/v7e-m\libgcc.a(_aeabi_uldivmod.o)
                0x08000380                __aeabi_uldivmod
 .text          0x080003b0      0x2dc c:/program files (x86)/gnu tools arm embedded/6 2017-q1-update/bin/../lib/gcc/arm-none-eabi/6.3.1/thumb/v7e-m\libgcc.a(_udivmoddi4.o)
                0x080003b0                __udivmoddi4
 .text          0x0800068c        0x4 c:/program files (x86)/gnu tools arm embedded/6 2017-q1-update/bin/../lib/gcc/arm-none-eabi/6.3.1/thumb/v7e-m\libgcc.a(_dvmd_tls.o)
                0x0800068c                __aeabi_idiv0
                0x0800068c                __aeabi_ldiv0
 *fill*         0x08000690       0x30 
 .text          0x080006c0       0xdc c:/program files (x86)/gnu tools arm embedded/6 2017-q1-update/bin/../lib/gcc/arm-none-eabi/6.3.1/../../../../arm-none-eabi/lib/thumb/v7e-m\libg.a(lib_a-strlen.o)
                0x080006c0                strlen
 *fill*         0x0800079c        0x4 
 .text          0x080007a0       0xa0 c:/program files (x86)/gnu tools arm embedded/6 2017-q1-update/bin/../lib/gcc/arm-none-eabi/6.3.1/../../../../arm-none-eabi/lib/thumb/v7e-m\libg.a(lib_a-memchr.o)
                0x080007a0                memchr
 .text          0x08000840      0x134 c:/program files (x86)/gnu tools arm embedded/6 2017-q1-update/bin/../lib/gcc/arm-none-eabi/6.3.1/../../../../arm-none-eabi/lib/thumb/v7e-m\libg.a(lib_a-memcpy.o)
                0x08000840                memcpy
 .text          0x08000974      0x370 c:/program files (x86)/gnu tools arm embedded/6 2017-q1-update/bin/../lib/gcc/arm-none-eabi/6.3.1/thumb/v7e-m\libgcc.a(_arm_addsubdf3.o)
                0x08000974                __aeabi_drsub
                0x0800097c                __aeabi_dsub
                0x0800097c                __subdf3
                0x08000980                __aeabi_dadd
                0x08000980                __adddf3
                0x08000bf8                __floatunsidf
                0x08000bf8                __aeabi_ui2d
                0x08000c18                __floatsidf
                0x08000c18                __aeabi_i2d
                0x08000c3c                __aeabi_f2d
                0x08000c3c                __extendsfdf2
                0x08000c78                __floatundidf
                0x08000c78                __aeabi_ul2d
                0x08000c88                __floatdidf
                0x08000c88                __aeabi_l2d
 .text          0x08000ce4      0x424 c:/program files (x86)/gnu tools arm embedded/6 2017-q1-update/bin/../lib/gcc/arm-none-eabi/6.3.1/thumb/v7e-m\libgcc.a(_arm_muldivdf3.o)
                0x08000ce4                __aeabi_dmul
                0x08000ce4                __muldf3
                0x08000f38                __divdf3
                0x08000f38                __aeabi_ddiv
 .text          0x08001108      0x110 c:/program files (x86)/gnu tools arm embedded/6 2017-q1-update/bin/../lib/gcc/arm-none-eabi/6.3.1/thumb/v7e-m\libgcc.a(_arm_cmpdf2.o)
                0x08001108                __gtdf2
                0x08001108                __gedf2
                0x08001110                __ltdf2
                0x08001110                __ledf2
                0x08001118                __nedf2
                0x08001118                __eqdf2
                0x08001118                __cmpdf2
                0x08001194                __aeabi_cdrcmple
                0x080011a4                __aeabi_cdcmpeq
                0x080011a4                __aeabi_cdcmple
                0x080011b4                __aeabi_dcmpeq
                0x080011c8                __aeabi_dcmplt
                0x080011dc                __aeabi_dcmple
                0x080011f0                __aeabi_dcmpge
                0x08001204                __aeabi_dcmpgt
 .text          0x08001218       0x2c c:/program files (x86)/gnu tools arm embedded/6 2017-q1-update/bin/../lib/gcc/arm-none-eabi/6.3.1/thumb/v7e-m\libgcc.a(_arm_unorddf2.o)
                0x08001218                __unorddf2
                0x08001218                __aeabi_dcmpun
 .text          0x08001244       0x50 c:/program files (x86)/gnu tools arm embedded/6 2017-q1-update/bin/../lib/gcc/arm-none-eabi/6.3.1/thumb/v7e-m\libgcc.a(_arm_fixdfsi.o)
                0x08001244                __aeabi_d2iz
                0x08001244                __fixdfsi
 *(.text*)
 .text.main     0x08001294       0x78 ./uc-config/app_main.o
                0x08001294                main
 .text.AppTaskStart
                0x0800130c       0x40 ./uc-config/app_main.o
 .text.AppTaskCreate
                0x0800134c       0x94 ./uc-config/app_main.o
 .text.AppTaskObj0
                0x080013e0      0x154 ./uc-config/app_main.o
 .text.AppTaskObj1
                0x08001534       0x30 ./uc-config/app_main.o
 .text.App_OS_SetAllHooks
                0x08001564       0x88 ./uc-config/os_app_hooks.o
                0x08001564                App_OS_SetAllHooks
 .text.App_OS_IdleTaskHook
                0x080015ec        0xc ./uc-config/os_app_hooks.o
                0x080015ec                App_OS_IdleTaskHook
 .text.App_OS_StatTaskHook
                0x080015f8        0xc ./uc-config/os_app_hooks.o
                0x080015f8                App_OS_StatTaskHook
 .text.App_OS_TaskCreateHook
                0x08001604       0x12 ./uc-config/os_app_hooks.o
                0x08001604                App_OS_TaskCreateHook
 .text.App_OS_TaskDelHook
                0x08001616       0x12 ./uc-config/os_app_hooks.o
                0x08001616                App_OS_TaskDelHook
 .text.App_OS_TaskReturnHook
                0x08001628       0x12 ./uc-config/os_app_hooks.o
                0x08001628                App_OS_TaskReturnHook
 .text.App_OS_TaskSwHook
                0x0800163a        0xc ./uc-config/os_app_hooks.o
                0x0800163a                App_OS_TaskSwHook
 .text.App_OS_TimeTickHook
                0x08001646        0xc ./uc-config/os_app_hooks.o
                0x08001646                App_OS_TimeTickHook
 *fill*         0x08001652        0x2 
 .text.BSP_Init
                0x08001654       0x38 ./uc-bsp/bsp.o
                0x08001654                BSP_Init
 .text.CEKONG_init
                0x0800168c       0xec ./uc-bsp/bsp_adc.o
                0x0800168c                CEKONG_init
 .text.HAL_ADC_MspInit
                0x08001778       0xe4 ./uc-bsp/bsp_adc.o
                0x08001778                HAL_ADC_MspInit
 .text.HAL_ADC_ConvCpltCallback
                0x0800185c       0x34 ./uc-bsp/bsp_adc.o
                0x0800185c                HAL_ADC_ConvCpltCallback
 .text.DMA2_Stream0_IRQHandler
                0x08001890       0x14 ./uc-bsp/bsp_adc.o
                0x08001890                DMA2_Stream0_IRQHandler
 .text.BSP_SystemClkCfg
                0x080018a4       0xe4 ./uc-bsp/bsp_clock.o
                0x080018a4                BSP_SystemClkCfg
 .text.BSP_ClkFreqGet
                0x08001988       0x58 ./uc-bsp/bsp_clock.o
                0x08001988                BSP_ClkFreqGet
 .text.BSP_LED_Init
                0x080019e0       0x54 ./uc-bsp/bsp_led.o
                0x080019e0                BSP_LED_Init
 .text.BSP_LED_Off
                0x08001a34       0x50 ./uc-bsp/bsp_led.o
                0x08001a34                BSP_LED_Off
 .text.BSP_LED_On
                0x08001a84       0x50 ./uc-bsp/bsp_led.o
                0x08001a84                BSP_LED_On
 .text.BSP_OSTickInit
                0x08001ad4       0x1c ./uc-bsp/bsp_os.o
                0x08001ad4                BSP_OSTickInit
 .text.HAL_InitTick
                0x08001af0       0x18 ./uc-bsp/bsp_os.o
                0x08001af0                HAL_InitTick
 .text.HAL_GetTick
                0x08001b08       0x1a ./uc-bsp/bsp_os.o
                0x08001b08                HAL_GetTick
 *fill*         0x08001b22        0x2 
 .text.LCD_Init
                0x08001b24       0x24 ./uc-bsp/bsp_rgb.o
                0x08001b24                LCD_Init
 .text.LTDC_Init
                0x08001b48      0x2c8 ./uc-bsp/bsp_rgb.o
                0x08001b48                LTDC_Init
 .text.LTDC_PanelID_Read
                0x08001e10       0xf4 ./uc-bsp/bsp_rgb.o
                0x08001e10                LTDC_PanelID_Read
 .text.LTDC_Layer_Parameter_Config
                0x08001f04       0x8c ./uc-bsp/bsp_rgb.o
                0x08001f04                LTDC_Layer_Parameter_Config
 .text.LTDC_Layer_Window_Config
                0x08001f90       0x44 ./uc-bsp/bsp_rgb.o
                0x08001f90                LTDC_Layer_Window_Config
 .text.LTDC_Display_Dir
                0x08001fd4       0x54 ./uc-bsp/bsp_rgb.o
                0x08001fd4                LTDC_Display_Dir
 .text.LTDC_Select_Layer
                0x08002028       0x20 ./uc-bsp/bsp_rgb.o
                0x08002028                LTDC_Select_Layer
 .text.LTDC_Clear
                0x08002048       0x34 ./uc-bsp/bsp_rgb.o
                0x08002048                LTDC_Clear
 .text.LTDC_Fill
                0x0800207c      0x148 ./uc-bsp/bsp_rgb.o
                0x0800207c                LTDC_Fill
 .text.LTDC_Clk_Set
                0x080021c4       0x3a ./uc-bsp/bsp_rgb.o
                0x080021c4                LTDC_Clk_Set
 .text.LCD_ShowString
                0x080021fe       0x9c ./uc-bsp/bsp_rgb.o
                0x080021fe                LCD_ShowString
 *fill*         0x0800229a        0x2 
 .text.LCD_ShowChar
                0x0800229c      0x178 ./uc-bsp/bsp_rgb.o
                0x0800229c                LCD_ShowChar
 .text.LTDC_Draw_Point
                0x08002414       0x8c ./uc-bsp/bsp_rgb.o
                0x08002414                LTDC_Draw_Point
 .text.HAL_LTDC_MspInit
                0x080024a0      0x144 ./uc-bsp/bsp_rgb.o
                0x080024a0                HAL_LTDC_MspInit
 .text.APPOLO_RGB
                0x080025e4       0xc0 ./uc-bsp/bsp_rgb.o
                0x080025e4                APPOLO_RGB
 .text.SDRAM_init
                0x080026a4       0x98 ./uc-bsp/bsp_sdram.o
                0x080026a4                SDRAM_init
 .text.SDRAM_Initialization_Sequence
                0x0800273c       0x60 ./uc-bsp/bsp_sdram.o
                0x0800273c                SDRAM_Initialization_Sequence
 .text.HAL_SDRAM_MspInit
                0x0800279c      0x120 ./uc-bsp/bsp_sdram.o
                0x0800279c                HAL_SDRAM_MspInit
 .text.SDRAM_Send_Cmd
                0x080028bc       0x70 ./uc-bsp/bsp_sdram.o
                0x080028bc                SDRAM_Send_Cmd
 .text.TIM2_init
                0x0800292c       0x70 ./uc-bsp/bsp_tim.o
                0x0800292c                TIM2_init
 .text.TIM3_init
                0x0800299c       0x80 ./uc-bsp/bsp_tim.o
                0x0800299c                TIM3_init
 .text.TIM5_init
                0x08002a1c       0x88 ./uc-bsp/bsp_tim.o
                0x08002a1c                TIM5_init
 .text.HAL_TIM_PWM_MspInit
                0x08002aa4       0x60 ./uc-bsp/bsp_tim.o
                0x08002aa4                HAL_TIM_PWM_MspInit
 .text.HAL_TIM_Base_MspInit
                0x08002b04       0x80 ./uc-bsp/bsp_tim.o
                0x08002b04                HAL_TIM_Base_MspInit
 .text.HAL_TIM_IC_MspInit
                0x08002b84       0x88 ./uc-bsp/bsp_tim.o
                0x08002b84                HAL_TIM_IC_MspInit
 .text.HAL_TIM_PeriodElapsedCallback
                0x08002c0c       0x3c ./uc-bsp/bsp_tim.o
                0x08002c0c                HAL_TIM_PeriodElapsedCallback
 .text.TIM2_IRQHandler
                0x08002c48       0x1c ./uc-bsp/bsp_tim.o
                0x08002c48                TIM2_IRQHandler
 .text.TIM3_IRQHandler
                0x08002c64       0x14 ./uc-bsp/bsp_tim.o
                0x08002c64                TIM3_IRQHandler
 .text.TIM5_IRQHandler
                0x08002c78       0x1c ./uc-bsp/bsp_tim.o
                0x08002c78                TIM5_IRQHandler
 .text.HAL_TIM_IC_CaptureCallback
                0x08002c94       0xa8 ./uc-bsp/bsp_tim.o
                0x08002c94                HAL_TIM_IC_CaptureCallback
 .text.delay_ms
                0x08002d3c       0x16 ./uc-bsp/bsp_touch.o
                0x08002d3c                delay_ms
 .text.delay_us
                0x08002d52       0x3c ./uc-bsp/bsp_touch.o
                0x08002d52                delay_us
 .text.CT_Delay
                0x08002d8e        0xe ./uc-bsp/bsp_touch.o
                0x08002d8e                CT_Delay
 .text.CT_IIC_Init
                0x08002d9c       0x78 ./uc-bsp/bsp_touch.o
                0x08002d9c                CT_IIC_Init
 .text.CT_IIC_Start
                0x08002e14       0x5c ./uc-bsp/bsp_touch.o
                0x08002e14                CT_IIC_Start
 .text.CT_IIC_Wait_Ack
                0x08002e70       0x7c ./uc-bsp/bsp_touch.o
                0x08002e70                CT_IIC_Wait_Ack
 .text.CT_IIC_Ack
                0x08002eec       0x5c ./uc-bsp/bsp_touch.o
                0x08002eec                CT_IIC_Ack
 .text.CT_IIC_NAck
                0x08002f48       0x5c ./uc-bsp/bsp_touch.o
                0x08002f48                CT_IIC_NAck
 .text.CT_IIC_Stop
                0x08002fa4       0x50 ./uc-bsp/bsp_touch.o
                0x08002fa4                CT_IIC_Stop
 .text.CT_IIC_Read_Byte
                0x08002ff4       0x90 ./uc-bsp/bsp_touch.o
                0x08002ff4                CT_IIC_Read_Byte
 .text.CT_IIC_Send_Byte
                0x08003084       0x94 ./uc-bsp/bsp_touch.o
                0x08003084                CT_IIC_Send_Byte
 .text.FT5206_WR_Reg
                0x08003118       0x72 ./uc-bsp/bsp_touch.o
                0x08003118                FT5206_WR_Reg
 .text.FT5206_RD_Reg
                0x0800318a       0x7a ./uc-bsp/bsp_touch.o
                0x0800318a                FT5206_RD_Reg
 .text.FT5206_Init
                0x08003204      0x128 ./uc-bsp/bsp_touch.o
                0x08003204                FT5206_Init
 .text.FT5206_Scan
                0x0800332c       0xcc ./uc-bsp/bsp_touch.o
                0x0800332c                FT5206_Scan
 .text.EXTI9_5_IRQHandler
                0x080033f8       0x20 ./uc-bsp/bsp_touch.o
                0x080033f8                EXTI9_5_IRQHandler
 .text.BSP_UART_Init
                0x08003418       0x5c ./uc-bsp/bsp_uart.o
                0x08003418                BSP_UART_Init
 .text.HAL_UART_MspInit
                0x08003474       0xf8 ./uc-bsp/bsp_uart.o
                0x08003474                HAL_UART_MspInit
 .text._write   0x0800356c       0x2c ./uc-bsp/bsp_uart.o
                0x0800356c                _write
 .text.CPU_TS_TmrInit
                0x08003598       0x74 ./uc-bsp/cpu_bsp.o
                0x08003598                CPU_TS_TmrInit
 .text.CPU_TS_TmrRd
                0x0800360c       0x1c ./uc-bsp/cpu_bsp.o
                0x0800360c                CPU_TS_TmrRd
 .text.OSCfg_Init
                0x08003628        0xc ./uCOS-III/Source/os_cfg_app.o
                0x08003628                OSCfg_Init
 .text.OSInit   0x08003634      0x1c4 ./uCOS-III/Source/os_core.o
                0x08003634                OSInit
 .text.OSIntEnter
                0x080037f8       0x38 ./uCOS-III/Source/os_core.o
                0x080037f8                OSIntEnter
 .text.OSIntExit
                0x08003830       0xd8 ./uCOS-III/Source/os_core.o
                0x08003830                OSIntExit
 .text.OSSched  0x08003908       0xa8 ./uCOS-III/Source/os_core.o
                0x08003908                OSSched
 .text.OSSchedLock
                0x080039b0       0x7c ./uCOS-III/Source/os_core.o
                0x080039b0                OSSchedLock
 .text.OSSchedUnlock
                0x08003a2c       0x9c ./uCOS-III/Source/os_core.o
                0x08003a2c                OSSchedUnlock
 .text.OSStart  0x08003ac8       0xc8 ./uCOS-III/Source/os_core.o
                0x08003ac8                OSStart
 .text.OS_IdleTask
                0x08003b90       0x44 ./uCOS-III/Source/os_core.o
                0x08003b90                OS_IdleTask
 .text.OS_IdleTaskInit
                0x08003bd4       0x68 ./uCOS-III/Source/os_core.o
                0x08003bd4                OS_IdleTaskInit
 .text.OS_Pend  0x08003c3c       0x70 ./uCOS-III/Source/os_core.o
                0x08003c3c                OS_Pend
 .text.OS_PendDbgNameAdd
                0x08003cac       0x74 ./uCOS-III/Source/os_core.o
                0x08003cac                OS_PendDbgNameAdd
 .text.OS_PendDbgNameRemove
                0x08003d20       0x48 ./uCOS-III/Source/os_core.o
                0x08003d20                OS_PendDbgNameRemove
 .text.OS_PendListChangePrio
                0x08003d68       0x3a ./uCOS-III/Source/os_core.o
                0x08003d68                OS_PendListChangePrio
 .text.OS_PendListInit
                0x08003da2       0x24 ./uCOS-III/Source/os_core.o
                0x08003da2                OS_PendListInit
 .text.OS_PendListInsertPrio
                0x08003dc6       0xd6 ./uCOS-III/Source/os_core.o
                0x08003dc6                OS_PendListInsertPrio
 .text.OS_PendListRemove
                0x08003e9c       0xa8 ./uCOS-III/Source/os_core.o
                0x08003e9c                OS_PendListRemove
 .text.OS_Post  0x08003f44       0xf4 ./uCOS-III/Source/os_core.o
                0x08003f44                OS_Post
 .text.OS_RdyListInit
                0x08004038       0x48 ./uCOS-III/Source/os_core.o
                0x08004038                OS_RdyListInit
 .text.OS_RdyListInsert
                0x08004080       0x3c ./uCOS-III/Source/os_core.o
                0x08004080                OS_RdyListInsert
 .text.OS_RdyListInsertHead
                0x080040bc       0x80 ./uCOS-III/Source/os_core.o
                0x080040bc                OS_RdyListInsertHead
 .text.OS_RdyListInsertTail
                0x0800413c       0x80 ./uCOS-III/Source/os_core.o
                0x0800413c                OS_RdyListInsertTail
 .text.OS_RdyListRemove
                0x080041bc       0xb0 ./uCOS-III/Source/os_core.o
                0x080041bc                OS_RdyListRemove
 .text.OS_TaskBlock
                0x0800426c       0x40 ./uCOS-III/Source/os_core.o
                0x0800426c                OS_TaskBlock
 .text.OS_Dbg_Init
                0x080042ac      0x220 ./uCOS-III/Source/os_dbg.o
                0x080042ac                OS_Dbg_Init
 .text.OS_MemInit
                0x080044cc       0x2c ./uCOS-III/Source/os_mem.o
                0x080044cc                OS_MemInit
 .text.OS_MsgPoolInit
                0x080044f8       0xcc ./uCOS-III/Source/os_msg.o
                0x080044f8                OS_MsgPoolInit
 .text.OS_MsgQFreeAll
                0x080045c4       0x74 ./uCOS-III/Source/os_msg.o
                0x080045c4                OS_MsgQFreeAll
 .text.OS_MsgQInit
                0x08004638       0x34 ./uCOS-III/Source/os_msg.o
                0x08004638                OS_MsgQInit
 .text.OSMutexCreate
                0x0800466c       0xa0 ./uCOS-III/Source/os_mutex.o
                0x0800466c                OSMutexCreate
 .text.OSMutexPend
                0x0800470c      0x258 ./uCOS-III/Source/os_mutex.o
                0x0800470c                OSMutexPend
 .text.OSMutexPost
                0x08004964      0x1cc ./uCOS-III/Source/os_mutex.o
                0x08004964                OSMutexPost
 .text.OS_MutexDbgListAdd
                0x08004b30       0x4c ./uCOS-III/Source/os_mutex.o
                0x08004b30                OS_MutexDbgListAdd
 .text.OS_MutexGrpAdd
                0x08004b7c       0x22 ./uCOS-III/Source/os_mutex.o
                0x08004b7c                OS_MutexGrpAdd
 .text.OS_MutexGrpRemove
                0x08004b9e       0x38 ./uCOS-III/Source/os_mutex.o
                0x08004b9e                OS_MutexGrpRemove
 .text.OS_MutexGrpPrioFindHighest
                0x08004bd6       0x52 ./uCOS-III/Source/os_mutex.o
                0x08004bd6                OS_MutexGrpPrioFindHighest
 .text.OS_MutexGrpPostAll
                0x08004c28       0x86 ./uCOS-III/Source/os_mutex.o
                0x08004c28                OS_MutexGrpPostAll
 *fill*         0x08004cae        0x2 
 .text.OS_PrioInit
                0x08004cb0       0x30 ./uCOS-III/Source/os_prio.o
                0x08004cb0                OS_PrioInit
 .text.OS_PrioGetHighest
                0x08004ce0       0x30 ./uCOS-III/Source/os_prio.o
                0x08004ce0                OS_PrioGetHighest
 .text.OS_PrioInsert
                0x08004d10       0x48 ./uCOS-III/Source/os_prio.o
                0x08004d10                OS_PrioInsert
 .text.OS_PrioRemove
                0x08004d58       0x48 ./uCOS-III/Source/os_prio.o
                0x08004d58                OS_PrioRemove
 .text.OSStatReset
                0x08004da0      0x154 ./uCOS-III/Source/os_stat.o
                0x08004da0                OSStatReset
 .text.OSStatTaskCPUUsageInit
                0x08004ef4      0x10c ./uCOS-III/Source/os_stat.o
                0x08004ef4                OSStatTaskCPUUsageInit
 .text.OS_StatTask
                0x08005000      0x350 ./uCOS-III/Source/os_stat.o
                0x08005000                OS_StatTask
 .text.OS_StatTaskInit
                0x08005350       0xd4 ./uCOS-III/Source/os_stat.o
                0x08005350                OS_StatTaskInit
 .text.OSTaskCreate
                0x08005424      0x22c ./uCOS-III/Source/os_task.o
                0x08005424                OSTaskCreate
 .text.OSTaskDel
                0x08005650      0x1e8 ./uCOS-III/Source/os_task.o
                0x08005650                OSTaskDel
 .text.OSTaskResume
                0x08005838      0x190 ./uCOS-III/Source/os_task.o
                0x08005838                OSTaskResume
 .text.OSTaskSemPend
                0x080059c8      0x204 ./uCOS-III/Source/os_task.o
                0x080059c8                OSTaskSemPend
 .text.OSTaskSemPost
                0x08005bcc      0x15c ./uCOS-III/Source/os_task.o
                0x08005bcc                OSTaskSemPost
 .text.OSTaskStkChk
                0x08005d28      0x100 ./uCOS-III/Source/os_task.o
                0x08005d28                OSTaskStkChk
 .text.OSTaskSuspend
                0x08005e28      0x1ac ./uCOS-III/Source/os_task.o
                0x08005e28                OSTaskSuspend
 .text.OS_TaskDbgListAdd
                0x08005fd4       0x4c ./uCOS-III/Source/os_task.o
                0x08005fd4                OS_TaskDbgListAdd
 .text.OS_TaskDbgListRemove
                0x08006020       0x84 ./uCOS-III/Source/os_task.o
                0x08006020                OS_TaskDbgListRemove
 .text.OS_TaskInit
                0x080060a4       0x38 ./uCOS-III/Source/os_task.o
                0x080060a4                OS_TaskInit
 .text.OS_TaskInitTCB
                0x080060dc      0x1b0 ./uCOS-III/Source/os_task.o
                0x080060dc                OS_TaskInitTCB
 .text.OS_TaskReturn
                0x0800628c       0x28 ./uCOS-III/Source/os_task.o
                0x0800628c                OS_TaskReturn
 .text.OS_TaskChangePrio
                0x080062b4      0x148 ./uCOS-III/Source/os_task.o
                0x080062b4                OS_TaskChangePrio
 .text.OS_TickTask
                0x080063fc       0x74 ./uCOS-III/Source/os_tick.o
                0x080063fc                OS_TickTask
 .text.OS_TickTaskInit
                0x08006470       0xd8 ./uCOS-III/Source/os_tick.o
                0x08006470                OS_TickTaskInit
 .text.OS_TickListInsert
                0x08006548      0x12c ./uCOS-III/Source/os_tick.o
                0x08006548                OS_TickListInsert
 .text.OS_TickListInsertDly
                0x08006674       0xf8 ./uCOS-III/Source/os_tick.o
                0x08006674                OS_TickListInsertDly
 .text.OS_TickListRemove
                0x0800676c       0xc8 ./uCOS-III/Source/os_tick.o
                0x0800676c                OS_TickListRemove
 .text.OS_TickListUpdateDly
                0x08006834       0xfc ./uCOS-III/Source/os_tick.o
 .text.OS_TickListUpdateTimeout
                0x08006930      0x19c ./uCOS-III/Source/os_tick.o
 .text.OSTimeDly
                0x08006acc       0xe0 ./uCOS-III/Source/os_time.o
                0x08006acc                OSTimeDly
 .text.OSTimeDlyHMSM
                0x08006bac      0x204 ./uCOS-III/Source/os_time.o
                0x08006bac                OSTimeDlyHMSM
 .text.OSTimeGet
                0x08006db0       0x3c ./uCOS-III/Source/os_time.o
                0x08006db0                OSTimeGet
 .text.OSTimeTick
                0x08006dec       0x64 ./uCOS-III/Source/os_time.o
                0x08006dec                OSTimeTick
 .text.OS_TmrInit
                0x08006e50      0x138 ./uCOS-III/Source/os_tmr.o
                0x08006e50                OS_TmrInit
 .text.OS_TmrUnlink
                0x08006f88       0x7c ./uCOS-III/Source/os_tmr.o
                0x08006f88                OS_TmrUnlink
 .text.OS_TmrTask
                0x08007004       0xd0 ./uCOS-III/Source/os_tmr.o
                0x08007004                OS_TmrTask
 .text.OS_TmrLock
                0x080070d4       0x24 ./uCOS-III/Source/os_tmr.o
 .text.OS_TmrUnlock
                0x080070f8       0x20 ./uCOS-III/Source/os_tmr.o
 .text.OSIdleTaskHook
                0x08007118       0x1c ./uCOS-III/Ports/ARM-Cortex-M/ARMv7-M/GNU/os_cpu_c.o
                0x08007118                OSIdleTaskHook
 .text.OSInitHook
                0x08007134       0x38 ./uCOS-III/Ports/ARM-Cortex-M/ARMv7-M/GNU/os_cpu_c.o
                0x08007134                OSInitHook
 .text.OSStatTaskHook
                0x0800716c       0x1c ./uCOS-III/Ports/ARM-Cortex-M/ARMv7-M/GNU/os_cpu_c.o
                0x0800716c                OSStatTaskHook
 .text.OSTaskCreateHook
                0x08007188       0x24 ./uCOS-III/Ports/ARM-Cortex-M/ARMv7-M/GNU/os_cpu_c.o
                0x08007188                OSTaskCreateHook
 .text.OSTaskDelHook
                0x080071ac       0x24 ./uCOS-III/Ports/ARM-Cortex-M/ARMv7-M/GNU/os_cpu_c.o
                0x080071ac                OSTaskDelHook
 .text.OSTaskReturnHook
                0x080071d0       0x24 ./uCOS-III/Ports/ARM-Cortex-M/ARMv7-M/GNU/os_cpu_c.o
                0x080071d0                OSTaskReturnHook
 .text.OSTaskStkInit
                0x080071f4      0x118 ./uCOS-III/Ports/ARM-Cortex-M/ARMv7-M/GNU/os_cpu_c.o
                0x080071f4                OSTaskStkInit
 .text.OSTaskSwHook
                0x0800730c       0x90 ./uCOS-III/Ports/ARM-Cortex-M/ARMv7-M/GNU/os_cpu_c.o
                0x0800730c                OSTaskSwHook
 .text.OSTimeTickHook
                0x0800739c       0x1c ./uCOS-III/Ports/ARM-Cortex-M/ARMv7-M/GNU/os_cpu_c.o
                0x0800739c                OSTimeTickHook
 .text.OS_CPU_SysTickHandler
                0x080073b8       0x32 ./uCOS-III/Ports/ARM-Cortex-M/ARMv7-M/GNU/os_cpu_c.o
                0x080073b8                OS_CPU_SysTickHandler
 *fill*         0x080073ea        0x2 
 .text.OS_CPU_SysTickInitFreq
                0x080073ec       0x28 ./uCOS-III/Ports/ARM-Cortex-M/ARMv7-M/GNU/os_cpu_c.o
                0x080073ec                OS_CPU_SysTickInitFreq
 .text.OS_CPU_SysTickInit
                0x08007414       0x54 ./uCOS-III/Ports/ARM-Cortex-M/ARMv7-M/GNU/os_cpu_c.o
                0x08007414                OS_CPU_SysTickInit
 .text.Math_Init
                0x08007468        0xe ./uC-LIB/lib_math.o
                0x08007468                Math_Init
 *fill*         0x08007476        0x2 
 .text.Math_RandSetSeed
                0x08007478       0x34 ./uC-LIB/lib_math.o
                0x08007478                Math_RandSetSeed
 .text.Mem_Init
                0x080074ac       0x4c ./uC-LIB/lib_mem.o
                0x080074ac                Mem_Init
 .text.Mem_Clr  0x080074f8       0x1c ./uC-LIB/lib_mem.o
                0x080074f8                Mem_Clr
 .text.Mem_Set  0x08007514       0xb4 ./uC-LIB/lib_mem.o
                0x08007514                Mem_Set
 .text.Mem_SegCreate
                0x080075c8       0x46 ./uC-LIB/lib_mem.o
                0x080075c8                Mem_SegCreate
 *fill*         0x0800760e        0x2 
 .text.Mem_SegCreateCritical
                0x08007610       0x48 ./uC-LIB/lib_mem.o
 .text.CPU_Init
                0x08007658       0x14 ./uC-CPU/cpu_core.o
                0x08007658                CPU_Init
 .text.CPU_SW_Exception
                0x0800766c        0x6 ./uC-CPU/cpu_core.o
                0x0800766c                CPU_SW_Exception
 *fill*         0x08007672        0x2 
 .text.CPU_NameClr
                0x08007674       0x34 ./uC-CPU/cpu_core.o
                0x08007674                CPU_NameClr
 .text.CPU_TS_TmrFreqSet
                0x080076a8       0x1c ./uC-CPU/cpu_core.o
                0x080076a8                CPU_TS_TmrFreqSet
 .text.CPU_IntDisMeasMaxCurReset
                0x080076c4       0x30 ./uC-CPU/cpu_core.o
                0x080076c4                CPU_IntDisMeasMaxCurReset
 .text.CPU_IntDisMeasMaxCurGet
                0x080076f4       0x34 ./uC-CPU/cpu_core.o
                0x080076f4                CPU_IntDisMeasMaxCurGet
 .text.CPU_IntDisMeasMaxGet
                0x08007728       0x34 ./uC-CPU/cpu_core.o
                0x08007728                CPU_IntDisMeasMaxGet
 .text.CPU_IntDisMeasStart
                0x0800775c       0x40 ./uC-CPU/cpu_core.o
                0x0800775c                CPU_IntDisMeasStart
 .text.CPU_IntDisMeasStop
                0x0800779c       0x6c ./uC-CPU/cpu_core.o
                0x0800779c                CPU_IntDisMeasStop
 .text.CPU_StatReset
                0x08007808       0x18 ./uC-CPU/cpu_core.o
                0x08007808                CPU_StatReset
 .text.CPU_NameInit
                0x08007820        0xc ./uC-CPU/cpu_core.o
 .text.CPU_TS_Init
                0x0800782c       0x18 ./uC-CPU/cpu_core.o
 .text.CPU_IntDisMeasInit
                0x08007844       0xa4 ./uC-CPU/cpu_core.o
 .text.CPU_IntDisMeasMaxCalc
                0x080078e8       0x38 ./uC-CPU/cpu_core.o
 .text.HAL_Init
                0x08007920       0x2c ./hallib/Src/stm32f7xx_hal.o
                0x08007920                HAL_Init
 .text.HAL_Delay
                0x0800794c       0x2c ./hallib/Src/stm32f7xx_hal.o
                0x0800794c                HAL_Delay
 .text.HAL_ADC_Init
                0x08007978       0x88 ./hallib/Src/stm32f7xx_hal_adc.o
                0x08007978                HAL_ADC_Init
 .text.HAL_ADC_Start_DMA
                0x08007a00      0x1a0 ./hallib/Src/stm32f7xx_hal_adc.o
                0x08007a00                HAL_ADC_Start_DMA
 .text.HAL_ADC_ConvHalfCpltCallback
                0x08007ba0       0x12 ./hallib/Src/stm32f7xx_hal_adc.o
                0x08007ba0                HAL_ADC_ConvHalfCpltCallback
 .text.HAL_ADC_ErrorCallback
                0x08007bb2       0x12 ./hallib/Src/stm32f7xx_hal_adc.o
                0x08007bb2                HAL_ADC_ErrorCallback
 .text.HAL_ADC_ConfigChannel
                0x08007bc4      0x26c ./hallib/Src/stm32f7xx_hal_adc.o
                0x08007bc4                HAL_ADC_ConfigChannel
 .text.ADC_Init
                0x08007e30      0x204 ./hallib/Src/stm32f7xx_hal_adc.o
 .text.ADC_DMAConvCplt
                0x08008034       0xa6 ./hallib/Src/stm32f7xx_hal_adc.o
 .text.ADC_DMAHalfConvCplt
                0x080080da       0x1c ./hallib/Src/stm32f7xx_hal_adc.o
 .text.ADC_DMAError
                0x080080f6       0x2e ./hallib/Src/stm32f7xx_hal_adc.o
 .text.NVIC_SetPriorityGrouping
                0x08008124       0x48 ./hallib/Src/stm32f7xx_hal_cortex.o
 .text.NVIC_GetPriorityGrouping
                0x0800816c       0x1c ./hallib/Src/stm32f7xx_hal_cortex.o
 .text.NVIC_EnableIRQ
                0x08008188       0x30 ./hallib/Src/stm32f7xx_hal_cortex.o
 .text.NVIC_SetPriority
                0x080081b8       0x54 ./hallib/Src/stm32f7xx_hal_cortex.o
 .text.NVIC_EncodePriority
                0x0800820c       0x60 ./hallib/Src/stm32f7xx_hal_cortex.o
 .text.HAL_NVIC_SetPriorityGrouping
                0x0800826c       0x16 ./hallib/Src/stm32f7xx_hal_cortex.o
                0x0800826c                HAL_NVIC_SetPriorityGrouping
 .text.HAL_NVIC_SetPriority
                0x08008282       0x38 ./hallib/Src/stm32f7xx_hal_cortex.o
                0x08008282                HAL_NVIC_SetPriority
 .text.HAL_NVIC_EnableIRQ
                0x080082ba       0x1c ./hallib/Src/stm32f7xx_hal_cortex.o
                0x080082ba                HAL_NVIC_EnableIRQ
 *fill*         0x080082d6        0x2 
 .text.HAL_DMA_Init
                0x080082d8      0x15c ./hallib/Src/stm32f7xx_hal_dma.o
                0x080082d8                HAL_DMA_Init
 .text.HAL_DMA_Start_IT
                0x08008434       0xc0 ./hallib/Src/stm32f7xx_hal_dma.o
                0x08008434                HAL_DMA_Start_IT
 .text.HAL_DMA_IRQHandler
                0x080084f4      0x320 ./hallib/Src/stm32f7xx_hal_dma.o
                0x080084f4                HAL_DMA_IRQHandler
 .text.DMA_SetConfig
                0x08008814       0x5a ./hallib/Src/stm32f7xx_hal_dma.o
 *fill*         0x0800886e        0x2 
 .text.DMA_CalcBaseAndBitshift
                0x08008870       0x68 ./hallib/Src/stm32f7xx_hal_dma.o
 .text.DMA_CheckFifoParam
                0x080088d8       0xf4 ./hallib/Src/stm32f7xx_hal_dma.o
 .text.HAL_GPIO_Init
                0x080089cc      0x354 ./hallib/Src/stm32f7xx_hal_gpio.o
                0x080089cc                HAL_GPIO_Init
 .text.HAL_GPIO_ReadPin
                0x08008d20       0x2e ./hallib/Src/stm32f7xx_hal_gpio.o
                0x08008d20                HAL_GPIO_ReadPin
 .text.HAL_GPIO_WritePin
                0x08008d4e       0x30 ./hallib/Src/stm32f7xx_hal_gpio.o
                0x08008d4e                HAL_GPIO_WritePin
 *fill*         0x08008d7e        0x2 
 .text.HAL_LTDC_Init
                0x08008d80      0x1b8 ./hallib/Src/stm32f7xx_hal_ltdc.o
                0x08008d80                HAL_LTDC_Init
 .text.HAL_LTDC_ConfigLayer
                0x08008f38       0x7c ./hallib/Src/stm32f7xx_hal_ltdc.o
                0x08008f38                HAL_LTDC_ConfigLayer
 .text.HAL_LTDC_SetWindowSize
                0x08008fb4       0x98 ./hallib/Src/stm32f7xx_hal_ltdc.o
                0x08008fb4                HAL_LTDC_SetWindowSize
 .text.HAL_LTDC_SetWindowPosition
                0x0800904c       0x8c ./hallib/Src/stm32f7xx_hal_ltdc.o
                0x0800904c                HAL_LTDC_SetWindowPosition
 .text.LTDC_SetConfig
                0x080090d8      0x34c ./hallib/Src/stm32f7xx_hal_ltdc.o
 .text.HAL_PWREx_EnableOverDrive
                0x08009424       0xa0 ./hallib/Src/stm32f7xx_hal_pwr_ex.o
                0x08009424                HAL_PWREx_EnableOverDrive
 .text.HAL_RCC_OscConfig
                0x080094c4      0x56c ./hallib/Src/stm32f7xx_hal_rcc.o
                0x080094c4                HAL_RCC_OscConfig
 .text.HAL_RCC_ClockConfig
                0x08009a30      0x1fc ./hallib/Src/stm32f7xx_hal_rcc.o
                0x08009a30                HAL_RCC_ClockConfig
 .text.HAL_RCC_GetSysClockFreq
                0x08009c2c       0xfc ./hallib/Src/stm32f7xx_hal_rcc.o
                0x08009c2c                HAL_RCC_GetSysClockFreq
 .text.HAL_RCC_GetHCLKFreq
                0x08009d28       0x14 ./hallib/Src/stm32f7xx_hal_rcc.o
                0x08009d28                HAL_RCC_GetHCLKFreq
 .text.HAL_RCC_GetPCLK1Freq
                0x08009d3c       0x44 ./hallib/Src/stm32f7xx_hal_rcc.o
                0x08009d3c                HAL_RCC_GetPCLK1Freq
 .text.HAL_RCC_GetPCLK2Freq
                0x08009d80       0x44 ./hallib/Src/stm32f7xx_hal_rcc.o
                0x08009d80                HAL_RCC_GetPCLK2Freq
 .text.HAL_RCCEx_PeriphCLKConfig
                0x08009dc4      0xe8c ./hallib/Src/stm32f7xx_hal_rcc_ex.o
                0x08009dc4                HAL_RCCEx_PeriphCLKConfig
 .text.HAL_SDRAM_Init
                0x0800ac50       0x68 ./hallib/Src/stm32f7xx_hal_sdram.o
                0x0800ac50                HAL_SDRAM_Init
 .text.HAL_SDRAM_SendCommand
                0x0800acb8       0x56 ./hallib/Src/stm32f7xx_hal_sdram.o
                0x0800acb8                HAL_SDRAM_SendCommand
 .text.HAL_SDRAM_ProgramRefreshRate
                0x0800ad0e       0x40 ./hallib/Src/stm32f7xx_hal_sdram.o
                0x0800ad0e                HAL_SDRAM_ProgramRefreshRate
 .text.HAL_TIM_Base_Init
                0x0800ad4e       0x56 ./hallib/Src/stm32f7xx_hal_tim.o
                0x0800ad4e                HAL_TIM_Base_Init
 .text.HAL_TIM_Base_Start_IT
                0x0800ada4       0x34 ./hallib/Src/stm32f7xx_hal_tim.o
                0x0800ada4                HAL_TIM_Base_Start_IT
 .text.HAL_TIM_PWM_Init
                0x0800add8       0x56 ./hallib/Src/stm32f7xx_hal_tim.o
                0x0800add8                HAL_TIM_PWM_Init
 *fill*         0x0800ae2e        0x2 
 .text.HAL_TIM_PWM_Start
                0x0800ae30       0x68 ./hallib/Src/stm32f7xx_hal_tim.o
                0x0800ae30                HAL_TIM_PWM_Start
 .text.HAL_TIM_IC_Init
                0x0800ae98       0x56 ./hallib/Src/stm32f7xx_hal_tim.o
                0x0800ae98                HAL_TIM_IC_Init
 *fill*         0x0800aeee        0x2 
 .text.HAL_TIM_IC_Start_IT
                0x0800aef0       0xc0 ./hallib/Src/stm32f7xx_hal_tim.o
                0x0800aef0                HAL_TIM_IC_Start_IT
 .text.HAL_TIM_IRQHandler
                0x0800afb0      0x23e ./hallib/Src/stm32f7xx_hal_tim.o
                0x0800afb0                HAL_TIM_IRQHandler
 .text.HAL_TIM_IC_ConfigChannel
                0x0800b1ee      0x138 ./hallib/Src/stm32f7xx_hal_tim.o
                0x0800b1ee                HAL_TIM_IC_ConfigChannel
 *fill*         0x0800b326        0x2 
 .text.HAL_TIM_ReadCapturedValue
                0x0800b328       0xa4 ./hallib/Src/stm32f7xx_hal_tim.o
                0x0800b328                HAL_TIM_ReadCapturedValue
 .text.HAL_TIM_OC_DelayElapsedCallback
                0x0800b3cc       0x12 ./hallib/Src/stm32f7xx_hal_tim.o
                0x0800b3cc                HAL_TIM_OC_DelayElapsedCallback
 .text.HAL_TIM_PWM_PulseFinishedCallback
                0x0800b3de       0x12 ./hallib/Src/stm32f7xx_hal_tim.o
                0x0800b3de                HAL_TIM_PWM_PulseFinishedCallback
 .text.HAL_TIM_TriggerCallback
                0x0800b3f0       0x12 ./hallib/Src/stm32f7xx_hal_tim.o
                0x0800b3f0                HAL_TIM_TriggerCallback
 *fill*         0x0800b402        0x2 
 .text.TIM_Base_SetConfig
                0x0800b404      0x160 ./hallib/Src/stm32f7xx_hal_tim.o
                0x0800b404                TIM_Base_SetConfig
 .text.TIM_OC1_SetConfig
                0x0800b564       0xe8 ./hallib/Src/stm32f7xx_hal_tim.o
                0x0800b564                TIM_OC1_SetConfig
 .text.TIM_OC2_SetConfig
                0x0800b64c       0xf4 ./hallib/Src/stm32f7xx_hal_tim.o
                0x0800b64c                TIM_OC2_SetConfig
 .text.TIM_OC3_SetConfig
                0x0800b740       0xf0 ./hallib/Src/stm32f7xx_hal_tim.o
                0x0800b740                TIM_OC3_SetConfig
 .text.TIM_OC4_SetConfig
                0x0800b830       0xc4 ./hallib/Src/stm32f7xx_hal_tim.o
                0x0800b830                TIM_OC4_SetConfig
 .text.TIM_TI1_SetConfig
                0x0800b8f4       0xec ./hallib/Src/stm32f7xx_hal_tim.o
                0x0800b8f4                TIM_TI1_SetConfig
 .text.TIM_TI2_SetConfig
                0x0800b9e0       0x80 ./hallib/Src/stm32f7xx_hal_tim.o
 .text.TIM_TI3_SetConfig
                0x0800ba60       0x7e ./hallib/Src/stm32f7xx_hal_tim.o
 .text.TIM_TI4_SetConfig
                0x0800bade       0x80 ./hallib/Src/stm32f7xx_hal_tim.o
 .text.TIM_CCxChannelCmd
                0x0800bb5e       0x44 ./hallib/Src/stm32f7xx_hal_tim.o
                0x0800bb5e                TIM_CCxChannelCmd
 *fill*         0x0800bba2        0x2 
 .text.HAL_TIMEx_MasterConfigSynchronization
                0x0800bba4       0xa8 ./hallib/Src/stm32f7xx_hal_tim_ex.o
                0x0800bba4                HAL_TIMEx_MasterConfigSynchronization
 .text.HAL_TIMEx_CommutationCallback
                0x0800bc4c       0x12 ./hallib/Src/stm32f7xx_hal_tim_ex.o
                0x0800bc4c                HAL_TIMEx_CommutationCallback
 .text.HAL_TIMEx_BreakCallback
                0x0800bc5e       0x12 ./hallib/Src/stm32f7xx_hal_tim_ex.o
                0x0800bc5e                HAL_TIMEx_BreakCallback
 .text.HAL_TIM_PWM_ConfigChannel
                0x0800bc70      0x230 ./hallib/Src/stm32f7xx_hal_tim_ex.o
                0x0800bc70                HAL_TIM_PWM_ConfigChannel
 .text.TIM_OC5_SetConfig
                0x0800bea0       0xb0 ./hallib/Src/stm32f7xx_hal_tim_ex.o
 .text.TIM_OC6_SetConfig
                0x0800bf50       0xb0 ./hallib/Src/stm32f7xx_hal_tim_ex.o
 .text.HAL_UART_Init
                0x0800c000       0xa2 ./hallib/Src/stm32f7xx_hal_uart.o
                0x0800c000                HAL_UART_Init
 .text.HAL_UART_Transmit
                0x0800c0a2      0x116 ./hallib/Src/stm32f7xx_hal_uart.o
                0x0800c0a2                HAL_UART_Transmit
 .text.UART_WaitOnFlagUntilTimeout
                0x0800c1b8       0x94 ./hallib/Src/stm32f7xx_hal_uart.o
                0x0800c1b8                UART_WaitOnFlagUntilTimeout
 .text.UART_SetConfig
                0x0800c24c      0x4dc ./hallib/Src/stm32f7xx_hal_uart.o
                0x0800c24c                UART_SetConfig
 .text.UART_AdvFeatureConfig
                0x0800c728      0x142 ./hallib/Src/stm32f7xx_hal_uart.o
                0x0800c728                UART_AdvFeatureConfig
 .text.UART_CheckIdleState
                0x0800c86a       0x66 ./hallib/Src/stm32f7xx_hal_uart.o
                0x0800c86a                UART_CheckIdleState
 .text.FMC_SDRAM_Init
                0x0800c8d0       0xe0 ./hallib/Src/stm32f7xx_ll_fmc.o
                0x0800c8d0                FMC_SDRAM_Init
 .text.FMC_SDRAM_Timing_Init
                0x0800c9b0       0xfc ./hallib/Src/stm32f7xx_ll_fmc.o
                0x0800c9b0                FMC_SDRAM_Timing_Init
 .text.FMC_SDRAM_SendCommand
                0x0800caac       0x78 ./hallib/Src/stm32f7xx_ll_fmc.o
                0x0800caac                FMC_SDRAM_SendCommand
 .text.FMC_SDRAM_ProgramRefreshRate
                0x0800cb24       0x24 ./hallib/Src/stm32f7xx_ll_fmc.o
                0x0800cb24                FMC_SDRAM_ProgramRefreshRate
 .text.HAL_MspInit
                0x0800cb48        0xc ./hallib/stm32f7xx_hal_msp.o
                0x0800cb48                HAL_MspInit
 .text.Reset_Handler
                0x0800cb54       0x50 ./core/startup_stm32f767xx.o
                0x0800cb54                Reset_Handler
 .text.Default_Handler
                0x0800cba4        0x2 ./core/startup_stm32f767xx.o
                0x0800cba4                RTC_Alarm_IRQHandler
                0x0800cba4                EXTI2_IRQHandler
                0x0800cba4                TIM8_CC_IRQHandler
                0x0800cba4                DebugMon_Handler
                0x0800cba4                UART8_IRQHandler
                0x0800cba4                SPI4_IRQHandler
                0x0800cba4                TIM1_CC_IRQHandler
                0x0800cba4                DMA2_Stream5_IRQHandler
                0x0800cba4                HardFault_Handler
                0x0800cba4                JPEG_IRQHandler
                0x0800cba4                DMA1_Stream5_IRQHandler
                0x0800cba4                SysTick_Handler
                0x0800cba4                CAN3_RX1_IRQHandler
                0x0800cba4                PVD_IRQHandler
                0x0800cba4                TAMP_STAMP_IRQHandler
                0x0800cba4                PendSV_Handler
                0x0800cba4                NMI_Handler
                0x0800cba4                CAN2_RX1_IRQHandler
                0x0800cba4                EXTI3_IRQHandler
                0x0800cba4                TIM8_TRG_COM_TIM14_IRQHandler
                0x0800cba4                DFSDM1_FLT1_IRQHandler
                0x0800cba4                TIM1_UP_TIM10_IRQHandler
                0x0800cba4                TIM8_UP_TIM13_IRQHandler
                0x0800cba4                I2C3_ER_IRQHandler
                0x0800cba4                DFSDM1_FLT2_IRQHandler
                0x0800cba4                EXTI0_IRQHandler
                0x0800cba4                I2C2_EV_IRQHandler
                0x0800cba4                DMA1_Stream2_IRQHandler
                0x0800cba4                CAN1_RX0_IRQHandler
                0x0800cba4                FPU_IRQHandler
                0x0800cba4                OTG_HS_WKUP_IRQHandler
                0x0800cba4                CAN3_SCE_IRQHandler
                0x0800cba4                UsageFault_Handler
                0x0800cba4                LTDC_ER_IRQHandler
                0x0800cba4                CAN2_SCE_IRQHandler
                0x0800cba4                DMA2_Stream2_IRQHandler
                0x0800cba4                SPI1_IRQHandler
                0x0800cba4                TIM6_DAC_IRQHandler
                0x0800cba4                TIM1_BRK_TIM9_IRQHandler
                0x0800cba4                DCMI_IRQHandler
                0x0800cba4                CAN2_RX0_IRQHandler
                0x0800cba4                DMA2_Stream3_IRQHandler
                0x0800cba4                SAI2_IRQHandler
                0x0800cba4                DFSDM1_FLT3_IRQHandler
                0x0800cba4                USART6_IRQHandler
                0x0800cba4                CAN3_RX0_IRQHandler
                0x0800cba4                USART3_IRQHandler
                0x0800cba4                CAN1_RX1_IRQHandler
                0x0800cba4                UART5_IRQHandler
                0x0800cba4                TIM4_IRQHandler
                0x0800cba4                QUADSPI_IRQHandler
                0x0800cba4                I2C1_EV_IRQHandler
                0x0800cba4                DMA1_Stream6_IRQHandler
                0x0800cba4                DMA1_Stream1_IRQHandler
                0x0800cba4                UART4_IRQHandler
                0x0800cba4                RCC_IRQHandler
                0x0800cba4                TIM8_BRK_TIM12_IRQHandler
                0x0800cba4                Default_Handler
                0x0800cba4                CEC_IRQHandler
                0x0800cba4                EXTI15_10_IRQHandler
                0x0800cba4                ADC_IRQHandler
                0x0800cba4                DMA1_Stream7_IRQHandler
                0x0800cba4                SPI5_IRQHandler
                0x0800cba4                TIM7_IRQHandler
                0x0800cba4                SDMMC1_IRQHandler
                0x0800cba4                CAN2_TX_IRQHandler
                0x0800cba4                DMA2_Stream7_IRQHandler
                0x0800cba4                I2C3_EV_IRQHandler
                0x0800cba4                RTC_WKUP_IRQHandler
                0x0800cba4                LTDC_IRQHandler
                0x0800cba4                ETH_WKUP_IRQHandler
                0x0800cba4                SPDIF_RX_IRQHandler
                0x0800cba4                SPI2_IRQHandler
                0x0800cba4                OTG_HS_EP1_IN_IRQHandler
                0x0800cba4                MemManage_Handler
                0x0800cba4                DMA1_Stream0_IRQHandler
                0x0800cba4                CAN1_TX_IRQHandler
                0x0800cba4                SVC_Handler
                0x0800cba4                EXTI4_IRQHandler
                0x0800cba4                RNG_IRQHandler
                0x0800cba4                ETH_IRQHandler
                0x0800cba4                OTG_HS_EP1_OUT_IRQHandler
                0x0800cba4                WWDG_IRQHandler
                0x0800cba4                SPI6_IRQHandler
                0x0800cba4                MDIOS_IRQHandler
                0x0800cba4                I2C4_EV_IRQHandler
                0x0800cba4                CAN3_TX_IRQHandler
                0x0800cba4                OTG_FS_WKUP_IRQHandler
                0x0800cba4                TIM1_TRG_COM_TIM11_IRQHandler
                0x0800cba4                OTG_HS_IRQHandler
                0x0800cba4                DMA2D_IRQHandler
                0x0800cba4                EXTI1_IRQHandler
                0x0800cba4                SDMMC2_IRQHandler
                0x0800cba4                UART7_IRQHandler
                0x0800cba4                USART2_IRQHandler
                0x0800cba4                DFSDM1_FLT0_IRQHandler
                0x0800cba4                I2C2_ER_IRQHandler
                0x0800cba4                DMA2_Stream1_IRQHandler
                0x0800cba4                CAN1_SCE_IRQHandler
                0x0800cba4                FLASH_IRQHandler
                0x0800cba4                DMA2_Stream4_IRQHandler
                0x0800cba4                BusFault_Handler
                0x0800cba4                USART1_IRQHandler
                0x0800cba4                OTG_FS_IRQHandler
                0x0800cba4                SPI3_IRQHandler
                0x0800cba4                DMA1_Stream4_IRQHandler
                0x0800cba4                I2C1_ER_IRQHandler
                0x0800cba4                FMC_IRQHandler
                0x0800cba4                LPTIM1_IRQHandler
                0x0800cba4                I2C4_ER_IRQHandler
                0x0800cba4                DMA2_Stream6_IRQHandler
                0x0800cba4                SAI1_IRQHandler
                0x0800cba4                DMA1_Stream3_IRQHandler
 *fill*         0x0800cba6        0x2 
 .text.SystemInit
                0x0800cba8       0x5c ./core/system_stm32f7xx.o
                0x0800cba8                SystemInit
 .text.__libc_init_array
                0x0800cc04       0x50 c:/program files (x86)/gnu tools arm embedded/6 2017-q1-update/bin/../lib/gcc/arm-none-eabi/6.3.1/../../../../arm-none-eabi/lib/thumb/v7e-m\libg.a(lib_a-init.o)
                0x0800cc04                __libc_init_array
 .text.memset   0x0800cc54       0x9c c:/program files (x86)/gnu tools arm embedded/6 2017-q1-update/bin/../lib/gcc/arm-none-eabi/6.3.1/../../../../arm-none-eabi/lib/thumb/v7e-m\libg.a(lib_a-memset.o)
                0x0800cc54                memset
 .text.printf   0x0800ccf0       0x28 c:/program files (x86)/gnu tools arm embedded/6 2017-q1-update/bin/../lib/gcc/arm-none-eabi/6.3.1/../../../../arm-none-eabi/lib/thumb/v7e-m\libg.a(lib_a-printf.o)
                0x0800ccf0                printf
 .text._puts_r  0x0800cd18       0x9c c:/program files (x86)/gnu tools arm embedded/6 2017-q1-update/bin/../lib/gcc/arm-none-eabi/6.3.1/../../../../arm-none-eabi/lib/thumb/v7e-m\libg.a(lib_a-puts.o)
                0x0800cd18                _puts_r
 .text.puts     0x0800cdb4       0x10 c:/program files (x86)/gnu tools arm embedded/6 2017-q1-update/bin/../lib/gcc/arm-none-eabi/6.3.1/../../../../arm-none-eabi/lib/thumb/v7e-m\libg.a(lib_a-puts.o)
                0x0800cdb4                puts
 .text.sprintf  0x0800cdc4       0x4c c:/program files (x86)/gnu tools arm embedded/6 2017-q1-update/bin/../lib/gcc/arm-none-eabi/6.3.1/../../../../arm-none-eabi/lib/thumb/v7e-m\libg.a(lib_a-sprintf.o)
                0x0800cdc4                sprintf
 .text._svfprintf_r
                0x0800ce10     0x144c c:/program files (x86)/gnu tools arm embedded/6 2017-q1-update/bin/../lib/gcc/arm-none-eabi/6.3.1/../../../../arm-none-eabi/lib/thumb/v7e-m\libg.a(lib_a-svfprintf.o)
                0x0800ce10                _svfprintf_r
 .text._vfprintf_r
                0x0800e25c     0x154c c:/program files (x86)/gnu tools arm embedded/6 2017-q1-update/bin/../lib/gcc/arm-none-eabi/6.3.1/../../../../arm-none-eabi/lib/thumb/v7e-m\libg.a(lib_a-vfprintf.o)
                0x0800e25c                _vfprintf_r
 .text.__sbprintf
                0x0800f7a8       0x84 c:/program files (x86)/gnu tools arm embedded/6 2017-q1-update/bin/../lib/gcc/arm-none-eabi/6.3.1/../../../../arm-none-eabi/lib/thumb/v7e-m\libg.a(lib_a-vfprintf.o)
 .text.__swsetup_r
                0x0800f82c       0xc8 c:/program files (x86)/gnu tools arm embedded/6 2017-q1-update/bin/../lib/gcc/arm-none-eabi/6.3.1/../../../../arm-none-eabi/lib/thumb/v7e-m\libg.a(lib_a-wsetup.o)
                0x0800f82c                __swsetup_r
 .text.startup.register_fini
                0x0800f8f4       0x14 c:/program files (x86)/gnu tools arm embedded/6 2017-q1-update/bin/../lib/gcc/arm-none-eabi/6.3.1/../../../../arm-none-eabi/lib/thumb/v7e-m\libg.a(lib_a-__call_atexit.o)
 .text.atexit   0x0800f908        0xc c:/program files (x86)/gnu tools arm embedded/6 2017-q1-update/bin/../lib/gcc/arm-none-eabi/6.3.1/../../../../arm-none-eabi/lib/thumb/v7e-m\libg.a(lib_a-atexit.o)
                0x0800f908                atexit
 .text.quorem   0x0800f914      0x128 c:/program files (x86)/gnu tools arm embedded/6 2017-q1-update/bin/../lib/gcc/arm-none-eabi/6.3.1/../../../../arm-none-eabi/lib/thumb/v7e-m\libg.a(lib_a-dtoa.o)
 *fill*         0x0800fa3c        0x4 
 .text._dtoa_r  0x0800fa40      0xe54 c:/program files (x86)/gnu tools arm embedded/6 2017-q1-update/bin/../lib/gcc/arm-none-eabi/6.3.1/../../../../arm-none-eabi/lib/thumb/v7e-m\libg.a(lib_a-dtoa.o)
                0x0800fa40                _dtoa_r
 .text.__sflush_r
                0x08010894      0x140 c:/program files (x86)/gnu tools arm embedded/6 2017-q1-update/bin/../lib/gcc/arm-none-eabi/6.3.1/../../../../arm-none-eabi/lib/thumb/v7e-m\libg.a(lib_a-fflush.o)
                0x08010894                __sflush_r
 .text._fflush_r
                0x080109d4       0x54 c:/program files (x86)/gnu tools arm embedded/6 2017-q1-update/bin/../lib/gcc/arm-none-eabi/6.3.1/../../../../arm-none-eabi/lib/thumb/v7e-m\libg.a(lib_a-fflush.o)
                0x080109d4                _fflush_r
 .text._cleanup_r
                0x08010a28        0xc c:/program files (x86)/gnu tools arm embedded/6 2017-q1-update/bin/../lib/gcc/arm-none-eabi/6.3.1/../../../../arm-none-eabi/lib/thumb/v7e-m\libg.a(lib_a-findfp.o)
                0x08010a28                _cleanup_r
 .text.std.isra.0
                0x08010a34       0x50 c:/program files (x86)/gnu tools arm embedded/6 2017-q1-update/bin/../lib/gcc/arm-none-eabi/6.3.1/../../../../arm-none-eabi/lib/thumb/v7e-m\libg.a(lib_a-findfp.o)
 .text.__sinit  0x08010a84       0x58 c:/program files (x86)/gnu tools arm embedded/6 2017-q1-update/bin/../lib/gcc/arm-none-eabi/6.3.1/../../../../arm-none-eabi/lib/thumb/v7e-m\libg.a(lib_a-findfp.o)
                0x08010a84                __sinit
 .text.__sfp_lock_acquire
                0x08010adc        0xc c:/program files (x86)/gnu tools arm embedded/6 2017-q1-update/bin/../lib/gcc/arm-none-eabi/6.3.1/../../../../arm-none-eabi/lib/thumb/v7e-m\libg.a(lib_a-findfp.o)
                0x08010adc                __sfp_lock_acquire
 .text.__sfp_lock_release
                0x08010ae8        0xc c:/program files (x86)/gnu tools arm embedded/6 2017-q1-update/bin/../lib/gcc/arm-none-eabi/6.3.1/../../../../arm-none-eabi/lib/thumb/v7e-m\libg.a(lib_a-findfp.o)
                0x08010ae8                __sfp_lock_release
 .text.__libc_fini_array
                0x08010af4       0x34 c:/program files (x86)/gnu tools arm embedded/6 2017-q1-update/bin/../lib/gcc/arm-none-eabi/6.3.1/../../../../arm-none-eabi/lib/thumb/v7e-m\libg.a(lib_a-fini.o)
                0x08010af4                __libc_fini_array
 .text._malloc_trim_r
                0x08010b28       0xa0 c:/program files (x86)/gnu tools arm embedded/6 2017-q1-update/bin/../lib/gcc/arm-none-eabi/6.3.1/../../../../arm-none-eabi/lib/thumb/v7e-m\libg.a(lib_a-freer.o)
                0x08010b28                _malloc_trim_r
 .text._free_r  0x08010bc8      0x1cc c:/program files (x86)/gnu tools arm embedded/6 2017-q1-update/bin/../lib/gcc/arm-none-eabi/6.3.1/../../../../arm-none-eabi/lib/thumb/v7e-m\libg.a(lib_a-freer.o)
                0x08010bc8                _free_r
 .text.__sfvwrite_r
                0x08010d94      0x2f0 c:/program files (x86)/gnu tools arm embedded/6 2017-q1-update/bin/../lib/gcc/arm-none-eabi/6.3.1/../../../../arm-none-eabi/lib/thumb/v7e-m\libg.a(lib_a-fvwrite.o)
                0x08010d94                __sfvwrite_r
 .text._fwalk_reent
                0x08011084       0x54 c:/program files (x86)/gnu tools arm embedded/6 2017-q1-update/bin/../lib/gcc/arm-none-eabi/6.3.1/../../../../arm-none-eabi/lib/thumb/v7e-m\libg.a(lib_a-fwalk.o)
                0x08011084                _fwalk_reent
 .text._localeconv_r
                0x080110d8       0x1c c:/program files (x86)/gnu tools arm embedded/6 2017-q1-update/bin/../lib/gcc/arm-none-eabi/6.3.1/../../../../arm-none-eabi/lib/thumb/v7e-m\libg.a(lib_a-localeconv.o)
                0x080110d8                _localeconv_r
 .text.__retarget_lock_init_recursive
                0x080110f4        0x4 c:/program files (x86)/gnu tools arm embedded/6 2017-q1-update/bin/../lib/gcc/arm-none-eabi/6.3.1/../../../../arm-none-eabi/lib/thumb/v7e-m\libg.a(lib_a-lock.o)
                0x080110f4                __retarget_lock_init_recursive
 .text.__retarget_lock_close_recursive
                0x080110f8        0x4 c:/program files (x86)/gnu tools arm embedded/6 2017-q1-update/bin/../lib/gcc/arm-none-eabi/6.3.1/../../../../arm-none-eabi/lib/thumb/v7e-m\libg.a(lib_a-lock.o)
                0x080110f8                __retarget_lock_close_recursive
 .text.__retarget_lock_acquire_recursive
                0x080110fc        0x4 c:/program files (x86)/gnu tools arm embedded/6 2017-q1-update/bin/../lib/gcc/arm-none-eabi/6.3.1/../../../../arm-none-eabi/lib/thumb/v7e-m\libg.a(lib_a-lock.o)
                0x080110fc                __retarget_lock_acquire_recursive
 .text.__retarget_lock_release_recursive
                0x08011100        0x4 c:/program files (x86)/gnu tools arm embedded/6 2017-q1-update/bin/../lib/gcc/arm-none-eabi/6.3.1/../../../../arm-none-eabi/lib/thumb/v7e-m\libg.a(lib_a-lock.o)
                0x08011100                __retarget_lock_release_recursive
 .text.__swhatbuf_r
                0x08011104       0x5c c:/program files (x86)/gnu tools arm embedded/6 2017-q1-update/bin/../lib/gcc/arm-none-eabi/6.3.1/../../../../arm-none-eabi/lib/thumb/v7e-m\libg.a(lib_a-makebuf.o)
                0x08011104                __swhatbuf_r
 .text.__smakebuf_r
                0x08011160       0x94 c:/program files (x86)/gnu tools arm embedded/6 2017-q1-update/bin/../lib/gcc/arm-none-eabi/6.3.1/../../../../arm-none-eabi/lib/thumb/v7e-m\libg.a(lib_a-makebuf.o)
                0x08011160                __smakebuf_r
 .text._malloc_r
                0x080111f4      0x560 c:/program files (x86)/gnu tools arm embedded/6 2017-q1-update/bin/../lib/gcc/arm-none-eabi/6.3.1/../../../../arm-none-eabi/lib/thumb/v7e-m\libg.a(lib_a-mallocr.o)
                0x080111f4                _malloc_r
 .text.memmove  0x08011754       0xc8 c:/program files (x86)/gnu tools arm embedded/6 2017-q1-update/bin/../lib/gcc/arm-none-eabi/6.3.1/../../../../arm-none-eabi/lib/thumb/v7e-m\libg.a(lib_a-memmove.o)
                0x08011754                memmove
 .text.__malloc_lock
                0x0801181c        0xc c:/program files (x86)/gnu tools arm embedded/6 2017-q1-update/bin/../lib/gcc/arm-none-eabi/6.3.1/../../../../arm-none-eabi/lib/thumb/v7e-m\libg.a(lib_a-mlock.o)
                0x0801181c                __malloc_lock
 .text.__malloc_unlock
                0x08011828        0xc c:/program files (x86)/gnu tools arm embedded/6 2017-q1-update/bin/../lib/gcc/arm-none-eabi/6.3.1/../../../../arm-none-eabi/lib/thumb/v7e-m\libg.a(lib_a-mlock.o)
                0x08011828                __malloc_unlock
 .text._Balloc  0x08011834       0x4c c:/program files (x86)/gnu tools arm embedded/6 2017-q1-update/bin/../lib/gcc/arm-none-eabi/6.3.1/../../../../arm-none-eabi/lib/thumb/v7e-m\libg.a(lib_a-mprec.o)
                0x08011834                _Balloc
 .text._Bfree   0x08011880       0x14 c:/program files (x86)/gnu tools arm embedded/6 2017-q1-update/bin/../lib/gcc/arm-none-eabi/6.3.1/../../../../arm-none-eabi/lib/thumb/v7e-m\libg.a(lib_a-mprec.o)
                0x08011880                _Bfree
 .text.__multadd
                0x08011894       0x80 c:/program files (x86)/gnu tools arm embedded/6 2017-q1-update/bin/../lib/gcc/arm-none-eabi/6.3.1/../../../../arm-none-eabi/lib/thumb/v7e-m\libg.a(lib_a-mprec.o)
                0x08011894                __multadd
 .text.__hi0bits
                0x08011914       0x40 c:/program files (x86)/gnu tools arm embedded/6 2017-q1-update/bin/../lib/gcc/arm-none-eabi/6.3.1/../../../../arm-none-eabi/lib/thumb/v7e-m\libg.a(lib_a-mprec.o)
                0x08011914                __hi0bits
 .text.__lo0bits
                0x08011954       0x60 c:/program files (x86)/gnu tools arm embedded/6 2017-q1-update/bin/../lib/gcc/arm-none-eabi/6.3.1/../../../../arm-none-eabi/lib/thumb/v7e-m\libg.a(lib_a-mprec.o)
                0x08011954                __lo0bits
 .text.__i2b    0x080119b4       0x14 c:/program files (x86)/gnu tools arm embedded/6 2017-q1-update/bin/../lib/gcc/arm-none-eabi/6.3.1/../../../../arm-none-eabi/lib/thumb/v7e-m\libg.a(lib_a-mprec.o)
                0x080119b4                __i2b
 .text.__multiply
                0x080119c8      0x124 c:/program files (x86)/gnu tools arm embedded/6 2017-q1-update/bin/../lib/gcc/arm-none-eabi/6.3.1/../../../../arm-none-eabi/lib/thumb/v7e-m\libg.a(lib_a-mprec.o)
                0x080119c8                __multiply
 .text.__pow5mult
                0x08011aec       0xa0 c:/program files (x86)/gnu tools arm embedded/6 2017-q1-update/bin/../lib/gcc/arm-none-eabi/6.3.1/../../../../arm-none-eabi/lib/thumb/v7e-m\libg.a(lib_a-mprec.o)
                0x08011aec                __pow5mult
 .text.__lshift
                0x08011b8c       0xa4 c:/program files (x86)/gnu tools arm embedded/6 2017-q1-update/bin/../lib/gcc/arm-none-eabi/6.3.1/../../../../arm-none-eabi/lib/thumb/v7e-m\libg.a(lib_a-mprec.o)
                0x08011b8c                __lshift
 .text.__mcmp   0x08011c30       0x38 c:/program files (x86)/gnu tools arm embedded/6 2017-q1-update/bin/../lib/gcc/arm-none-eabi/6.3.1/../../../../arm-none-eabi/lib/thumb/v7e-m\libg.a(lib_a-mprec.o)
                0x08011c30                __mcmp
 .text.__mdiff  0x08011c68      0x108 c:/program files (x86)/gnu tools arm embedded/6 2017-q1-update/bin/../lib/gcc/arm-none-eabi/6.3.1/../../../../arm-none-eabi/lib/thumb/v7e-m\libg.a(lib_a-mprec.o)
                0x08011c68                __mdiff
 .text.__d2b    0x08011d70       0xb8 c:/program files (x86)/gnu tools arm embedded/6 2017-q1-update/bin/../lib/gcc/arm-none-eabi/6.3.1/../../../../arm-none-eabi/lib/thumb/v7e-m\libg.a(lib_a-mprec.o)
                0x08011d70                __d2b
 .text._realloc_r
                0x08011e28      0x34c c:/program files (x86)/gnu tools arm embedded/6 2017-q1-update/bin/../lib/gcc/arm-none-eabi/6.3.1/../../../../arm-none-eabi/lib/thumb/v7e-m\libg.a(lib_a-reallocr.o)
                0x08011e28                _realloc_r
 .text._sbrk_r  0x08012174       0x24 c:/program files (x86)/gnu tools arm embedded/6 2017-q1-update/bin/../lib/gcc/arm-none-eabi/6.3.1/../../../../arm-none-eabi/lib/thumb/v7e-m\libg.a(lib_a-sbrkr.o)
                0x08012174                _sbrk_r
 .text.__sread  0x08012198       0x24 c:/program files (x86)/gnu tools arm embedded/6 2017-q1-update/bin/../lib/gcc/arm-none-eabi/6.3.1/../../../../arm-none-eabi/lib/thumb/v7e-m\libg.a(lib_a-stdio.o)
                0x08012198                __sread
 .text.__swrite
                0x080121bc       0x3c c:/program files (x86)/gnu tools arm embedded/6 2017-q1-update/bin/../lib/gcc/arm-none-eabi/6.3.1/../../../../arm-none-eabi/lib/thumb/v7e-m\libg.a(lib_a-stdio.o)
                0x080121bc                __swrite
 .text.__sseek  0x080121f8       0x20 c:/program files (x86)/gnu tools arm embedded/6 2017-q1-update/bin/../lib/gcc/arm-none-eabi/6.3.1/../../../../arm-none-eabi/lib/thumb/v7e-m\libg.a(lib_a-stdio.o)
                0x080121f8                __sseek
 .text.__sclose
                0x08012218        0x8 c:/program files (x86)/gnu tools arm embedded/6 2017-q1-update/bin/../lib/gcc/arm-none-eabi/6.3.1/../../../../arm-none-eabi/lib/thumb/v7e-m\libg.a(lib_a-stdio.o)
                0x08012218                __sclose
 .text.__ssprint_r
                0x08012220       0xfc c:/program files (x86)/gnu tools arm embedded/6 2017-q1-update/bin/../lib/gcc/arm-none-eabi/6.3.1/../../../../arm-none-eabi/lib/thumb/v7e-m\libg.a(lib_a-svfiprintf.o)
                0x08012220                __ssprint_r
 .text.__sprint_r.part.0
                0x0801231c       0x80 c:/program files (x86)/gnu tools arm embedded/6 2017-q1-update/bin/../lib/gcc/arm-none-eabi/6.3.1/../../../../arm-none-eabi/lib/thumb/v7e-m\libg.a(lib_a-vfiprintf.o)
 .text.__sprint_r
                0x0801239c       0x14 c:/program files (x86)/gnu tools arm embedded/6 2017-q1-update/bin/../lib/gcc/arm-none-eabi/6.3.1/../../../../arm-none-eabi/lib/thumb/v7e-m\libg.a(lib_a-vfiprintf.o)
                0x0801239c                __sprint_r
 .text._write_r
                0x080123b0       0x2c c:/program files (x86)/gnu tools arm embedded/6 2017-q1-update/bin/../lib/gcc/arm-none-eabi/6.3.1/../../../../arm-none-eabi/lib/thumb/v7e-m\libg.a(lib_a-writer.o)
                0x080123b0                _write_r
 .text.__register_exitproc
                0x080123dc       0xc4 c:/program files (x86)/gnu tools arm embedded/6 2017-q1-update/bin/../lib/gcc/arm-none-eabi/6.3.1/../../../../arm-none-eabi/lib/thumb/v7e-m\libg.a(lib_a-__atexit.o)
                0x080123dc                __register_exitproc
 .text._calloc_r
                0x080124a0       0x60 c:/program files (x86)/gnu tools arm embedded/6 2017-q1-update/bin/../lib/gcc/arm-none-eabi/6.3.1/../../../../arm-none-eabi/lib/thumb/v7e-m\libg.a(lib_a-callocr.o)
                0x080124a0                _calloc_r
 .text._close_r
                0x08012500       0x24 c:/program files (x86)/gnu tools arm embedded/6 2017-q1-update/bin/../lib/gcc/arm-none-eabi/6.3.1/../../../../arm-none-eabi/lib/thumb/v7e-m\libg.a(lib_a-closer.o)
                0x08012500                _close_r
 .text._fclose_r
                0x08012524       0xc4 c:/program files (x86)/gnu tools arm embedded/6 2017-q1-update/bin/../lib/gcc/arm-none-eabi/6.3.1/../../../../arm-none-eabi/lib/thumb/v7e-m\libg.a(lib_a-fclose.o)
                0x08012524                _fclose_r
 .text.__fputwc
                0x080125e8       0xa0 c:/program files (x86)/gnu tools arm embedded/6 2017-q1-update/bin/../lib/gcc/arm-none-eabi/6.3.1/../../../../arm-none-eabi/lib/thumb/v7e-m\libg.a(lib_a-fputwc.o)
                0x080125e8                __fputwc
 .text._fputwc_r
                0x08012688       0x68 c:/program files (x86)/gnu tools arm embedded/6 2017-q1-update/bin/../lib/gcc/arm-none-eabi/6.3.1/../../../../arm-none-eabi/lib/thumb/v7e-m\libg.a(lib_a-fputwc.o)
                0x08012688                _fputwc_r
 .text._fstat_r
                0x080126f0       0x28 c:/program files (x86)/gnu tools arm embedded/6 2017-q1-update/bin/../lib/gcc/arm-none-eabi/6.3.1/../../../../arm-none-eabi/lib/thumb/v7e-m\libg.a(lib_a-fstatr.o)
                0x080126f0                _fstat_r
 .text._isatty_r
                0x08012718       0x24 c:/program files (x86)/gnu tools arm embedded/6 2017-q1-update/bin/../lib/gcc/arm-none-eabi/6.3.1/../../../../arm-none-eabi/lib/thumb/v7e-m\libg.a(lib_a-isattyr.o)
                0x08012718                _isatty_r
 .text.__locale_mb_cur_max
                0x0801273c       0x1c c:/program files (x86)/gnu tools arm embedded/6 2017-q1-update/bin/../lib/gcc/arm-none-eabi/6.3.1/../../../../arm-none-eabi/lib/thumb/v7e-m\libg.a(lib_a-locale.o)
                0x0801273c                __locale_mb_cur_max
 .text._lseek_r
                0x08012758       0x2c c:/program files (x86)/gnu tools arm embedded/6 2017-q1-update/bin/../lib/gcc/arm-none-eabi/6.3.1/../../../../arm-none-eabi/lib/thumb/v7e-m\libg.a(lib_a-lseekr.o)
                0x08012758                _lseek_r
 .text.__ascii_mbtowc
                0x08012784       0x2c c:/program files (x86)/gnu tools arm embedded/6 2017-q1-update/bin/../lib/gcc/arm-none-eabi/6.3.1/../../../../arm-none-eabi/lib/thumb/v7e-m\libg.a(lib_a-mbtowc_r.o)
                0x08012784                __ascii_mbtowc
 .text._read_r  0x080127b0       0x2c c:/program files (x86)/gnu tools arm embedded/6 2017-q1-update/bin/../lib/gcc/arm-none-eabi/6.3.1/../../../../arm-none-eabi/lib/thumb/v7e-m\libg.a(lib_a-readr.o)
                0x080127b0                _read_r
 .text.__swbuf_r
                0x080127dc       0xb0 c:/program files (x86)/gnu tools arm embedded/6 2017-q1-update/bin/../lib/gcc/arm-none-eabi/6.3.1/../../../../arm-none-eabi/lib/thumb/v7e-m\libg.a(lib_a-wbuf.o)
                0x080127dc                __swbuf_r
 .text._wcrtomb_r
                0x0801288c       0x54 c:/program files (x86)/gnu tools arm embedded/6 2017-q1-update/bin/../lib/gcc/arm-none-eabi/6.3.1/../../../../arm-none-eabi/lib/thumb/v7e-m\libg.a(lib_a-wcrtomb.o)
                0x0801288c                _wcrtomb_r
 .text.__ascii_wctomb
                0x080128e0       0x1c c:/program files (x86)/gnu tools arm embedded/6 2017-q1-update/bin/../lib/gcc/arm-none-eabi/6.3.1/../../../../arm-none-eabi/lib/thumb/v7e-m\libg.a(lib_a-wctomb_r.o)
                0x080128e0                __ascii_wctomb
 .text._close   0x080128fc       0x10 c:/program files (x86)/gnu tools arm embedded/6 2017-q1-update/bin/../lib/gcc/arm-none-eabi/6.3.1/../../../../arm-none-eabi/lib/thumb/v7e-m\libnosys.a(close.o)
                0x080128fc                _close
 .text._fstat   0x0801290c       0x10 c:/program files (x86)/gnu tools arm embedded/6 2017-q1-update/bin/../lib/gcc/arm-none-eabi/6.3.1/../../../../arm-none-eabi/lib/thumb/v7e-m\libnosys.a(fstat.o)
                0x0801290c                _fstat
 .text._isatty  0x0801291c       0x10 c:/program files (x86)/gnu tools arm embedded/6 2017-q1-update/bin/../lib/gcc/arm-none-eabi/6.3.1/../../../../arm-none-eabi/lib/thumb/v7e-m\libnosys.a(isatty.o)
                0x0801291c                _isatty
 .text._lseek   0x0801292c       0x10 c:/program files (x86)/gnu tools arm embedded/6 2017-q1-update/bin/../lib/gcc/arm-none-eabi/6.3.1/../../../../arm-none-eabi/lib/thumb/v7e-m\libnosys.a(lseek.o)
                0x0801292c                _lseek
 .text._read    0x0801293c       0x10 c:/program files (x86)/gnu tools arm embedded/6 2017-q1-update/bin/../lib/gcc/arm-none-eabi/6.3.1/../../../../arm-none-eabi/lib/thumb/v7e-m\libnosys.a(read.o)
                0x0801293c                _read
 .text._sbrk    0x0801294c       0x1c c:/program files (x86)/gnu tools arm embedded/6 2017-q1-update/bin/../lib/gcc/arm-none-eabi/6.3.1/../../../../arm-none-eabi/lib/thumb/v7e-m\libnosys.a(sbrk.o)
                0x0801294c                _sbrk
 *(.glue_7)
 .glue_7        0x08012968        0x0 linker stubs
 *(.glue_7t)
 .glue_7t       0x08012968        0x0 linker stubs
 *(.eh_frame)
 .eh_frame      0x08012968        0x0 c:/program files (x86)/gnu tools arm embedded/6 2017-q1-update/bin/../lib/gcc/arm-none-eabi/6.3.1/thumb/v7e-m/crtbegin.o
 *(.init)
 .init          0x08012968        0x4 c:/program files (x86)/gnu tools arm embedded/6 2017-q1-update/bin/../lib/gcc/arm-none-eabi/6.3.1/thumb/v7e-m/crti.o
                0x08012968                _init
 .init          0x0801296c        0x8 c:/program files (x86)/gnu tools arm embedded/6 2017-q1-update/bin/../lib/gcc/arm-none-eabi/6.3.1/thumb/v7e-m/crtn.o
 *(.fini)
 .fini          0x08012974        0x4 c:/program files (x86)/gnu tools arm embedded/6 2017-q1-update/bin/../lib/gcc/arm-none-eabi/6.3.1/thumb/v7e-m/crti.o
                0x08012974                _fini
 .fini          0x08012978        0x8 c:/program files (x86)/gnu tools arm embedded/6 2017-q1-update/bin/../lib/gcc/arm-none-eabi/6.3.1/thumb/v7e-m/crtn.o
                0x08012980                . = ALIGN (0x4)
                0x08012980                _etext = .

.vfp11_veneer   0x08012980        0x0
 .vfp11_veneer  0x08012980        0x0 linker stubs

.v4_bx          0x08012980        0x0
 .v4_bx         0x08012980        0x0 linker stubs

.iplt           0x08012980        0x0
 .iplt          0x08012980        0x0 c:/program files (x86)/gnu tools arm embedded/6 2017-q1-update/bin/../lib/gcc/arm-none-eabi/6.3.1/thumb/v7e-m/crtbegin.o

.rodata         0x08012980    0xc0548
                0x08012980                . = ALIGN (0x4)
 *(.rodata)
 .rodata        0x08012980       0x85 ./uc-config/app_main.o
 *fill*         0x08012a05        0x3 
 .rodata        0x08012a08       0x2a ./uCOS-III/Source/os_core.o
 *fill*         0x08012a32        0x2 
 .rodata        0x08012a34        0xa ./uCOS-III/Source/os_mutex.o
 *fill*         0x08012a3e        0x2 
 .rodata        0x08012a40       0x14 ./uCOS-III/Source/os_stat.o
 .rodata        0x08012a54        0xa ./uCOS-III/Source/os_task.o
 *fill*         0x08012a5e        0x2 
 .rodata        0x08012a60       0x14 ./uCOS-III/Source/os_tick.o
 .rodata        0x08012a74       0x2d ./uCOS-III/Source/os_tmr.o
 *fill*         0x08012aa1        0x3 
 .rodata        0x08012aa4       0x3d ./uC-LIB/lib_mem.o
 *(.rodata*)
 *fill*         0x08012ae1        0x3 
 .rodata.gImage_xiong
                0x08012ae4    0xbb808 ./uc-config/app_main.o
 .rodata.asc2_1206
                0x080ce2ec      0x474 ./uc-bsp/bsp_rgb.o
 .rodata.asc2_1608
                0x080ce760      0x5f0 ./uc-bsp/bsp_rgb.o
 .rodata.asc2_2412
                0x080ced50      0xd5c ./uc-bsp/bsp_rgb.o
 .rodata.asc2_3216
                0x080cfaac     0x2f80 ./uc-bsp/bsp_rgb.o
 .rodata.FT5206_TPX_TBL
                0x080d2a2c        0xa ./uc-bsp/bsp_touch.o
                0x080d2a2c                FT5206_TPX_TBL
 *fill*         0x080d2a36        0x2 
 .rodata.OSCfg_IdleTaskStkBasePtr
                0x080d2a38        0x4 ./uCOS-III/Source/os_cfg_app.o
                0x080d2a38                OSCfg_IdleTaskStkBasePtr
 .rodata.OSCfg_IdleTaskStkLimit
                0x080d2a3c        0x4 ./uCOS-III/Source/os_cfg_app.o
                0x080d2a3c                OSCfg_IdleTaskStkLimit
 .rodata.OSCfg_IdleTaskStkSize
                0x080d2a40        0x4 ./uCOS-III/Source/os_cfg_app.o
                0x080d2a40                OSCfg_IdleTaskStkSize
 .rodata.OSCfg_ISRStkBasePtr
                0x080d2a44        0x4 ./uCOS-III/Source/os_cfg_app.o
                0x080d2a44                OSCfg_ISRStkBasePtr
 .rodata.OSCfg_ISRStkSize
                0x080d2a48        0x4 ./uCOS-III/Source/os_cfg_app.o
                0x080d2a48                OSCfg_ISRStkSize
 .rodata.OSCfg_MsgPoolSize
                0x080d2a4c        0x2 ./uCOS-III/Source/os_cfg_app.o
                0x080d2a4c                OSCfg_MsgPoolSize
 *fill*         0x080d2a4e        0x2 
 .rodata.OSCfg_MsgPoolBasePtr
                0x080d2a50        0x4 ./uCOS-III/Source/os_cfg_app.o
                0x080d2a50                OSCfg_MsgPoolBasePtr
 .rodata.OSCfg_StatTaskPrio
                0x080d2a54        0x1 ./uCOS-III/Source/os_cfg_app.o
                0x080d2a54                OSCfg_StatTaskPrio
 *fill*         0x080d2a55        0x3 
 .rodata.OSCfg_StatTaskRate_Hz
                0x080d2a58        0x4 ./uCOS-III/Source/os_cfg_app.o
                0x080d2a58                OSCfg_StatTaskRate_Hz
 .rodata.OSCfg_StatTaskStkBasePtr
                0x080d2a5c        0x4 ./uCOS-III/Source/os_cfg_app.o
                0x080d2a5c                OSCfg_StatTaskStkBasePtr
 .rodata.OSCfg_StatTaskStkLimit
                0x080d2a60        0x4 ./uCOS-III/Source/os_cfg_app.o
                0x080d2a60                OSCfg_StatTaskStkLimit
 .rodata.OSCfg_StatTaskStkSize
                0x080d2a64        0x4 ./uCOS-III/Source/os_cfg_app.o
                0x080d2a64                OSCfg_StatTaskStkSize
 .rodata.OSCfg_StkSizeMin
                0x080d2a68        0x4 ./uCOS-III/Source/os_cfg_app.o
                0x080d2a68                OSCfg_StkSizeMin
 .rodata.OSCfg_TickRate_Hz
                0x080d2a6c        0x4 ./uCOS-III/Source/os_cfg_app.o
                0x080d2a6c                OSCfg_TickRate_Hz
 .rodata.OSCfg_TickTaskPrio
                0x080d2a70        0x1 ./uCOS-III/Source/os_cfg_app.o
                0x080d2a70                OSCfg_TickTaskPrio
 *fill*         0x080d2a71        0x3 
 .rodata.OSCfg_TickTaskStkBasePtr
                0x080d2a74        0x4 ./uCOS-III/Source/os_cfg_app.o
                0x080d2a74                OSCfg_TickTaskStkBasePtr
 .rodata.OSCfg_TickTaskStkLimit
                0x080d2a78        0x4 ./uCOS-III/Source/os_cfg_app.o
                0x080d2a78                OSCfg_TickTaskStkLimit
 .rodata.OSCfg_TickTaskStkSize
                0x080d2a7c        0x4 ./uCOS-III/Source/os_cfg_app.o
                0x080d2a7c                OSCfg_TickTaskStkSize
 .rodata.OSCfg_TmrTaskPrio
                0x080d2a80        0x1 ./uCOS-III/Source/os_cfg_app.o
                0x080d2a80                OSCfg_TmrTaskPrio
 *fill*         0x080d2a81        0x3 
 .rodata.OSCfg_TmrTaskRate_Hz
                0x080d2a84        0x4 ./uCOS-III/Source/os_cfg_app.o
                0x080d2a84                OSCfg_TmrTaskRate_Hz
 .rodata.OSCfg_TmrTaskStkBasePtr
                0x080d2a88        0x4 ./uCOS-III/Source/os_cfg_app.o
                0x080d2a88                OSCfg_TmrTaskStkBasePtr
 .rodata.OSCfg_TmrTaskStkLimit
                0x080d2a8c        0x4 ./uCOS-III/Source/os_cfg_app.o
                0x080d2a8c                OSCfg_TmrTaskStkLimit
 .rodata.OSCfg_TmrTaskStkSize
                0x080d2a90        0x4 ./uCOS-III/Source/os_cfg_app.o
                0x080d2a90                OSCfg_TmrTaskStkSize
 .rodata.OSDbg_DbgEn
                0x080d2a94        0x1 ./uCOS-III/Source/os_dbg.o
                0x080d2a94                OSDbg_DbgEn
 .rodata.OSDbg_ArgChkEn
                0x080d2a95        0x1 ./uCOS-III/Source/os_dbg.o
                0x080d2a95                OSDbg_ArgChkEn
 .rodata.OSDbg_AppHooksEn
                0x080d2a96        0x1 ./uCOS-III/Source/os_dbg.o
                0x080d2a96                OSDbg_AppHooksEn
 *fill*         0x080d2a97        0x1 
 .rodata.OSDbg_EndiannessTest
                0x080d2a98        0x4 ./uCOS-III/Source/os_dbg.o
                0x080d2a98                OSDbg_EndiannessTest
 .rodata.OSDbg_CalledFromISRChkEn
                0x080d2a9c        0x1 ./uCOS-III/Source/os_dbg.o
                0x080d2a9c                OSDbg_CalledFromISRChkEn
 .rodata.OSDbg_FlagEn
                0x080d2a9d        0x1 ./uCOS-III/Source/os_dbg.o
                0x080d2a9d                OSDbg_FlagEn
 *fill*         0x080d2a9e        0x2 
 .rodata.OSDbg_FlagGrp
                0x080d2aa0       0x28 ./uCOS-III/Source/os_dbg.o
                0x080d2aa0                OSDbg_FlagGrp
 .rodata.OSDbg_FlagDelEn
                0x080d2ac8        0x1 ./uCOS-III/Source/os_dbg.o
                0x080d2ac8                OSDbg_FlagDelEn
 .rodata.OSDbg_FlagModeClrEn
                0x080d2ac9        0x1 ./uCOS-III/Source/os_dbg.o
                0x080d2ac9                OSDbg_FlagModeClrEn
 .rodata.OSDbg_FlagPendAbortEn
                0x080d2aca        0x1 ./uCOS-III/Source/os_dbg.o
                0x080d2aca                OSDbg_FlagPendAbortEn
 *fill*         0x080d2acb        0x1 
 .rodata.OSDbg_FlagGrpSize
                0x080d2acc        0x2 ./uCOS-III/Source/os_dbg.o
                0x080d2acc                OSDbg_FlagGrpSize
 .rodata.OSDbg_FlagWidth
                0x080d2ace        0x2 ./uCOS-III/Source/os_dbg.o
                0x080d2ace                OSDbg_FlagWidth
 .rodata.OSDbg_Mem
                0x080d2ad0       0x20 ./uCOS-III/Source/os_dbg.o
                0x080d2ad0                OSDbg_Mem
 .rodata.OSDbg_MemEn
                0x080d2af0        0x1 ./uCOS-III/Source/os_dbg.o
                0x080d2af0                OSDbg_MemEn
 *fill*         0x080d2af1        0x1 
 .rodata.OSDbg_MemSize
                0x080d2af2        0x2 ./uCOS-III/Source/os_dbg.o
                0x080d2af2                OSDbg_MemSize
 .rodata.OSDbg_MsgEn
                0x080d2af4        0x1 ./uCOS-III/Source/os_dbg.o
                0x080d2af4                OSDbg_MsgEn
 *fill*         0x080d2af5        0x1 
 .rodata.OSDbg_MsgSize
                0x080d2af6        0x2 ./uCOS-III/Source/os_dbg.o
                0x080d2af6                OSDbg_MsgSize
 .rodata.OSDbg_MsgPoolSize
                0x080d2af8        0x2 ./uCOS-III/Source/os_dbg.o
                0x080d2af8                OSDbg_MsgPoolSize
 .rodata.OSDbg_MsgQSize
                0x080d2afa        0x2 ./uCOS-III/Source/os_dbg.o
                0x080d2afa                OSDbg_MsgQSize
 .rodata.OSDbg_Mutex
                0x080d2afc       0x30 ./uCOS-III/Source/os_dbg.o
                0x080d2afc                OSDbg_Mutex
 .rodata.OSDbg_MutexEn
                0x080d2b2c        0x1 ./uCOS-III/Source/os_dbg.o
                0x080d2b2c                OSDbg_MutexEn
 .rodata.OSDbg_MutexDelEn
                0x080d2b2d        0x1 ./uCOS-III/Source/os_dbg.o
                0x080d2b2d                OSDbg_MutexDelEn
 .rodata.OSDbg_MutexPendAbortEn
                0x080d2b2e        0x1 ./uCOS-III/Source/os_dbg.o
                0x080d2b2e                OSDbg_MutexPendAbortEn
 *fill*         0x080d2b2f        0x1 
 .rodata.OSDbg_MutexSize
                0x080d2b30        0x2 ./uCOS-III/Source/os_dbg.o
                0x080d2b30                OSDbg_MutexSize
 .rodata.OSDbg_ObjTypeChkEn
                0x080d2b32        0x1 ./uCOS-III/Source/os_dbg.o
                0x080d2b32                OSDbg_ObjTypeChkEn
 *fill*         0x080d2b33        0x1 
 .rodata.OSDbg_PendListSize
                0x080d2b34        0x2 ./uCOS-III/Source/os_dbg.o
                0x080d2b34                OSDbg_PendListSize
 .rodata.OSDbg_PendObjSize
                0x080d2b36        0x2 ./uCOS-III/Source/os_dbg.o
                0x080d2b36                OSDbg_PendObjSize
 .rodata.OSDbg_PrioMax
                0x080d2b38        0x2 ./uCOS-III/Source/os_dbg.o
                0x080d2b38                OSDbg_PrioMax
 .rodata.OSDbg_PrioTblSize
                0x080d2b3a        0x2 ./uCOS-III/Source/os_dbg.o
                0x080d2b3a                OSDbg_PrioTblSize
 .rodata.OSDbg_PtrSize
                0x080d2b3c        0x2 ./uCOS-III/Source/os_dbg.o
                0x080d2b3c                OSDbg_PtrSize
 *fill*         0x080d2b3e        0x2 
 .rodata.OSDbg_Q
                0x080d2b40       0x30 ./uCOS-III/Source/os_dbg.o
                0x080d2b40                OSDbg_Q
 .rodata.OSDbg_QEn
                0x080d2b70        0x1 ./uCOS-III/Source/os_dbg.o
                0x080d2b70                OSDbg_QEn
 .rodata.OSDbg_QDelEn
                0x080d2b71        0x1 ./uCOS-III/Source/os_dbg.o
                0x080d2b71                OSDbg_QDelEn
 .rodata.OSDbg_QFlushEn
                0x080d2b72        0x1 ./uCOS-III/Source/os_dbg.o
                0x080d2b72                OSDbg_QFlushEn
 .rodata.OSDbg_QPendAbortEn
                0x080d2b73        0x1 ./uCOS-III/Source/os_dbg.o
                0x080d2b73                OSDbg_QPendAbortEn
 .rodata.OSDbg_QSize
                0x080d2b74        0x2 ./uCOS-III/Source/os_dbg.o
                0x080d2b74                OSDbg_QSize
 .rodata.OSDbg_SchedRoundRobinEn
                0x080d2b76        0x1 ./uCOS-III/Source/os_dbg.o
                0x080d2b76                OSDbg_SchedRoundRobinEn
 *fill*         0x080d2b77        0x1 
 .rodata.OSDbg_Sem
                0x080d2b78       0x28 ./uCOS-III/Source/os_dbg.o
                0x080d2b78                OSDbg_Sem
 .rodata.OSDbg_SemEn
                0x080d2ba0        0x1 ./uCOS-III/Source/os_dbg.o
                0x080d2ba0                OSDbg_SemEn
 .rodata.OSDbg_SemDelEn
                0x080d2ba1        0x1 ./uCOS-III/Source/os_dbg.o
                0x080d2ba1                OSDbg_SemDelEn
 .rodata.OSDbg_SemPendAbortEn
                0x080d2ba2        0x1 ./uCOS-III/Source/os_dbg.o
                0x080d2ba2                OSDbg_SemPendAbortEn
 .rodata.OSDbg_SemSetEn
                0x080d2ba3        0x1 ./uCOS-III/Source/os_dbg.o
                0x080d2ba3                OSDbg_SemSetEn
 .rodata.OSDbg_SemSize
                0x080d2ba4        0x2 ./uCOS-III/Source/os_dbg.o
                0x080d2ba4                OSDbg_SemSize
 .rodata.OSDbg_RdyList
                0x080d2ba6        0x2 ./uCOS-III/Source/os_dbg.o
                0x080d2ba6                OSDbg_RdyList
 .rodata.OSDbg_RdyListSize
                0x080d2ba8        0x4 ./uCOS-III/Source/os_dbg.o
                0x080d2ba8                OSDbg_RdyListSize
 .rodata.OSDbg_StkWidth
                0x080d2bac        0x1 ./uCOS-III/Source/os_dbg.o
                0x080d2bac                OSDbg_StkWidth
 .rodata.OSDbg_StatTaskEn
                0x080d2bad        0x1 ./uCOS-III/Source/os_dbg.o
                0x080d2bad                OSDbg_StatTaskEn
 .rodata.OSDbg_StatTaskStkChkEn
                0x080d2bae        0x1 ./uCOS-III/Source/os_dbg.o
                0x080d2bae                OSDbg_StatTaskStkChkEn
 .rodata.OSDbg_TaskChangePrioEn
                0x080d2baf        0x1 ./uCOS-III/Source/os_dbg.o
                0x080d2baf                OSDbg_TaskChangePrioEn
 .rodata.OSDbg_TaskDelEn
                0x080d2bb0        0x1 ./uCOS-III/Source/os_dbg.o
                0x080d2bb0                OSDbg_TaskDelEn
 .rodata.OSDbg_TaskQEn
                0x080d2bb1        0x1 ./uCOS-III/Source/os_dbg.o
                0x080d2bb1                OSDbg_TaskQEn
 .rodata.OSDbg_TaskQPendAbortEn
                0x080d2bb2        0x1 ./uCOS-III/Source/os_dbg.o
                0x080d2bb2                OSDbg_TaskQPendAbortEn
 .rodata.OSDbg_TaskProfileEn
                0x080d2bb3        0x1 ./uCOS-III/Source/os_dbg.o
                0x080d2bb3                OSDbg_TaskProfileEn
 .rodata.OSDbg_TaskRegTblSize
                0x080d2bb4        0x2 ./uCOS-III/Source/os_dbg.o
                0x080d2bb4                OSDbg_TaskRegTblSize
 .rodata.OSDbg_TaskSemPendAbortEn
                0x080d2bb6        0x1 ./uCOS-III/Source/os_dbg.o
                0x080d2bb6                OSDbg_TaskSemPendAbortEn
 .rodata.OSDbg_TaskSuspendEn
                0x080d2bb7        0x1 ./uCOS-III/Source/os_dbg.o
                0x080d2bb7                OSDbg_TaskSuspendEn
 .rodata.OSDbg_TCBSize
                0x080d2bb8        0x2 ./uCOS-III/Source/os_dbg.o
                0x080d2bb8                OSDbg_TCBSize
 .rodata.OSDbg_TickListSize
                0x080d2bba        0x2 ./uCOS-III/Source/os_dbg.o
                0x080d2bba                OSDbg_TickListSize
 .rodata.OSDbg_TimeDlyHMSMEn
                0x080d2bbc        0x1 ./uCOS-III/Source/os_dbg.o
                0x080d2bbc                OSDbg_TimeDlyHMSMEn
 .rodata.OSDbg_TimeDlyResumeEn
                0x080d2bbd        0x1 ./uCOS-III/Source/os_dbg.o
                0x080d2bbd                OSDbg_TimeDlyResumeEn
 *fill*         0x080d2bbe        0x2 
 .rodata.OSDbg_Tmr
                0x080d2bc0       0x30 ./uCOS-III/Source/os_dbg.o
                0x080d2bc0                OSDbg_Tmr
 .rodata.OSDbg_TmrEn
                0x080d2bf0        0x1 ./uCOS-III/Source/os_dbg.o
                0x080d2bf0                OSDbg_TmrEn
 .rodata.OSDbg_TmrDelEn
                0x080d2bf1        0x1 ./uCOS-III/Source/os_dbg.o
                0x080d2bf1                OSDbg_TmrDelEn
 .rodata.OSDbg_TmrSize
                0x080d2bf2        0x2 ./uCOS-III/Source/os_dbg.o
                0x080d2bf2                OSDbg_TmrSize
 .rodata.OSDbg_VersionNbr
                0x080d2bf4        0x2 ./uCOS-III/Source/os_dbg.o
                0x080d2bf4                OSDbg_VersionNbr
 *fill*         0x080d2bf6        0x2 
 .rodata.OSDbg_DataSize
                0x080d2bf8        0x4 ./uCOS-III/Source/os_dbg.o
                0x080d2bf8                OSDbg_DataSize
 .rodata.flagBitshiftOffset.12567
                0x080d2bfc        0x8 ./hallib/Src/stm32f7xx_hal_dma.o
 .rodata.AHBPrescTable
                0x080d2c04       0x10 ./core/system_stm32f7xx.o
                0x080d2c04                AHBPrescTable
 .rodata.APBPrescTable
                0x080d2c14        0x8 ./core/system_stm32f7xx.o
                0x080d2c14                APBPrescTable
 .rodata._global_impure_ptr
                0x080d2c1c        0x4 c:/program files (x86)/gnu tools arm embedded/6 2017-q1-update/bin/../lib/gcc/arm-none-eabi/6.3.1/../../../../arm-none-eabi/lib/thumb/v7e-m\libg.a(lib_a-impure.o)
                0x080d2c1c                _global_impure_ptr
 .rodata._puts_r.str1.4
                0x080d2c20        0x2 c:/program files (x86)/gnu tools arm embedded/6 2017-q1-update/bin/../lib/gcc/arm-none-eabi/6.3.1/../../../../arm-none-eabi/lib/thumb/v7e-m\libg.a(lib_a-puts.o)