Archive member included to satisfy reference by file (symbol)

c:/program files (x86)/gnu tools arm embedded/6 2017-q1-update/bin/../lib/gcc/arm-none-eabi/6.3.1/thumb/v7e-m\libgcc.a(_arm_addsubdf3.o)
                              ./uc-config/app_main.o (__aeabi_dsub)
c:/program files (x86)/gnu tools arm embedded/6 2017-q1-update/bin/../lib/gcc/arm-none-eabi/6.3.1/thumb/v7e-m\libgcc.a(_arm_muldivdf3.o)
                              ./uc-config/app_main.o (__aeabi_ddiv)
c:/program files (x86)/gnu tools arm embedded/6 2017-q1-update/bin/../lib/gcc/arm-none-eabi/6.3.1/thumb/v7e-m\libgcc.a(_arm_truncdfsf2.o)
                              ./uc-config/app_main.o (__aeabi_d2f)
c:/program files (x86)/gnu tools arm embedded/6 2017-q1-update/bin/../lib/gcc/arm-none-eabi/6.3.1/thumb/v7e-m\libgcc.a(_arm_addsubsf3.o)
                              ./uc-config/app_main.o (__aeabi_ui2f)
c:/program files (x86)/gnu tools arm embedded/6 2017-q1-update/bin/../lib/gcc/arm-none-eabi/6.3.1/thumb/v7e-m\libgcc.a(_arm_muldivsf3.o)
                              ./uc-config/app_main.o (__aeabi_fmul)
c:/program files (x86)/gnu tools arm embedded/6 2017-q1-update/bin/../lib/gcc/arm-none-eabi/6.3.1/thumb/v7e-m\libgcc.a(_aeabi_uldivmod.o)
                              ./uc-config/app_main.o (__aeabi_uldivmod)
c:/program files (x86)/gnu tools arm embedded/6 2017-q1-update/bin/../lib/gcc/arm-none-eabi/6.3.1/thumb/v7e-m\libgcc.a(_udivmoddi4.o)
                              c:/program files (x86)/gnu tools arm embedded/6 2017-q1-update/bin/../lib/gcc/arm-none-eabi/6.3.1/thumb/v7e-m\libgcc.a(_aeabi_uldivmod.o) (__udivmoddi4)
c:/program files (x86)/gnu tools arm embedded/6 2017-q1-update/bin/../lib/gcc/arm-none-eabi/6.3.1/thumb/v7e-m\libgcc.a(_dvmd_tls.o)
                              c:/program files (x86)/gnu tools arm embedded/6 2017-q1-update/bin/../lib/gcc/arm-none-eabi/6.3.1/thumb/v7e-m\libgcc.a(_aeabi_uldivmod.o) (__aeabi_ldiv0)
c:/program files (x86)/gnu tools arm embedded/6 2017-q1-update/bin/../lib/gcc/arm-none-eabi/6.3.1/../../../../arm-none-eabi/lib/thumb/v7e-m\libg.a(lib_a-exit.o)
                              c:/program files (x86)/gnu tools arm embedded/6 2017-q1-update/bin/../lib/gcc/arm-none-eabi/6.3.1/../../../../arm-none-eabi/lib/thumb/v7e-m/crt0.o (exit)
c:/program files (x86)/gnu tools arm embedded/6 2017-q1-update/bin/../lib/gcc/arm-none-eabi/6.3.1/../../../../arm-none-eabi/lib/thumb/v7e-m\libg.a(lib_a-impure.o)
                              c:/program files (x86)/gnu tools arm embedded/6 2017-q1-update/bin/../lib/gcc/arm-none-eabi/6.3.1/../../../../arm-none-eabi/lib/thumb/v7e-m\libg.a(lib_a-exit.o) (_global_impure_ptr)
c:/program files (x86)/gnu tools arm embedded/6 2017-q1-update/bin/../lib/gcc/arm-none-eabi/6.3.1/../../../../arm-none-eabi/lib/thumb/v7e-m\libg.a(lib_a-init.o)
                              c:/program files (x86)/gnu tools arm embedded/6 2017-q1-update/bin/../lib/gcc/arm-none-eabi/6.3.1/../../../../arm-none-eabi/lib/thumb/v7e-m/crt0.o (__libc_init_array)
c:/program files (x86)/gnu tools arm embedded/6 2017-q1-update/bin/../lib/gcc/arm-none-eabi/6.3.1/../../../../arm-none-eabi/lib/thumb/v7e-m\libg.a(lib_a-memset.o)
                              c:/program files (x86)/gnu tools arm embedded/6 2017-q1-update/bin/../lib/gcc/arm-none-eabi/6.3.1/../../../../arm-none-eabi/lib/thumb/v7e-m/crt0.o (memset)
c:/program files (x86)/gnu tools arm embedded/6 2017-q1-update/bin/../lib/gcc/arm-none-eabi/6.3.1/../../../../arm-none-eabi/lib/thumb/v7e-m\libg.a(lib_a-printf.o)
                              ./uc-config/app_main.o (printf)
c:/program files (x86)/gnu tools arm embedded/6 2017-q1-update/bin/../lib/gcc/arm-none-eabi/6.3.1/../../../../arm-none-eabi/lib/thumb/v7e-m\libg.a(lib_a-sprintf.o)
                              ./uc-config/app_main.o (sprintf)
c:/program files (x86)/gnu tools arm embedded/6 2017-q1-update/bin/../lib/gcc/arm-none-eabi/6.3.1/../../../../arm-none-eabi/lib/thumb/v7e-m\libg.a(lib_a-strlen.o)
                              ./uc-config/app_main.o (strlen)
c:/program files (x86)/gnu tools arm embedded/6 2017-q1-update/bin/../lib/gcc/arm-none-eabi/6.3.1/../../../../arm-none-eabi/lib/thumb/v7e-m\libg.a(lib_a-svfprintf.o)
                              c:/program files (x86)/gnu tools arm embedded/6 2017-q1-update/bin/../lib/gcc/arm-none-eabi/6.3.1/../../../../arm-none-eabi/lib/thumb/v7e-m\libg.a(lib_a-sprintf.o) (_svfprintf_r)
c:/program files (x86)/gnu tools arm embedded/6 2017-q1-update/bin/../lib/gcc/arm-none-eabi/6.3.1/../../../../arm-none-eabi/lib/thumb/v7e-m\libg.a(lib_a-vfprintf.o)
                              c:/program files (x86)/gnu tools arm embedded/6 2017-q1-update/bin/../lib/gcc/arm-none-eabi/6.3.1/../../../../arm-none-eabi/lib/thumb/v7e-m\libg.a(lib_a-printf.o) (_vfprintf_r)
c:/program files (x86)/gnu tools arm embedded/6 2017-q1-update/bin/../lib/gcc/arm-none-eabi/6.3.1/../../../../arm-none-eabi/lib/thumb/v7e-m\libg.a(lib_a-wsetup.o)
[...]
Memory Configuration

Name             Origin             Length             Attributes
FLASH            0x08000000         0x00100000         xr
RAM              0x20000000         0x00080000         xrw
SDRAM            0xc0000000         0x02000000         xrw
*default*        0x00000000         0xffffffff

Linker script and memory map

LOAD c:/program files (x86)/gnu tools arm embedded/6 2017-q1-update/bin/../lib/gcc/arm-none-eabi/6.3.1/thumb/v7e-m/crti.o
LOAD c:/program files (x86)/gnu tools arm embedded/6 2017-q1-update/bin/../lib/gcc/arm-none-eabi/6.3.1/thumb/v7e-m/crtbegin.o
LOAD c:/program files (x86)/gnu tools arm embedded/6 2017-q1-update/bin/../lib/gcc/arm-none-eabi/6.3.1/../../../../arm-none-eabi/lib/thumb/v7e-m/crt0.o
LOAD ./uc-config/app_main.o
LOAD ./uc-config/os_app_hooks.o
LOAD ./uc-bsp/bsp.o
LOAD ./uc-bsp/bsp_adc.o
LOAD ./uc-bsp/bsp_clock.o
LOAD ./uc-bsp/bsp_led.o
LOAD ./uc-bsp/bsp_os.o
LOAD ./uc-bsp/bsp_rgb.o
LOAD ./uc-bsp/bsp_sdram.o
LOAD ./uc-bsp/bsp_tim.o
LOAD ./uc-bsp/bsp_touch.o
LOAD ./uc-bsp/bsp_uart.o
LOAD ./uc-bsp/cpu_bsp.o
LOAD ./uCOS-III/Source/os_cfg_app.o
LOAD ./uCOS-III/Source/os_core.o
LOAD ./uCOS-III/Source/os_dbg.o
LOAD ./uCOS-III/Source/os_flag.o
LOAD ./uCOS-III/Source/os_mem.o
LOAD ./uCOS-III/Source/os_mon.o
LOAD ./uCOS-III/Source/os_msg.o
LOAD ./uCOS-III/Source/os_mutex.o
LOAD ./uCOS-III/Source/os_prio.o
LOAD ./uCOS-III/Source/os_q.o
LOAD ./uCOS-III/Source/os_sem.o
LOAD ./uCOS-III/Source/os_stat.o
LOAD ./uCOS-III/Source/os_task.o
LOAD ./uCOS-III/Source/os_tick.o
LOAD ./uCOS-III/Source/os_time.o
LOAD ./uCOS-III/Source/os_tmr.o
LOAD ./uCOS-III/Source/os_var.o
LOAD ./uCOS-III/Ports/ARM-Cortex-M/ARMv7-M/GNU/os_cpu_a.o
LOAD ./uCOS-III/Ports/ARM-Cortex-M/ARMv7-M/GNU/os_cpu_c.o
LOAD ./uC-LIB/Ports/ARM-Cortex-M4/GNU/lib_mem_a.o
LOAD ./uC-LIB/lib_ascii.o
LOAD ./uC-LIB/lib_math.o
LOAD ./uC-LIB/lib_mem.o
LOAD ./uC-LIB/lib_str.o
LOAD ./uC-CPU/Cache/ARM/armv7m_generic_l1/cpu_cache_armv7m_generic_l1.o
LOAD ./uC-CPU/ARM-Cortex-M4/GNU/cpu_a.o
LOAD ./uC-CPU/ARM-Cortex-M4/GNU/cpu_c.o
LOAD ./uC-CPU/cpu_core.o
LOAD ./hallib/Src/stm32f7xx_hal.o
LOAD ./hallib/Src/stm32f7xx_hal_adc.o
LOAD ./hallib/Src/stm32f7xx_hal_cortex.o
LOAD ./hallib/Src/stm32f7xx_hal_dma.o
LOAD ./hallib/Src/stm32f7xx_hal_gpio.o
LOAD ./hallib/Src/stm32f7xx_hal_ltdc.o
LOAD ./hallib/Src/stm32f7xx_hal_pwr.o
LOAD ./hallib/Src/stm32f7xx_hal_pwr_ex.o
LOAD ./hallib/Src/stm32f7xx_hal_rcc.o
LOAD ./hallib/Src/stm32f7xx_hal_rcc_ex.o
LOAD ./hallib/Src/stm32f7xx_hal_sdram.o
LOAD ./hallib/Src/stm32f7xx_hal_tim.o
LOAD ./hallib/Src/stm32f7xx_hal_tim_ex.o
LOAD ./hallib/Src/stm32f7xx_hal_uart.o
LOAD ./hallib/Src/stm32f7xx_ll_fmc.o
LOAD ./hallib/stm32f7xx_hal_msp.o
LOAD ./core/startup_stm32f767xx.o
LOAD ./core/system_stm32f7xx.o
START GROUP
LOAD c:/program files (x86)/gnu tools arm embedded/6 2017-q1-update/bin/../lib/gcc/arm-none-eabi/6.3.1/thumb/v7e-m\libgcc.a
LOAD c:/program files (x86)/gnu tools arm embedded/6 2017-q1-update/bin/../lib/gcc/arm-none-eabi/6.3.1/../../../../arm-none-eabi/lib/thumb/v7e-m\libg.a
LOAD c:/program files (x86)/gnu tools arm embedded/6 2017-q1-update/bin/../lib/gcc/arm-none-eabi/6.3.1/../../../../arm-none-eabi/lib/thumb/v7e-m\libc.a
END GROUP
START GROUP
LOAD c:/program files (x86)/gnu tools arm embedded/6 2017-q1-update/bin/../lib/gcc/arm-none-eabi/6.3.1/thumb/v7e-m\libgcc.a
LOAD c:/program files (x86)/gnu tools arm embedded/6 2017-q1-update/bin/../lib/gcc/arm-none-eabi/6.3.1/../../../../arm-none-eabi/lib/thumb/v7e-m\libc.a
LOAD c:/program files (x86)/gnu tools arm embedded/6 2017-q1-update/bin/../lib/gcc/arm-none-eabi/6.3.1/../../../../arm-none-eabi/lib/thumb/v7e-m\libnosys.a
END GROUP
LOAD c:/program files (x86)/gnu tools arm embedded/6 2017-q1-update/bin/../lib/gcc/arm-none-eabi/6.3.1/thumb/v7e-m/crtend.o
LOAD c:/program files (x86)/gnu tools arm embedded/6 2017-q1-update/bin/../lib/gcc/arm-none-eabi/6.3.1/thumb/v7e-m/crtn.o
                0x20050000                _estack = 0x20050000
                0x00000200                _Min_Heap_Size = 0x200
                0x00000400                _Min_Stack_Size = 0x400

.isr_vector     0x08000000      0x1f8
                0x08000000                . = ALIGN (0x4)
 *(.isr_vector)
 .isr_vector    0x08000000      0x1f8 ./core/startup_stm32f767xx.o
                0x08000000                g_pfnVectors
                0x080001f8                . = ALIGN (0x4)

.text           0x08000200    0x13488
                0x08000200                . = ALIGN (0x4)
 *(.text)
 .text          0x08000200       0x6c c:/program files (x86)/gnu tools arm embedded/6 2017-q1-update/bin/../lib/gcc/arm-none-eabi/6.3.1/thumb/v7e-m/crtbegin.o
 .text          0x0800026c       0xe0 ./uCOS-III/Ports/ARM-Cortex-M/ARMv7-M/GNU/os_cpu_a.o
                0x0800026c                OSStartHighRdy
                0x080002e6                OSCtxSw
                0x080002f0                OSIntCtxSw
                0x080002fa                OS_CPU_PendSVHandler
 .text          0x0800034c       0x34 ./uC-CPU/ARM-Cortex-M4/GNU/cpu_a.o
                0x0800034c                CPU_IntDis
                0x08000350                CPU_IntEn
                0x08000354                CPU_SR_Save
                0x0800035c                CPU_SR_Restore
                0x08000362                CPU_WaitForInt
                0x08000366                CPU_WaitForExcept
                0x0800036a                CPU_CntLeadZeros
                0x08000370                CPU_CntTrailZeros
                0x0800037a                CPU_RevBits
 .text          0x08000380      0x370 c:/program files (x86)/gnu tools arm embedded/6 2017-q1-update/bin/../lib/gcc/arm-none-eabi/6.3.1/thumb/v7e-m\libgcc.a(_arm_addsubdf3.o)
                0x08000380                __aeabi_drsub
                0x08000388                __aeabi_dsub
                0x08000388                __subdf3
                0x0800038c                __aeabi_dadd
                0x0800038c                __adddf3
                0x08000604                __floatunsidf
                0x08000604                __aeabi_ui2d
                0x08000624                __floatsidf
                0x08000624                __aeabi_i2d
                0x08000648                __aeabi_f2d
                0x08000648                __extendsfdf2
                0x08000684                __floatundidf
                0x08000684                __aeabi_ul2d
                0x08000694                __floatdidf
                0x08000694                __aeabi_l2d
 .text          0x080006f0      0x424 c:/program files (x86)/gnu tools arm embedded/6 2017-q1-update/bin/../lib/gcc/arm-none-eabi/6.3.1/thumb/v7e-m\libgcc.a(_arm_muldivdf3.o)
                0x080006f0                __aeabi_dmul
                0x080006f0                __muldf3
                0x08000944                __divdf3
                0x08000944                __aeabi_ddiv
 .text          0x08000b14       0xa0 c:/program files (x86)/gnu tools arm embedded/6 2017-q1-update/bin/../lib/gcc/arm-none-eabi/6.3.1/thumb/v7e-m\libgcc.a(_arm_truncdfsf2.o)
                0x08000b14                __truncdfsf2
                0x08000b14                __aeabi_d2f
 .text          0x08000bb4      0x21c c:/program files (x86)/gnu tools arm embedded/6 2017-q1-update/bin/../lib/gcc/arm-none-eabi/6.3.1/thumb/v7e-m\libgcc.a(_arm_addsubsf3.o)
                0x08000bb4                __aeabi_frsub
                0x08000bbc                __subsf3
                0x08000bbc                __aeabi_fsub
                0x08000bc0                __aeabi_fadd
                0x08000bc0                __addsf3
                0x08000d20                __aeabi_ui2f
                0x08000d20                __floatunsisf
                0x08000d28                __aeabi_i2f
                0x08000d28                __floatsisf
                0x08000d44                __aeabi_ul2f
                0x08000d44                __floatundisf
                0x08000d54                __aeabi_l2f
                0x08000d54                __floatdisf
 .text          0x08000dd0      0x2a0 c:/program files (x86)/gnu tools arm embedded/6 2017-q1-update/bin/../lib/gcc/arm-none-eabi/6.3.1/thumb/v7e-m\libgcc.a(_arm_muldivsf3.o)
                0x08000dd0                __mulsf3
                0x08000dd0                __aeabi_fmul
                0x08000f38                __aeabi_fdiv
                0x08000f38                __divsf3
 .text          0x08001070       0x30 c:/program files (x86)/gnu tools arm embedded/6 2017-q1-update/bin/../lib/gcc/arm-none-eabi/6.3.1/thumb/v7e-m\libgcc.a(_aeabi_uldivmod.o)
                0x08001070                __aeabi_uldivmod
 .text          0x080010a0      0x2dc c:/program files (x86)/gnu tools arm embedded/6 2017-q1-update/bin/../lib/gcc/arm-none-eabi/6.3.1/thumb/v7e-m\libgcc.a(_udivmoddi4.o)
                0x080010a0                __udivmoddi4
 .text          0x0800137c        0x4 c:/program files (x86)/gnu tools arm embedded/6 2017-q1-update/bin/../lib/gcc/arm-none-eabi/6.3.1/thumb/v7e-m\libgcc.a(_dvmd_tls.o)
                0x0800137c                __aeabi_idiv0
                0x0800137c                __aeabi_ldiv0
 .text          0x08001380       0xdc c:/program files (x86)/gnu tools arm embedded/6 2017-q1-update/bin/../lib/gcc/arm-none-eabi/6.3.1/../../../../arm-none-eabi/lib/thumb/v7e-m\libg.a(lib_a-strlen.o)
                0x08001380                strlen
 *fill*         0x0800145c        0x4 
 .text          0x08001460       0xa0 c:/program files (x86)/gnu tools arm embedded/6 2017-q1-update/bin/../lib/gcc/arm-none-eabi/6.3.1/../../../../arm-none-eabi/lib/thumb/v7e-m\libg.a(lib_a-memchr.o)
                0x08001460                memchr
 .text          0x08001500      0x134 c:/program files (x86)/gnu tools arm embedded/6 2017-q1-update/bin/../lib/gcc/arm-none-eabi/6.3.1/../../../../arm-none-eabi/lib/thumb/v7e-m\libg.a(lib_a-memcpy.o)
                0x08001500                memcpy
 .text          0x08001634      0x110 c:/program files (x86)/gnu tools arm embedded/6 2017-q1-update/bin/../lib/gcc/arm-none-eabi/6.3.1/thumb/v7e-m\libgcc.a(_arm_cmpdf2.o)
                0x08001634                __gtdf2
                0x08001634                __gedf2
                0x0800163c                __ltdf2
                0x0800163c                __ledf2
                0x08001644                __nedf2
                0x08001644                __eqdf2
                0x08001644                __cmpdf2
                0x080016c0                __aeabi_cdrcmple
                0x080016d0                __aeabi_cdcmpeq
                0x080016d0                __aeabi_cdcmple
                0x080016e0                __aeabi_dcmpeq
                0x080016f4                __aeabi_dcmplt
                0x08001708                __aeabi_dcmple
                0x0800171c                __aeabi_dcmpge
                0x08001730                __aeabi_dcmpgt
 .text          0x08001744       0x2c c:/program files (x86)/gnu tools arm embedded/6 2017-q1-update/bin/../lib/gcc/arm-none-eabi/6.3.1/thumb/v7e-m\libgcc.a(_arm_unorddf2.o)
                0x08001744                __unorddf2
                0x08001744                __aeabi_dcmpun
 .text          0x08001770       0x50 c:/program files (x86)/gnu tools arm embedded/6 2017-q1-update/bin/../lib/gcc/arm-none-eabi/6.3.1/thumb/v7e-m\libgcc.a(_arm_fixdfsi.o)
                0x08001770                __aeabi_d2iz
                0x08001770                __fixdfsi
 *(.text*)
 .text.main     0x080017c0       0x7c ./uc-config/app_main.o
                0x080017c0                main
 .text.AppTaskStart
                0x0800183c       0x2c ./uc-config/app_main.o
 .text.AppTaskCreate
                0x08001868      0x120 ./uc-config/app_main.o
 .text.AppTaskObj0
                0x08001988      0x1a0 ./uc-config/app_main.o
 .text.AppTaskObj1
                0x08001b28       0xfc ./uc-config/app_main.o
 .text.AppTaskObj2
                0x08001c24       0x90 ./uc-config/app_main.o
 .text.AppTaskObj3
                0x08001cb4       0xf0 ./uc-config/app_main.o
 .text.MessQueue_Init
                0x08001da4       0x38 ./uc-config/app_main.o
 .text.App_OS_SetAllHooks
                0x08001ddc       0x88 ./uc-config/os_app_hooks.o
                0x08001ddc                App_OS_SetAllHooks
 .text.App_OS_IdleTaskHook
                0x08001e64        0xc ./uc-config/os_app_hooks.o
                0x08001e64                App_OS_IdleTaskHook
 .text.App_OS_StatTaskHook
                0x08001e70        0xc ./uc-config/os_app_hooks.o
                0x08001e70                App_OS_StatTaskHook
 .text.App_OS_TaskCreateHook
                0x08001e7c       0x12 ./uc-config/os_app_hooks.o
                0x08001e7c                App_OS_TaskCreateHook
 .text.App_OS_TaskDelHook
                0x08001e8e       0x12 ./uc-config/os_app_hooks.o
                0x08001e8e                App_OS_TaskDelHook
 .text.App_OS_TaskReturnHook
                0x08001ea0       0x12 ./uc-config/os_app_hooks.o
                0x08001ea0                App_OS_TaskReturnHook
 .text.App_OS_TaskSwHook
                0x08001eb2        0xc ./uc-config/os_app_hooks.o
                0x08001eb2                App_OS_TaskSwHook
 .text.App_OS_TimeTickHook
                0x08001ebe        0xc ./uc-config/os_app_hooks.o
                0x08001ebe                App_OS_TimeTickHook
 *fill*         0x08001eca        0x2 
 .text.EXTI_Init
                0x08001ecc       0x6c ./uc-bsp/bsp.o
                0x08001ecc                EXTI_Init
 .text.BSP_Init
                0x08001f38       0x68 ./uc-bsp/bsp.o
                0x08001f38                BSP_Init
 .text.EXTI2_IRQHandler
                0x08001fa0       0x16 ./uc-bsp/bsp.o
                0x08001fa0                EXTI2_IRQHandler
 .text.EXTI3_IRQHandler
                0x08001fb6       0x16 ./uc-bsp/bsp.o
                0x08001fb6                EXTI3_IRQHandler
 .text.HAL_GPIO_EXTI_Callback
                0x08001fcc       0x2e ./uc-bsp/bsp.o
                0x08001fcc                HAL_GPIO_EXTI_Callback
 *fill*         0x08001ffa        0x2 
 .text.CEKONG_init
                0x08001ffc       0xec ./uc-bsp/bsp_adc.o
                0x08001ffc                CEKONG_init
 .text.HAL_ADC_MspInit
                0x080020e8       0xe4 ./uc-bsp/bsp_adc.o
                0x080020e8                HAL_ADC_MspInit
 .text.HAL_ADC_ConvCpltCallback
                0x080021cc       0x30 ./uc-bsp/bsp_adc.o
                0x080021cc                HAL_ADC_ConvCpltCallback
 .text.DMA2_Stream0_IRQHandler
                0x080021fc       0x14 ./uc-bsp/bsp_adc.o
                0x080021fc                DMA2_Stream0_IRQHandler
 .text.BSP_SystemClkCfg
                0x08002210       0xe4 ./uc-bsp/bsp_clock.o
                0x08002210                BSP_SystemClkCfg
 .text.BSP_ClkFreqGet
                0x080022f4       0x58 ./uc-bsp/bsp_clock.o
                0x080022f4                BSP_ClkFreqGet
 .text.BSP_LED_Init
                0x0800234c       0x54 ./uc-bsp/bsp_led.o
                0x0800234c                BSP_LED_Init
 .text.BSP_LED_Off
                0x080023a0       0x50 ./uc-bsp/bsp_led.o
                0x080023a0                BSP_LED_Off
 .text.BSP_LED_On
                0x080023f0       0x50 ./uc-bsp/bsp_led.o
                0x080023f0                BSP_LED_On
 .text.BSP_OSTickInit
                0x08002440       0x1c ./uc-bsp/bsp_os.o
                0x08002440                BSP_OSTickInit
 .text.HAL_InitTick
                0x0800245c       0x18 ./uc-bsp/bsp_os.o
                0x0800245c                HAL_InitTick
 .text.HAL_GetTick
                0x08002474       0x1a ./uc-bsp/bsp_os.o
                0x08002474                HAL_GetTick
 *fill*         0x0800248e        0x2 
 .text.LCD_Init
                0x08002490       0x24 ./uc-bsp/bsp_rgb.o
                0x08002490                LCD_Init
 .text.LTDC_Init
                0x080024b4      0x2c8 ./uc-bsp/bsp_rgb.o
                0x080024b4                LTDC_Init
 .text.LTDC_PanelID_Read
                0x0800277c       0xf4 ./uc-bsp/bsp_rgb.o
                0x0800277c                LTDC_PanelID_Read
 .text.LTDC_Layer_Parameter_Config
                0x08002870       0x8c ./uc-bsp/bsp_rgb.o
                0x08002870                LTDC_Layer_Parameter_Config
 .text.LTDC_Layer_Window_Config
                0x080028fc       0x44 ./uc-bsp/bsp_rgb.o
                0x080028fc                LTDC_Layer_Window_Config
 .text.LTDC_Display_Dir
                0x08002940       0x54 ./uc-bsp/bsp_rgb.o
                0x08002940                LTDC_Display_Dir
 .text.LTDC_Select_Layer
                0x08002994       0x20 ./uc-bsp/bsp_rgb.o
                0x08002994                LTDC_Select_Layer
 .text.LTDC_Clear
                0x080029b4       0x34 ./uc-bsp/bsp_rgb.o
                0x080029b4                LTDC_Clear
 .text.LTDC_Fill
                0x080029e8      0x148 ./uc-bsp/bsp_rgb.o
                0x080029e8                LTDC_Fill
 .text.LTDC_Clk_Set
                0x08002b30       0x3a ./uc-bsp/bsp_rgb.o
                0x08002b30                LTDC_Clk_Set
 .text.LCD_ShowString
                0x08002b6a       0x9c ./uc-bsp/bsp_rgb.o
                0x08002b6a                LCD_ShowString
 *fill*         0x08002c06        0x2 
 .text.LCD_ShowChar
                0x08002c08      0x178 ./uc-bsp/bsp_rgb.o
                0x08002c08                LCD_ShowChar
 .text.LTDC_Draw_Point
                0x08002d80       0x8c ./uc-bsp/bsp_rgb.o
                0x08002d80                LTDC_Draw_Point
 .text.HAL_LTDC_MspInit
                0x08002e0c      0x144 ./uc-bsp/bsp_rgb.o
                0x08002e0c                HAL_LTDC_MspInit
 .text.APPOLO_RGB
                0x08002f50       0xc0 ./uc-bsp/bsp_rgb.o
                0x08002f50                APPOLO_RGB
 .text.SDRAM_init
                0x08003010       0x98 ./uc-bsp/bsp_sdram.o
                0x08003010                SDRAM_init
 .text.SDRAM_Initialization_Sequence
                0x080030a8       0x60 ./uc-bsp/bsp_sdram.o
                0x080030a8                SDRAM_Initialization_Sequence
 .text.HAL_SDRAM_MspInit
                0x08003108      0x120 ./uc-bsp/bsp_sdram.o
                0x08003108                HAL_SDRAM_MspInit
 .text.SDRAM_Send_Cmd
                0x08003228       0x70 ./uc-bsp/bsp_sdram.o
                0x08003228                SDRAM_Send_Cmd
 .text.TIM2_init
                0x08003298       0x70 ./uc-bsp/bsp_tim.o
                0x08003298                TIM2_init
 .text.TIM3_init
                0x08003308       0x80 ./uc-bsp/bsp_tim.o
                0x08003308                TIM3_init
 .text.TIM5_init
                0x08003388       0x88 ./uc-bsp/bsp_tim.o
                0x08003388                TIM5_init
 .text.HAL_TIM_PWM_MspInit
                0x08003410       0x60 ./uc-bsp/bsp_tim.o
                0x08003410                HAL_TIM_PWM_MspInit
 .text.HAL_TIM_Base_MspInit
                0x08003470       0x80 ./uc-bsp/bsp_tim.o
                0x08003470                HAL_TIM_Base_MspInit
 .text.HAL_TIM_IC_MspInit
                0x080034f0       0x88 ./uc-bsp/bsp_tim.o
                0x080034f0                HAL_TIM_IC_MspInit
 .text.HAL_TIM_PeriodElapsedCallback
                0x08003578       0x3c ./uc-bsp/bsp_tim.o
                0x08003578                HAL_TIM_PeriodElapsedCallback
 .text.TIM2_IRQHandler
                0x080035b4       0x1c ./uc-bsp/bsp_tim.o
                0x080035b4                TIM2_IRQHandler
 .text.TIM3_IRQHandler
                0x080035d0       0x14 ./uc-bsp/bsp_tim.o
                0x080035d0                TIM3_IRQHandler
 .text.TIM5_IRQHandler
                0x080035e4       0x1c ./uc-bsp/bsp_tim.o
                0x080035e4                TIM5_IRQHandler
 .text.HAL_TIM_IC_CaptureCallback
                0x08003600       0xc0 ./uc-bsp/bsp_tim.o
                0x08003600                HAL_TIM_IC_CaptureCallback
 .text.delay_ms
                0x080036c0       0x16 ./uc-bsp/bsp_touch.o
                0x080036c0                delay_ms
 .text.delay_us
                0x080036d6       0x38 ./uc-bsp/bsp_touch.o
                0x080036d6                delay_us
 .text.CT_Delay
                0x0800370e        0xe ./uc-bsp/bsp_touch.o
                0x0800370e                CT_Delay
 .text.CT_IIC_Init
                0x0800371c       0x78 ./uc-bsp/bsp_touch.o
                0x0800371c                CT_IIC_Init
 .text.CT_IIC_Start
                0x08003794       0x5c ./uc-bsp/bsp_touch.o
                0x08003794                CT_IIC_Start
 .text.CT_IIC_Wait_Ack
                0x080037f0       0x7c ./uc-bsp/bsp_touch.o
                0x080037f0                CT_IIC_Wait_Ack
 .text.CT_IIC_Ack
                0x0800386c       0x5c ./uc-bsp/bsp_touch.o
                0x0800386c                CT_IIC_Ack
 .text.CT_IIC_NAck
                0x080038c8       0x5c ./uc-bsp/bsp_touch.o
                0x080038c8                CT_IIC_NAck
 .text.CT_IIC_Stop
                0x08003924       0x50 ./uc-bsp/bsp_touch.o
                0x08003924                CT_IIC_Stop
 .text.CT_IIC_Read_Byte
                0x08003974       0x90 ./uc-bsp/bsp_touch.o
                0x08003974                CT_IIC_Read_Byte
 .text.CT_IIC_Send_Byte
                0x08003a04       0x94 ./uc-bsp/bsp_touch.o
                0x08003a04                CT_IIC_Send_Byte
 .text.FT5206_WR_Reg
                0x08003a98       0x72 ./uc-bsp/bsp_touch.o
                0x08003a98                FT5206_WR_Reg
 .text.FT5206_RD_Reg
                0x08003b0a       0x7a ./uc-bsp/bsp_touch.o
                0x08003b0a                FT5206_RD_Reg
 .text.FT5206_Init
                0x08003b84      0x128 ./uc-bsp/bsp_touch.o
                0x08003b84                FT5206_Init
 .text.FT5206_Scan
                0x08003cac       0xc8 ./uc-bsp/bsp_touch.o
                0x08003cac                FT5206_Scan
 .text.EXTI9_5_IRQHandler
                0x08003d74       0x2c ./uc-bsp/bsp_touch.o
                0x08003d74                EXTI9_5_IRQHandler
 .text.BSP_UART_Init
                0x08003da0       0x5c ./uc-bsp/bsp_uart.o
                0x08003da0                BSP_UART_Init
 .text.HAL_UART_MspInit
                0x08003dfc       0xf8 ./uc-bsp/bsp_uart.o
                0x08003dfc                HAL_UART_MspInit
 .text._write   0x08003ef4       0x2c ./uc-bsp/bsp_uart.o
                0x08003ef4                _write
 .text.CPU_TS_TmrInit
                0x08003f20       0x74 ./uc-bsp/cpu_bsp.o
                0x08003f20                CPU_TS_TmrInit
 .text.CPU_TS_TmrRd
                0x08003f94       0x1c ./uc-bsp/cpu_bsp.o
                0x08003f94                CPU_TS_TmrRd
 .text.OSCfg_Init
                0x08003fb0        0xc ./uCOS-III/Source/os_cfg_app.o
                0x08003fb0                OSCfg_Init
 .text.OSInit   0x08003fbc      0x1c4 ./uCOS-III/Source/os_core.o
                0x08003fbc                OSInit
 .text.OSIntEnter
                0x08004180       0x38 ./uCOS-III/Source/os_core.o
                0x08004180                OSIntEnter
 .text.OSIntExit
                0x080041b8       0xd8 ./uCOS-III/Source/os_core.o
                0x080041b8                OSIntExit
 .text.OSSched  0x08004290       0xa8 ./uCOS-III/Source/os_core.o
                0x08004290                OSSched
 .text.OSSchedLock
                0x08004338       0x7c ./uCOS-III/Source/os_core.o
                0x08004338                OSSchedLock
 .text.OSSchedUnlock
                0x080043b4       0x9c ./uCOS-III/Source/os_core.o
                0x080043b4                OSSchedUnlock
 .text.OSStart  0x08004450       0xc8 ./uCOS-III/Source/os_core.o
                0x08004450                OSStart
 .text.OS_IdleTask
                0x08004518       0x44 ./uCOS-III/Source/os_core.o
                0x08004518                OS_IdleTask
 .text.OS_IdleTaskInit
                0x0800455c       0x68 ./uCOS-III/Source/os_core.o
                0x0800455c                OS_IdleTaskInit
 .text.OS_Pend  0x080045c4       0x70 ./uCOS-III/Source/os_core.o
                0x080045c4                OS_Pend
 .text.OS_PendDbgNameAdd
                0x08004634       0x74 ./uCOS-III/Source/os_core.o
                0x08004634                OS_PendDbgNameAdd
 .text.OS_PendDbgNameRemove
                0x080046a8       0x48 ./uCOS-III/Source/os_core.o
                0x080046a8                OS_PendDbgNameRemove
 .text.OS_PendListChangePrio
                0x080046f0       0x3a ./uCOS-III/Source/os_core.o
                0x080046f0                OS_PendListChangePrio
 .text.OS_PendListInit
                0x0800472a       0x24 ./uCOS-III/Source/os_core.o
                0x0800472a                OS_PendListInit
 .text.OS_PendListInsertPrio
                0x0800474e       0xd6 ./uCOS-III/Source/os_core.o
                0x0800474e                OS_PendListInsertPrio
 .text.OS_PendListRemove
                0x08004824       0xa8 ./uCOS-III/Source/os_core.o
                0x08004824                OS_PendListRemove
 .text.OS_Post  0x080048cc       0xf4 ./uCOS-III/Source/os_core.o
                0x080048cc                OS_Post
 .text.OS_RdyListInit
                0x080049c0       0x48 ./uCOS-III/Source/os_core.o
                0x080049c0                OS_RdyListInit
 .text.OS_RdyListInsert
                0x08004a08       0x3c ./uCOS-III/Source/os_core.o
                0x08004a08                OS_RdyListInsert
 .text.OS_RdyListInsertHead
                0x08004a44       0x80 ./uCOS-III/Source/os_core.o
                0x08004a44                OS_RdyListInsertHead
 .text.OS_RdyListInsertTail
                0x08004ac4       0x80 ./uCOS-III/Source/os_core.o
                0x08004ac4                OS_RdyListInsertTail
 .text.OS_RdyListRemove
                0x08004b44       0xb0 ./uCOS-III/Source/os_core.o
                0x08004b44                OS_RdyListRemove
 .text.OS_TaskBlock
                0x08004bf4       0x40 ./uCOS-III/Source/os_core.o
                0x08004bf4                OS_TaskBlock
 .text.OS_Dbg_Init
                0x08004c34      0x220 ./uCOS-III/Source/os_dbg.o
                0x08004c34                OS_Dbg_Init
 .text.OS_MemInit
                0x08004e54       0x2c ./uCOS-III/Source/os_mem.o
                0x08004e54                OS_MemInit
 .text.OS_MsgPoolInit
                0x08004e80       0xcc ./uCOS-III/Source/os_msg.o
                0x08004e80                OS_MsgPoolInit
 .text.OS_MsgQFreeAll
                0x08004f4c       0x74 ./uCOS-III/Source/os_msg.o
                0x08004f4c                OS_MsgQFreeAll
 .text.OS_MsgQInit
                0x08004fc0       0x34 ./uCOS-III/Source/os_msg.o
                0x08004fc0                OS_MsgQInit
 .text.OS_MsgQGet
                0x08004ff4       0xbc ./uCOS-III/Source/os_msg.o
                0x08004ff4                OS_MsgQGet
 .text.OS_MsgQPut
                0x080050b0      0x110 ./uCOS-III/Source/os_msg.o
                0x080050b0                OS_MsgQPut
 .text.OSMutexCreate
                0x080051c0       0xa0 ./uCOS-III/Source/os_mutex.o
                0x080051c0                OSMutexCreate
 .text.OSMutexPend
                0x08005260      0x258 ./uCOS-III/Source/os_mutex.o
                0x08005260                OSMutexPend
 .text.OSMutexPost
                0x080054b8      0x1cc ./uCOS-III/Source/os_mutex.o
                0x080054b8                OSMutexPost
 .text.OS_MutexDbgListAdd
                0x08005684       0x4c ./uCOS-III/Source/os_mutex.o
                0x08005684                OS_MutexDbgListAdd
 .text.OS_MutexGrpAdd
                0x080056d0       0x22 ./uCOS-III/Source/os_mutex.o
                0x080056d0                OS_MutexGrpAdd
 .text.OS_MutexGrpRemove
                0x080056f2       0x38 ./uCOS-III/Source/os_mutex.o
                0x080056f2                OS_MutexGrpRemove
 .text.OS_MutexGrpPrioFindHighest
                0x0800572a       0x52 ./uCOS-III/Source/os_mutex.o
                0x0800572a                OS_MutexGrpPrioFindHighest
 .text.OS_MutexGrpPostAll
                0x0800577c       0x86 ./uCOS-III/Source/os_mutex.o
                0x0800577c                OS_MutexGrpPostAll
 *fill*         0x08005802        0x2 
 .text.OS_PrioInit
                0x08005804       0x30 ./uCOS-III/Source/os_prio.o
                0x08005804                OS_PrioInit
 .text.OS_PrioGetHighest
                0x08005834       0x30 ./uCOS-III/Source/os_prio.o
                0x08005834                OS_PrioGetHighest
 .text.OS_PrioInsert
                0x08005864       0x48 ./uCOS-III/Source/os_prio.o
                0x08005864                OS_PrioInsert
 .text.OS_PrioRemove
                0x080058ac       0x48 ./uCOS-III/Source/os_prio.o
                0x080058ac                OS_PrioRemove
 .text.OSQCreate
                0x080058f4       0xa8 ./uCOS-III/Source/os_q.o
                0x080058f4                OSQCreate
 .text.OSQPend  0x0800599c      0x1fc ./uCOS-III/Source/os_q.o
                0x0800599c                OSQPend
 .text.OSQPost  0x08005b98      0x144 ./uCOS-III/Source/os_q.o
                0x08005b98                OSQPost
 .text.OS_QDbgListAdd
                0x08005cdc       0x4c ./uCOS-III/Source/os_q.o
                0x08005cdc                OS_QDbgListAdd
 .text.OSStatReset
                0x08005d28      0x154 ./uCOS-III/Source/os_stat.o
                0x08005d28                OSStatReset
 .text.OSStatTaskCPUUsageInit
                0x08005e7c      0x10c ./uCOS-III/Source/os_stat.o
                0x08005e7c                OSStatTaskCPUUsageInit
 .text.OS_StatTask
                0x08005f88      0x350 ./uCOS-III/Source/os_stat.o
                0x08005f88                OS_StatTask
 .text.OS_StatTaskInit
                0x080062d8       0xd4 ./uCOS-III/Source/os_stat.o
                0x080062d8                OS_StatTaskInit
 .text.OSTaskCreate
                0x080063ac      0x22c ./uCOS-III/Source/os_task.o
                0x080063ac                OSTaskCreate
 .text.OSTaskDel
                0x080065d8      0x1e8 ./uCOS-III/Source/os_task.o
                0x080065d8                OSTaskDel
 .text.OSTaskResume
                0x080067c0      0x190 ./uCOS-III/Source/os_task.o
                0x080067c0                OSTaskResume
 .text.OSTaskSemPend
                0x08006950      0x204 ./uCOS-III/Source/os_task.o
                0x08006950                OSTaskSemPend
 .text.OSTaskSemPost
                0x08006b54      0x15c ./uCOS-III/Source/os_task.o
                0x08006b54                OSTaskSemPost
 .text.OSTaskStkChk
                0x08006cb0      0x100 ./uCOS-III/Source/os_task.o
                0x08006cb0                OSTaskStkChk
 .text.OSTaskSuspend
                0x08006db0      0x1ac ./uCOS-III/Source/os_task.o
                0x08006db0                OSTaskSuspend
 .text.OS_TaskDbgListAdd
                0x08006f5c       0x4c ./uCOS-III/Source/os_task.o
                0x08006f5c                OS_TaskDbgListAdd
 .text.OS_TaskDbgListRemove
                0x08006fa8       0x84 ./uCOS-III/Source/os_task.o
                0x08006fa8                OS_TaskDbgListRemove
 .text.OS_TaskInit
                0x0800702c       0x38 ./uCOS-III/Source/os_task.o
                0x0800702c                OS_TaskInit
 .text.OS_TaskInitTCB
                0x08007064      0x1b0 ./uCOS-III/Source/os_task.o
                0x08007064                OS_TaskInitTCB
 .text.OS_TaskReturn
                0x08007214       0x28 ./uCOS-III/Source/os_task.o
                0x08007214                OS_TaskReturn
 .text.OS_TaskChangePrio
                0x0800723c      0x148 ./uCOS-III/Source/os_task.o
                0x0800723c                OS_TaskChangePrio
 .text.OS_TickTask
                0x08007384       0x74 ./uCOS-III/Source/os_tick.o
                0x08007384                OS_TickTask
 .text.OS_TickTaskInit
                0x080073f8       0xd8 ./uCOS-III/Source/os_tick.o
                0x080073f8                OS_TickTaskInit
 .text.OS_TickListInsert
                0x080074d0      0x12c ./uCOS-III/Source/os_tick.o
                0x080074d0                OS_TickListInsert
 .text.OS_TickListInsertDly
                0x080075fc       0xf8 ./uCOS-III/Source/os_tick.o
                0x080075fc                OS_TickListInsertDly
 .text.OS_TickListRemove
                0x080076f4       0xc8 ./uCOS-III/Source/os_tick.o
                0x080076f4                OS_TickListRemove
 .text.OS_TickListUpdateDly
                0x080077bc       0xfc ./uCOS-III/Source/os_tick.o
 .text.OS_TickListUpdateTimeout
                0x080078b8      0x19c ./uCOS-III/Source/os_tick.o
 .text.OSTimeDly
                0x08007a54       0xe0 ./uCOS-III/Source/os_time.o
                0x08007a54                OSTimeDly
 .text.OSTimeGet
                0x08007b34       0x3c ./uCOS-III/Source/os_time.o
                0x08007b34                OSTimeGet
 .text.OSTimeTick
                0x08007b70       0x64 ./uCOS-III/Source/os_time.o
                0x08007b70                OSTimeTick
 .text.OS_TmrInit
                0x08007bd4      0x138 ./uCOS-III/Source/os_tmr.o
                0x08007bd4                OS_TmrInit
 .text.OS_TmrUnlink
                0x08007d0c       0x7c ./uCOS-III/Source/os_tmr.o
                0x08007d0c                OS_TmrUnlink
 .text.OS_TmrTask
                0x08007d88       0xd0 ./uCOS-III/Source/os_tmr.o
                0x08007d88                OS_TmrTask
 .text.OS_TmrLock
                0x08007e58       0x24 ./uCOS-III/Source/os_tmr.o
 .text.OS_TmrUnlock
                0x08007e7c       0x20 ./uCOS-III/Source/os_tmr.o
 .text.OSIdleTaskHook
                0x08007e9c       0x1c ./uCOS-III/Ports/ARM-Cortex-M/ARMv7-M/GNU/os_cpu_c.o
                0x08007e9c                OSIdleTaskHook
 .text.OSInitHook
                0x08007eb8       0x38 ./uCOS-III/Ports/ARM-Cortex-M/ARMv7-M/GNU/os_cpu_c.o
                0x08007eb8                OSInitHook
 .text.OSStatTaskHook
                0x08007ef0       0x1c ./uCOS-III/Ports/ARM-Cortex-M/ARMv7-M/GNU/os_cpu_c.o
                0x08007ef0                OSStatTaskHook
 .text.OSTaskCreateHook
                0x08007f0c       0x24 ./uCOS-III/Ports/ARM-Cortex-M/ARMv7-M/GNU/os_cpu_c.o
                0x08007f0c                OSTaskCreateHook
 .text.OSTaskDelHook
                0x08007f30       0x24 ./uCOS-III/Ports/ARM-Cortex-M/ARMv7-M/GNU/os_cpu_c.o
                0x08007f30                OSTaskDelHook
 .text.OSTaskReturnHook
                0x08007f54       0x24 ./uCOS-III/Ports/ARM-Cortex-M/ARMv7-M/GNU/os_cpu_c.o
                0x08007f54                OSTaskReturnHook
 .text.OSTaskStkInit
                0x08007f78      0x118 ./uCOS-III/Ports/ARM-Cortex-M/ARMv7-M/GNU/os_cpu_c.o
                0x08007f78                OSTaskStkInit
 .text.OSTaskSwHook
                0x08008090       0x90 ./uCOS-III/Ports/ARM-Cortex-M/ARMv7-M/GNU/os_cpu_c.o
                0x08008090                OSTaskSwHook
 .text.OSTimeTickHook
                0x08008120       0x1c ./uCOS-III/Ports/ARM-Cortex-M/ARMv7-M/GNU/os_cpu_c.o
                0x08008120                OSTimeTickHook
 .text.OS_CPU_SysTickHandler
                0x0800813c       0x32 ./uCOS-III/Ports/ARM-Cortex-M/ARMv7-M/GNU/os_cpu_c.o
                0x0800813c                OS_CPU_SysTickHandler
 *fill*         0x0800816e        0x2 
 .text.OS_CPU_SysTickInitFreq
                0x08008170       0x28 ./uCOS-III/Ports/ARM-Cortex-M/ARMv7-M/GNU/os_cpu_c.o
                0x08008170                OS_CPU_SysTickInitFreq
 .text.OS_CPU_SysTickInit
                0x08008198       0x54 ./uCOS-III/Ports/ARM-Cortex-M/ARMv7-M/GNU/os_cpu_c.o
                0x08008198                OS_CPU_SysTickInit
 .text.Math_Init
                0x080081ec        0xe ./uC-LIB/lib_math.o
                0x080081ec                Math_Init
 *fill*         0x080081fa        0x2 
 .text.Math_RandSetSeed
                0x080081fc       0x34 ./uC-LIB/lib_math.o
                0x080081fc                Math_RandSetSeed
 .text.Mem_Init
                0x08008230       0x4c ./uC-LIB/lib_mem.o
                0x08008230                Mem_Init
 .text.Mem_Clr  0x0800827c       0x1c ./uC-LIB/lib_mem.o
                0x0800827c                Mem_Clr
 .text.Mem_Set  0x08008298       0xb4 ./uC-LIB/lib_mem.o
                0x08008298                Mem_Set
 .text.Mem_SegCreate
                0x0800834c       0x46 ./uC-LIB/lib_mem.o
                0x0800834c                Mem_SegCreate
 *fill*         0x08008392        0x2 
 .text.Mem_SegCreateCritical
                0x08008394       0x48 ./uC-LIB/lib_mem.o
 .text.CPU_Init
                0x080083dc       0x14 ./uC-CPU/cpu_core.o
                0x080083dc                CPU_Init
 .text.CPU_SW_Exception
                0x080083f0        0x6 ./uC-CPU/cpu_core.o
                0x080083f0                CPU_SW_Exception
 *fill*         0x080083f6        0x2 
 .text.CPU_NameClr
                0x080083f8       0x34 ./uC-CPU/cpu_core.o
                0x080083f8                CPU_NameClr
 .text.CPU_TS_TmrFreqSet
                0x0800842c       0x1c ./uC-CPU/cpu_core.o
                0x0800842c                CPU_TS_TmrFreqSet
 .text.CPU_IntDisMeasMaxCurReset
                0x08008448       0x30 ./uC-CPU/cpu_core.o
                0x08008448                CPU_IntDisMeasMaxCurReset
 .text.CPU_IntDisMeasMaxCurGet
                0x08008478       0x34 ./uC-CPU/cpu_core.o
                0x08008478                CPU_IntDisMeasMaxCurGet
 .text.CPU_IntDisMeasMaxGet
                0x080084ac       0x34 ./uC-CPU/cpu_core.o
                0x080084ac                CPU_IntDisMeasMaxGet
 .text.CPU_IntDisMeasStart
                0x080084e0       0x40 ./uC-CPU/cpu_core.o
                0x080084e0                CPU_IntDisMeasStart
 .text.CPU_IntDisMeasStop
                0x08008520       0x6c ./uC-CPU/cpu_core.o
                0x08008520                CPU_IntDisMeasStop
 .text.CPU_StatReset
                0x0800858c       0x18 ./uC-CPU/cpu_core.o
                0x0800858c                CPU_StatReset
 .text.CPU_NameInit
                0x080085a4        0xc ./uC-CPU/cpu_core.o
 .text.CPU_TS_Init
                0x080085b0       0x18 ./uC-CPU/cpu_core.o
 .text.CPU_IntDisMeasInit
                0x080085c8       0xa4 ./uC-CPU/cpu_core.o
 .text.CPU_IntDisMeasMaxCalc
                0x0800866c       0x38 ./uC-CPU/cpu_core.o
 .text.HAL_Init
                0x080086a4       0x2c ./hallib/Src/stm32f7xx_hal.o
                0x080086a4                HAL_Init
 .text.HAL_Delay
                0x080086d0       0x2c ./hallib/Src/stm32f7xx_hal.o
                0x080086d0                HAL_Delay
 .text.HAL_ADC_Init
                0x080086fc       0x88 ./hallib/Src/stm32f7xx_hal_adc.o
                0x080086fc                HAL_ADC_Init
 .text.HAL_ADC_Start_DMA
                0x08008784      0x1a0 ./hallib/Src/stm32f7xx_hal_adc.o
                0x08008784                HAL_ADC_Start_DMA
 .text.HAL_ADC_ConvHalfCpltCallback
                0x08008924       0x12 ./hallib/Src/stm32f7xx_hal_adc.o
                0x08008924                HAL_ADC_ConvHalfCpltCallback
 .text.HAL_ADC_ErrorCallback
                0x08008936       0x12 ./hallib/Src/stm32f7xx_hal_adc.o
                0x08008936                HAL_ADC_ErrorCallback
 .text.HAL_ADC_ConfigChannel
                0x08008948      0x26c ./hallib/Src/stm32f7xx_hal_adc.o
                0x08008948                HAL_ADC_ConfigChannel
 .text.ADC_Init
                0x08008bb4      0x204 ./hallib/Src/stm32f7xx_hal_adc.o
 .text.ADC_DMAConvCplt
                0x08008db8       0xa6 ./hallib/Src/stm32f7xx_hal_adc.o
 .text.ADC_DMAHalfConvCplt
                0x08008e5e       0x1c ./hallib/Src/stm32f7xx_hal_adc.o
 .text.ADC_DMAError
                0x08008e7a       0x2e ./hallib/Src/stm32f7xx_hal_adc.o
 .text.NVIC_SetPriorityGrouping
                0x08008ea8       0x48 ./hallib/Src/stm32f7xx_hal_cortex.o
 .text.NVIC_GetPriorityGrouping
                0x08008ef0       0x1c ./hallib/Src/stm32f7xx_hal_cortex.o
 .text.NVIC_EnableIRQ
                0x08008f0c       0x30 ./hallib/Src/stm32f7xx_hal_cortex.o
 .text.NVIC_SetPriority
                0x08008f3c       0x54 ./hallib/Src/stm32f7xx_hal_cortex.o
 .text.NVIC_EncodePriority
                0x08008f90       0x60 ./hallib/Src/stm32f7xx_hal_cortex.o
 .text.HAL_NVIC_SetPriorityGrouping
                0x08008ff0       0x16 ./hallib/Src/stm32f7xx_hal_cortex.o
                0x08008ff0                HAL_NVIC_SetPriorityGrouping
 .text.HAL_NVIC_SetPriority
                0x08009006       0x38 ./hallib/Src/stm32f7xx_hal_cortex.o
                0x08009006                HAL_NVIC_SetPriority
 .text.HAL_NVIC_EnableIRQ
                0x0800903e       0x1c ./hallib/Src/stm32f7xx_hal_cortex.o
                0x0800903e                HAL_NVIC_EnableIRQ
 *fill*         0x0800905a        0x2 
 .text.HAL_DMA_Init
                0x0800905c      0x15c ./hallib/Src/stm32f7xx_hal_dma.o
                0x0800905c                HAL_DMA_Init
 .text.HAL_DMA_Start_IT
                0x080091b8       0xc0 ./hallib/Src/stm32f7xx_hal_dma.o
                0x080091b8                HAL_DMA_Start_IT
 .text.HAL_DMA_IRQHandler
                0x08009278      0x320 ./hallib/Src/stm32f7xx_hal_dma.o
                0x08009278                HAL_DMA_IRQHandler
 .text.DMA_SetConfig
                0x08009598       0x5a ./hallib/Src/stm32f7xx_hal_dma.o
 *fill*         0x080095f2        0x2 
 .text.DMA_CalcBaseAndBitshift
                0x080095f4       0x68 ./hallib/Src/stm32f7xx_hal_dma.o
 .text.DMA_CheckFifoParam
                0x0800965c       0xf4 ./hallib/Src/stm32f7xx_hal_dma.o
 .text.HAL_GPIO_Init
                0x08009750      0x354 ./hallib/Src/stm32f7xx_hal_gpio.o
                0x08009750                HAL_GPIO_Init
 .text.HAL_GPIO_ReadPin
                0x08009aa4       0x2e ./hallib/Src/stm32f7xx_hal_gpio.o
                0x08009aa4                HAL_GPIO_ReadPin
 .text.HAL_GPIO_WritePin
                0x08009ad2       0x30 ./hallib/Src/stm32f7xx_hal_gpio.o
                0x08009ad2                HAL_GPIO_WritePin
 *fill*         0x08009b02        0x2 
 .text.HAL_GPIO_EXTI_IRQHandler
                0x08009b04       0x30 ./hallib/Src/stm32f7xx_hal_gpio.o
                0x08009b04                HAL_GPIO_EXTI_IRQHandler
 .text.HAL_LTDC_Init
                0x08009b34      0x1b8 ./hallib/Src/stm32f7xx_hal_ltdc.o
                0x08009b34                HAL_LTDC_Init
 .text.HAL_LTDC_ConfigLayer
                0x08009cec       0x7c ./hallib/Src/stm32f7xx_hal_ltdc.o
                0x08009cec                HAL_LTDC_ConfigLayer
 .text.HAL_LTDC_SetWindowSize
                0x08009d68       0x98 ./hallib/Src/stm32f7xx_hal_ltdc.o
                0x08009d68                HAL_LTDC_SetWindowSize
 .text.HAL_LTDC_SetWindowPosition
                0x08009e00       0x8c ./hallib/Src/stm32f7xx_hal_ltdc.o
                0x08009e00                HAL_LTDC_SetWindowPosition
 .text.LTDC_SetConfig
                0x08009e8c      0x34c ./hallib/Src/stm32f7xx_hal_ltdc.o
 .text.HAL_PWREx_EnableOverDrive
                0x0800a1d8       0xa0 ./hallib/Src/stm32f7xx_hal_pwr_ex.o
                0x0800a1d8                HAL_PWREx_EnableOverDrive
 .text.HAL_RCC_OscConfig
                0x0800a278      0x56c ./hallib/Src/stm32f7xx_hal_rcc.o
                0x0800a278                HAL_RCC_OscConfig
 .text.HAL_RCC_ClockConfig
                0x0800a7e4      0x1fc ./hallib/Src/stm32f7xx_hal_rcc.o
                0x0800a7e4                HAL_RCC_ClockConfig
 .text.HAL_RCC_GetSysClockFreq
                0x0800a9e0       0xfc ./hallib/Src/stm32f7xx_hal_rcc.o
                0x0800a9e0                HAL_RCC_GetSysClockFreq
 .text.HAL_RCC_GetHCLKFreq
                0x0800aadc       0x14 ./hallib/Src/stm32f7xx_hal_rcc.o
                0x0800aadc                HAL_RCC_GetHCLKFreq
 .text.HAL_RCC_GetPCLK1Freq
                0x0800aaf0       0x44 ./hallib/Src/stm32f7xx_hal_rcc.o
                0x0800aaf0                HAL_RCC_GetPCLK1Freq
 .text.HAL_RCC_GetPCLK2Freq
                0x0800ab34       0x44 ./hallib/Src/stm32f7xx_hal_rcc.o
                0x0800ab34                HAL_RCC_GetPCLK2Freq
 .text.HAL_RCCEx_PeriphCLKConfig
                0x0800ab78      0xe8c ./hallib/Src/stm32f7xx_hal_rcc_ex.o
                0x0800ab78                HAL_RCCEx_PeriphCLKConfig
 .text.HAL_SDRAM_Init
                0x0800ba04       0x68 ./hallib/Src/stm32f7xx_hal_sdram.o
                0x0800ba04                HAL_SDRAM_Init
 .text.HAL_SDRAM_SendCommand
                0x0800ba6c       0x56 ./hallib/Src/stm32f7xx_hal_sdram.o
                0x0800ba6c                HAL_SDRAM_SendCommand
 .text.HAL_SDRAM_ProgramRefreshRate
                0x0800bac2       0x40 ./hallib/Src/stm32f7xx_hal_sdram.o
                0x0800bac2                HAL_SDRAM_ProgramRefreshRate
 .text.HAL_TIM_Base_Init
                0x0800bb02       0x56 ./hallib/Src/stm32f7xx_hal_tim.o
                0x0800bb02                HAL_TIM_Base_Init
 .text.HAL_TIM_Base_Start_IT
                0x0800bb58       0x34 ./hallib/Src/stm32f7xx_hal_tim.o
                0x0800bb58                HAL_TIM_Base_Start_IT
 .text.HAL_TIM_PWM_Init
                0x0800bb8c       0x56 ./hallib/Src/stm32f7xx_hal_tim.o
                0x0800bb8c                HAL_TIM_PWM_Init
 *fill*         0x0800bbe2        0x2 
 .text.HAL_TIM_PWM_Start
                0x0800bbe4       0x68 ./hallib/Src/stm32f7xx_hal_tim.o
                0x0800bbe4                HAL_TIM_PWM_Start
 .text.HAL_TIM_IC_Init
                0x0800bc4c       0x56 ./hallib/Src/stm32f7xx_hal_tim.o
                0x0800bc4c                HAL_TIM_IC_Init
 *fill*         0x0800bca2        0x2 
 .text.HAL_TIM_IC_Start_IT
                0x0800bca4       0xc0 ./hallib/Src/stm32f7xx_hal_tim.o
                0x0800bca4                HAL_TIM_IC_Start_IT
 .text.HAL_TIM_IRQHandler
                0x0800bd64      0x23e ./hallib/Src/stm32f7xx_hal_tim.o
                0x0800bd64                HAL_TIM_IRQHandler
 .text.HAL_TIM_IC_ConfigChannel
                0x0800bfa2      0x138 ./hallib/Src/stm32f7xx_hal_tim.o
                0x0800bfa2                HAL_TIM_IC_ConfigChannel
 *fill*         0x0800c0da        0x2 
 .text.HAL_TIM_ReadCapturedValue
                0x0800c0dc       0xa4 ./hallib/Src/stm32f7xx_hal_tim.o
                0x0800c0dc                HAL_TIM_ReadCapturedValue
 .text.HAL_TIM_OC_DelayElapsedCallback
                0x0800c180       0x12 ./hallib/Src/stm32f7xx_hal_tim.o
                0x0800c180                HAL_TIM_OC_DelayElapsedCallback
 .text.HAL_TIM_PWM_PulseFinishedCallback
                0x0800c192       0x12 ./hallib/Src/stm32f7xx_hal_tim.o
                0x0800c192                HAL_TIM_PWM_PulseFinishedCallback
 .text.HAL_TIM_TriggerCallback
                0x0800c1a4       0x12 ./hallib/Src/stm32f7xx_hal_tim.o
                0x0800c1a4                HAL_TIM_TriggerCallback
 *fill*         0x0800c1b6        0x2 
 .text.TIM_Base_SetConfig
                0x0800c1b8      0x160 ./hallib/Src/stm32f7xx_hal_tim.o
                0x0800c1b8                TIM_Base_SetConfig
 .text.TIM_OC1_SetConfig
                0x0800c318       0xe8 ./hallib/Src/stm32f7xx_hal_tim.o
                0x0800c318                TIM_OC1_SetConfig
 .text.TIM_OC2_SetConfig
                0x0800c400       0xf4 ./hallib/Src/stm32f7xx_hal_tim.o
                0x0800c400                TIM_OC2_SetConfig
 .text.TIM_OC3_SetConfig
                0x0800c4f4       0xf0 ./hallib/Src/stm32f7xx_hal_tim.o
                0x0800c4f4                TIM_OC3_SetConfig
 .text.TIM_OC4_SetConfig
                0x0800c5e4       0xc4 ./hallib/Src/stm32f7xx_hal_tim.o
                0x0800c5e4                TIM_OC4_SetConfig
 .text.TIM_TI1_SetConfig
                0x0800c6a8       0xec ./hallib/Src/stm32f7xx_hal_tim.o
                0x0800c6a8                TIM_TI1_SetConfig
 .text.TIM_TI2_SetConfig
                0x0800c794       0x80 ./hallib/Src/stm32f7xx_hal_tim.o
 .text.TIM_TI3_SetConfig
                0x0800c814       0x7e ./hallib/Src/stm32f7xx_hal_tim.o
 .text.TIM_TI4_SetConfig
                0x0800c892       0x80 ./hallib/Src/stm32f7xx_hal_tim.o
 .text.TIM_CCxChannelCmd
                0x0800c912       0x44 ./hallib/Src/stm32f7xx_hal_tim.o
                0x0800c912                TIM_CCxChannelCmd
 *fill*         0x0800c956        0x2 
 .text.HAL_TIMEx_MasterConfigSynchronization
                0x0800c958       0xa8 ./hallib/Src/stm32f7xx_hal_tim_ex.o
                0x0800c958                HAL_TIMEx_MasterConfigSynchronization
 .text.HAL_TIMEx_CommutationCallback
                0x0800ca00       0x12 ./hallib/Src/stm32f7xx_hal_tim_ex.o
                0x0800ca00                HAL_TIMEx_CommutationCallback
 .text.HAL_TIMEx_BreakCallback
                0x0800ca12       0x12 ./hallib/Src/stm32f7xx_hal_tim_ex.o
                0x0800ca12                HAL_TIMEx_BreakCallback
 .text.HAL_TIM_PWM_ConfigChannel
                0x0800ca24      0x230 ./hallib/Src/stm32f7xx_hal_tim_ex.o
                0x0800ca24                HAL_TIM_PWM_ConfigChannel
 .text.TIM_OC5_SetConfig
                0x0800cc54       0xb0 ./hallib/Src/stm32f7xx_hal_tim_ex.o
 .text.TIM_OC6_SetConfig
                0x0800cd04       0xb0 ./hallib/Src/stm32f7xx_hal_tim_ex.o
 .text.HAL_UART_Init
                0x0800cdb4       0xa2 ./hallib/Src/stm32f7xx_hal_uart.o
                0x0800cdb4                HAL_UART_Init
 .text.HAL_UART_Transmit
                0x0800ce56      0x116 ./hallib/Src/stm32f7xx_hal_uart.o
                0x0800ce56                HAL_UART_Transmit
 .text.UART_WaitOnFlagUntilTimeout
                0x0800cf6c       0x94 ./hallib/Src/stm32f7xx_hal_uart.o
                0x0800cf6c                UART_WaitOnFlagUntilTimeout
 .text.UART_SetConfig
                0x0800d000      0x4dc ./hallib/Src/stm32f7xx_hal_uart.o
                0x0800d000                UART_SetConfig
 .text.UART_AdvFeatureConfig
                0x0800d4dc      0x142 ./hallib/Src/stm32f7xx_hal_uart.o
                0x0800d4dc                UART_AdvFeatureConfig
 .text.UART_CheckIdleState
                0x0800d61e       0x66 ./hallib/Src/stm32f7xx_hal_uart.o
                0x0800d61e                UART_CheckIdleState
 .text.FMC_SDRAM_Init
                0x0800d684       0xe0 ./hallib/Src/stm32f7xx_ll_fmc.o
                0x0800d684                FMC_SDRAM_Init
 .text.FMC_SDRAM_Timing_Init
                0x0800d764       0xfc ./hallib/Src/stm32f7xx_ll_fmc.o
                0x0800d764                FMC_SDRAM_Timing_Init
 .text.FMC_SDRAM_SendCommand
                0x0800d860       0x78 ./hallib/Src/stm32f7xx_ll_fmc.o
                0x0800d860                FMC_SDRAM_SendCommand
 .text.FMC_SDRAM_ProgramRefreshRate
                0x0800d8d8       0x24 ./hallib/Src/stm32f7xx_ll_fmc.o
                0x0800d8d8                FMC_SDRAM_ProgramRefreshRate
 .text.HAL_MspInit
                0x0800d8fc        0xc ./hallib/stm32f7xx_hal_msp.o
                0x0800d8fc                HAL_MspInit
 .text.Reset_Handler
                0x0800d908       0x50 ./core/startup_stm32f767xx.o
                0x0800d908                Reset_Handler
 .text.Default_Handler
                0x0800d958        0x2 ./core/startup_stm32f767xx.o
                0x0800d958                RTC_Alarm_IRQHandler
                0x0800d958                TIM8_CC_IRQHandler
                0x0800d958                DebugMon_Handler
                0x0800d958                UART8_IRQHandler
                0x0800d958                SPI4_IRQHandler
                0x0800d958                TIM1_CC_IRQHandler
                0x0800d958                DMA2_Stream5_IRQHandler
                0x0800d958                HardFault_Handler
                0x0800d958                JPEG_IRQHandler
                0x0800d958                DMA1_Stream5_IRQHandler
                0x0800d958                SysTick_Handler
                0x0800d958                CAN3_RX1_IRQHandler
                0x0800d958                PVD_IRQHandler
                0x0800d958                TAMP_STAMP_IRQHandler
                0x0800d958                PendSV_Handler
                0x0800d958                NMI_Handler
                0x0800d958                CAN2_RX1_IRQHandler
                0x0800d958                TIM8_TRG_COM_TIM14_IRQHandler
                0x0800d958                DFSDM1_FLT1_IRQHandler
                0x0800d958                TIM1_UP_TIM10_IRQHandler
                0x0800d958                TIM8_UP_TIM13_IRQHandler
                0x0800d958                I2C3_ER_IRQHandler
                0x0800d958                DFSDM1_FLT2_IRQHandler
                0x0800d958                EXTI0_IRQHandler
                0x0800d958                I2C2_EV_IRQHandler
                0x0800d958                DMA1_Stream2_IRQHandler
                0x0800d958                CAN1_RX0_IRQHandler
                0x0800d958                FPU_IRQHandler
                0x0800d958                OTG_HS_WKUP_IRQHandler
                0x0800d958                CAN3_SCE_IRQHandler
                0x0800d958                UsageFault_Handler
                0x0800d958                LTDC_ER_IRQHandler
                0x0800d958                CAN2_SCE_IRQHandler
                0x0800d958                DMA2_Stream2_IRQHandler
                0x0800d958                SPI1_IRQHandler
                0x0800d958                TIM6_DAC_IRQHandler
                0x0800d958                TIM1_BRK_TIM9_IRQHandler
                0x0800d958                DCMI_IRQHandler
                0x0800d958                CAN2_RX0_IRQHandler
                0x0800d958                DMA2_Stream3_IRQHandler
                0x0800d958                SAI2_IRQHandler
                0x0800d958                DFSDM1_FLT3_IRQHandler
                0x0800d958                USART6_IRQHandler
                0x0800d958                CAN3_RX0_IRQHandler
                0x0800d958                USART3_IRQHandler
                0x0800d958                CAN1_RX1_IRQHandler
                0x0800d958                UART5_IRQHandler
                0x0800d958                TIM4_IRQHandler
                0x0800d958                QUADSPI_IRQHandler
                0x0800d958                I2C1_EV_IRQHandler
                0x0800d958                DMA1_Stream6_IRQHandler
                0x0800d958                DMA1_Stream1_IRQHandler
                0x0800d958                UART4_IRQHandler
                0x0800d958                RCC_IRQHandler
                0x0800d958                TIM8_BRK_TIM12_IRQHandler
                0x0800d958                Default_Handler
                0x0800d958                CEC_IRQHandler
                0x0800d958                EXTI15_10_IRQHandler
                0x0800d958                ADC_IRQHandler
                0x0800d958                DMA1_Stream7_IRQHandler
                0x0800d958                SPI5_IRQHandler
                0x0800d958                TIM7_IRQHandler
                0x0800d958                SDMMC1_IRQHandler
                0x0800d958                CAN2_TX_IRQHandler
                0x0800d958                DMA2_Stream7_IRQHandler
                0x0800d958                I2C3_EV_IRQHandler
                0x0800d958                RTC_WKUP_IRQHandler
                0x0800d958                LTDC_IRQHandler
                0x0800d958                ETH_WKUP_IRQHandler
                0x0800d958                SPDIF_RX_IRQHandler
                0x0800d958                SPI2_IRQHandler
                0x0800d958                OTG_HS_EP1_IN_IRQHandler
                0x0800d958                MemManage_Handler
                0x0800d958                DMA1_Stream0_IRQHandler
                0x0800d958                CAN1_TX_IRQHandler
                0x0800d958                SVC_Handler
                0x0800d958                EXTI4_IRQHandler
                0x0800d958                RNG_IRQHandler
                0x0800d958                ETH_IRQHandler
                0x0800d958                OTG_HS_EP1_OUT_IRQHandler
                0x0800d958                WWDG_IRQHandler
                0x0800d958                SPI6_IRQHandler
                0x0800d958                MDIOS_IRQHandler
                0x0800d958                I2C4_EV_IRQHandler
                0x0800d958                CAN3_TX_IRQHandler
                0x0800d958                OTG_FS_WKUP_IRQHandler
                0x0800d958                TIM1_TRG_COM_TIM11_IRQHandler
                0x0800d958                OTG_HS_IRQHandler
                0x0800d958                DMA2D_IRQHandler
                0x0800d958                EXTI1_IRQHandler
                0x0800d958                SDMMC2_IRQHandler
                0x0800d958                UART7_IRQHandler
                0x0800d958                USART2_IRQHandler
                0x0800d958                DFSDM1_FLT0_IRQHandler
                0x0800d958                I2C2_ER_IRQHandler
                0x0800d958                DMA2_Stream1_IRQHandler
                0x0800d958                CAN1_SCE_IRQHandler
                0x0800d958                FLASH_IRQHandler
                0x0800d958                DMA2_Stream4_IRQHandler
                0x0800d958                BusFault_Handler
                0x0800d958                USART1_IRQHandler
                0x0800d958                OTG_FS_IRQHandler
                0x0800d958                SPI3_IRQHandler
                0x0800d958                DMA1_Stream4_IRQHandler
                0x0800d958                I2C1_ER_IRQHandler
                0x0800d958                FMC_IRQHandler
                0x0800d958                LPTIM1_IRQHandler
                0x0800d958                I2C4_ER_IRQHandler
                0x0800d958                DMA2_Stream6_IRQHandler
                0x0800d958                SAI1_IRQHandler
                0x0800d958                DMA1_Stream3_IRQHandler
 *fill*         0x0800d95a        0x2 
 .text.SystemInit
                0x0800d95c       0x5c ./core/system_stm32f7xx.o
                0x0800d95c                SystemInit
 .text.__libc_init_array
                0x0800d9b8       0x50 c:/program files (x86)/gnu tools arm embedded/6 2017-q1-update/bin/../lib/gcc/arm-none-eabi/6.3.1/../../../../arm-none-eabi/lib/thumb/v7e-m\libg.a(lib_a-init.o)
                0x0800d9b8                __libc_init_array
 .text.memset   0x0800da08       0x9c c:/program files (x86)/gnu tools arm embedded/6 2017-q1-update/bin/../lib/gcc/arm-none-eabi/6.3.1/../../../../arm-none-eabi/lib/thumb/v7e-m\libg.a(lib_a-memset.o)
                0x0800da08                memset
 .text.printf   0x0800daa4       0x28 c:/program files (x86)/gnu tools arm embedded/6 2017-q1-update/bin/../lib/gcc/arm-none-eabi/6.3.1/../../../../arm-none-eabi/lib/thumb/v7e-m\libg.a(lib_a-printf.o)
                0x0800daa4                printf
 .text.sprintf  0x0800dacc       0x4c c:/program files (x86)/gnu tools arm embedded/6 2017-q1-update/bin/../lib/gcc/arm-none-eabi/6.3.1/../../../../arm-none-eabi/lib/thumb/v7e-m\libg.a(lib_a-sprintf.o)
                0x0800dacc                sprintf
 .text._svfprintf_r
                0x0800db18     0x144c c:/program files (x86)/gnu tools arm embedded/6 2017-q1-update/bin/../lib/gcc/arm-none-eabi/6.3.1/../../../../arm-none-eabi/lib/thumb/v7e-m\libg.a(lib_a-svfprintf.o)
                0x0800db18                _svfprintf_r
 .text._vfprintf_r
                0x0800ef64     0x154c c:/program files (x86)/gnu tools arm embedded/6 2017-q1-update/bin/../lib/gcc/arm-none-eabi/6.3.1/../../../../arm-none-eabi/lib/thumb/v7e-m\libg.a(lib_a-vfprintf.o)
                0x0800ef64                _vfprintf_r
 .text.__sbprintf
                0x080104b0       0x84 c:/program files (x86)/gnu tools arm embedded/6 2017-q1-update/bin/../lib/gcc/arm-none-eabi/6.3.1/../../../../arm-none-eabi/lib/thumb/v7e-m\libg.a(lib_a-vfprintf.o)
 .text.__swsetup_r
                0x08010534       0xc8 c:/program files (x86)/gnu tools arm embedded/6 2017-q1-update/bin/../lib/gcc/arm-none-eabi/6.3.1/../../../../arm-none-eabi/lib/thumb/v7e-m\libg.a(lib_a-wsetup.o)
                0x08010534                __swsetup_r
 .text.startup.register_fini
                0x080105fc       0x14 c:/program files (x86)/gnu tools arm embedded/6 2017-q1-update/bin/../lib/gcc/arm-none-eabi/6.3.1/../../../../arm-none-eabi/lib/thumb/v7e-m\libg.a(lib_a-__call_atexit.o)
 .text.atexit   0x08010610        0xc c:/program files (x86)/gnu tools arm embedded/6 2017-q1-update/bin/../lib/gcc/arm-none-eabi/6.3.1/../../../../arm-none-eabi/lib/thumb/v7e-m\libg.a(lib_a-atexit.o)
                0x08010610                atexit
 .text.quorem   0x0801061c      0x128 c:/program files (x86)/gnu tools arm embedded/6 2017-q1-update/bin/../lib/gcc/arm-none-eabi/6.3.1/../../../../arm-none-eabi/lib/thumb/v7e-m\libg.a(lib_a-dtoa.o)
 *fill*         0x08010744        0x4 
 .text._dtoa_r  0x08010748      0xe54 c:/program files (x86)/gnu tools arm embedded/6 2017-q1-update/bin/../lib/gcc/arm-none-eabi/6.3.1/../../../../arm-none-eabi/lib/thumb/v7e-m\libg.a(lib_a-dtoa.o)
                0x08010748                _dtoa_r
 .text.__sflush_r
                0x0801159c      0x140 c:/program files (x86)/gnu tools arm embedded/6 2017-q1-update/bin/../lib/gcc/arm-none-eabi/6.3.1/../../../../arm-none-eabi/lib/thumb/v7e-m\libg.a(lib_a-fflush.o)
                0x0801159c                __sflush_r
 .text._fflush_r
                0x080116dc       0x54 c:/program files (x86)/gnu tools arm embedded/6 2017-q1-update/bin/../lib/gcc/arm-none-eabi/6.3.1/../../../../arm-none-eabi/lib/thumb/v7e-m\libg.a(lib_a-fflush.o)
                0x080116dc                _fflush_r
 .text._cleanup_r
                0x08011730        0xc c:/program files (x86)/gnu tools arm embedded/6 2017-q1-update/bin/../lib/gcc/arm-none-eabi/6.3.1/../../../../arm-none-eabi/lib/thumb/v7e-m\libg.a(lib_a-findfp.o)
                0x08011730                _cleanup_r
 .text.std.isra.0
                0x0801173c       0x50 c:/program files (x86)/gnu tools arm embedded/6 2017-q1-update/bin/../lib/gcc/arm-none-eabi/6.3.1/../../../../arm-none-eabi/lib/thumb/v7e-m\libg.a(lib_a-findfp.o)
 .text.__sinit  0x0801178c       0x58 c:/program files (x86)/gnu tools arm embedded/6 2017-q1-update/bin/../lib/gcc/arm-none-eabi/6.3.1/../../../../arm-none-eabi/lib/thumb/v7e-m\libg.a(lib_a-findfp.o)
                0x0801178c                __sinit
 .text.__sfp_lock_acquire
                0x080117e4        0xc c:/program files (x86)/gnu tools arm embedded/6 2017-q1-update/bin/../lib/gcc/arm-none-eabi/6.3.1/../../../../arm-none-eabi/lib/thumb/v7e-m\libg.a(lib_a-findfp.o)
                0x080117e4                __sfp_lock_acquire
 .text.__sfp_lock_release
                0x080117f0        0xc c:/program files (x86)/gnu tools arm embedded/6 2017-q1-update/bin/../lib/gcc/arm-none-eabi/6.3.1/../../../../arm-none-eabi/lib/thumb/v7e-m\libg.a(lib_a-findfp.o)
                0x080117f0                __sfp_lock_release
 .text.__libc_fini_array
                0x080117fc       0x34 c:/program files (x86)/gnu tools arm embedded/6 2017-q1-update/bin/../lib/gcc/arm-none-eabi/6.3.1/../../../../arm-none-eabi/lib/thumb/v7e-m\libg.a(lib_a-fini.o)
                0x080117fc                __libc_fini_array
 .text._malloc_trim_r
                0x08011830       0xa0 c:/program files (x86)/gnu tools arm embedded/6 2017-q1-update/bin/../lib/gcc/arm-none-eabi/6.3.1/../../../../arm-none-eabi/lib/thumb/v7e-m\libg.a(lib_a-freer.o)
                0x08011830                _malloc_trim_r
 .text._free_r  0x080118d0      0x1cc c:/program files (x86)/gnu tools arm embedded/6 2017-q1-update/bin/../lib/gcc/arm-none-eabi/6.3.1/../../../../arm-none-eabi/lib/thumb/v7e-m\libg.a(lib_a-freer.o)
                0x080118d0                _free_r
 .text._fwalk_reent
                0x08011a9c       0x54 c:/program files (x86)/gnu tools arm embedded/6 2017-q1-update/bin/../lib/gcc/arm-none-eabi/6.3.1/../../../../arm-none-eabi/lib/thumb/v7e-m\libg.a(lib_a-fwalk.o)
                0x08011a9c                _fwalk_reent
 .text._localeconv_r
                0x08011af0       0x1c c:/program files (x86)/gnu tools arm embedded/6 2017-q1-update/bin/../lib/gcc/arm-none-eabi/6.3.1/../../../../arm-none-eabi/lib/thumb/v7e-m\libg.a(lib_a-localeconv.o)
                0x08011af0                _localeconv_r
 .text.__retarget_lock_init_recursive
                0x08011b0c        0x4 c:/program files (x86)/gnu tools arm embedded/6 2017-q1-update/bin/../lib/gcc/arm-none-eabi/6.3.1/../../../../arm-none-eabi/lib/thumb/v7e-m\libg.a(lib_a-lock.o)
                0x08011b0c                __retarget_lock_init_recursive
 .text.__retarget_lock_close_recursive
                0x08011b10        0x4 c:/program files (x86)/gnu tools arm embedded/6 2017-q1-update/bin/../lib/gcc/arm-none-eabi/6.3.1/../../../../arm-none-eabi/lib/thumb/v7e-m\libg.a(lib_a-lock.o)
                0x08011b10                __retarget_lock_close_recursive
 .text.__retarget_lock_acquire_recursive
                0x08011b14        0x4 c:/program files (x86)/gnu tools arm embedded/6 2017-q1-update/bin/../lib/gcc/arm-none-eabi/6.3.1/../../../../arm-none-eabi/lib/thumb/v7e-m\libg.a(lib_a-lock.o)
                0x08011b14                __retarget_lock_acquire_recursive
 .text.__retarget_lock_release_recursive
                0x08011b18        0x4 c:/program files (x86)/gnu tools arm embedded/6 2017-q1-update/bin/../lib/gcc/arm-none-eabi/6.3.1/../../../../arm-none-eabi/lib/thumb/v7e-m\libg.a(lib_a-lock.o)
                0x08011b18                __retarget_lock_release_recursive
 .text.__swhatbuf_r
                0x08011b1c       0x5c c:/program files (x86)/gnu tools arm embedded/6 2017-q1-update/bin/../lib/gcc/arm-none-eabi/6.3.1/../../../../arm-none-eabi/lib/thumb/v7e-m\libg.a(lib_a-makebuf.o)
                0x08011b1c                __swhatbuf_r
 .text.__smakebuf_r
                0x08011b78       0x94 c:/program files (x86)/gnu tools arm embedded/6 2017-q1-update/bin/../lib/gcc/arm-none-eabi/6.3.1/../../../../arm-none-eabi/lib/thumb/v7e-m\libg.a(lib_a-makebuf.o)
                0x08011b78                __smakebuf_r
 .text._malloc_r
                0x08011c0c      0x560 c:/program files (x86)/gnu tools arm embedded/6 2017-q1-update/bin/../lib/gcc/arm-none-eabi/6.3.1/../../../../arm-none-eabi/lib/thumb/v7e-m\libg.a(lib_a-mallocr.o)
                0x08011c0c                _malloc_r
 .text.__malloc_lock
                0x0801216c        0xc c:/program files (x86)/gnu tools arm embedded/6 2017-q1-update/bin/../lib/gcc/arm-none-eabi/6.3.1/../../../../arm-none-eabi/lib/thumb/v7e-m\libg.a(lib_a-mlock.o)
                0x0801216c                __malloc_lock
 .text.__malloc_unlock
                0x08012178        0xc c:/program files (x86)/gnu tools arm embedded/6 2017-q1-update/bin/../lib/gcc/arm-none-eabi/6.3.1/../../../../arm-none-eabi/lib/thumb/v7e-m\libg.a(lib_a-mlock.o)
                0x08012178                __malloc_unlock
 .text._Balloc  0x08012184       0x4c c:/program files (x86)/gnu tools arm embedded/6 2017-q1-update/bin/../lib/gcc/arm-none-eabi/6.3.1/../../../../arm-none-eabi/lib/thumb/v7e-m\libg.a(lib_a-mprec.o)
                0x08012184                _Balloc
 .text._Bfree   0x080121d0       0x14 c:/program files (x86)/gnu tools arm embedded/6 2017-q1-update/bin/../lib/gcc/arm-none-eabi/6.3.1/../../../../arm-none-eabi/lib/thumb/v7e-m\libg.a(lib_a-mprec.o)
                0x080121d0                _Bfree
 .text.__multadd
                0x080121e4       0x80 c:/program files (x86)/gnu tools arm embedded/6 2017-q1-update/bin/../lib/gcc/arm-none-eabi/6.3.1/../../../../arm-none-eabi/lib/thumb/v7e-m\libg.a(lib_a-mprec.o)
                0x080121e4                __multadd
 .text.__hi0bits
                0x08012264       0x40 c:/program files (x86)/gnu tools arm embedded/6 2017-q1-update/bin/../lib/gcc/arm-none-eabi/6.3.1/../../../../arm-none-eabi/lib/thumb/v7e-m\libg.a(lib_a-mprec.o)
                0x08012264                __hi0bits
 .text.__lo0bits
                0x080122a4       0x60 c:/program files (x86)/gnu tools arm embedded/6 2017-q1-update/bin/../lib/gcc/arm-none-eabi/6.3.1/../../../../arm-none-eabi/lib/thumb/v7e-m\libg.a(lib_a-mprec.o)
                0x080122a4                __lo0bits
 .text.__i2b    0x08012304       0x14 c:/program files (x86)/gnu tools arm embedded/6 2017-q1-update/bin/../lib/gcc/arm-none-eabi/6.3.1/../../../../arm-none-eabi/lib/thumb/v7e-m\libg.a(lib_a-mprec.o)
                0x08012304                __i2b
 .text.__multiply
                0x08012318      0x124 c:/program files (x86)/gnu tools arm embedded/6 2017-q1-update/bin/../lib/gcc/arm-none-eabi/6.3.1/../../../../arm-none-eabi/lib/thumb/v7e-m\libg.a(lib_a-mprec.o)
                0x08012318                __multiply
 .text.__pow5mult
                0x0801243c       0xa0 c:/program files (x86)/gnu tools arm embedded/6 2017-q1-update/bin/../lib/gcc/arm-none-eabi/6.3.1/../../../../arm-none-eabi/lib/thumb/v7e-m\libg.a(lib_a-mprec.o)
                0x0801243c                __pow5mult
 .text.__lshift
                0x080124dc       0xa4 c:/program files (x86)/gnu tools arm embedded/6 2017-q1-update/bin/../lib/gcc/arm-none-eabi/6.3.1/../../../../arm-none-eabi/lib/thumb/v7e-m\libg.a(lib_a-mprec.o)
                0x080124dc                __lshift
 .text.__mcmp   0x08012580       0x38 c:/program files (x86)/gnu tools arm embedded/6 2017-q1-update/bin/../lib/gcc/arm-none-eabi/6.3.1/../../../../arm-none-eabi/lib/thumb/v7e-m\libg.a(lib_a-mprec.o)
                0x08012580                __mcmp
 .text.__mdiff  0x080125b8      0x108 c:/program files (x86)/gnu tools arm embedded/6 2017-q1-update/bin/../lib/gcc/arm-none-eabi/6.3.1/../../../../arm-none-eabi/lib/thumb/v7e-m\libg.a(lib_a-mprec.o)
                0x080125b8                __mdiff
 .text.__d2b    0x080126c0       0xb8 c:/program files (x86)/gnu tools arm embedded/6 2017-q1-update/bin/../lib/gcc/arm-none-eabi/6.3.1/../../../../arm-none-eabi/lib/thumb/v7e-m\libg.a(lib_a-mprec.o)
                0x080126c0                __d2b
 .text._sbrk_r  0x08012778       0x24 c:/program files (x86)/gnu tools arm embedded/6 2017-q1-update/bin/../lib/gcc/arm-none-eabi/6.3.1/../../../../arm-none-eabi/lib/thumb/v7e-m\libg.a(lib_a-sbrkr.o)
                0x08012778                _sbrk_r
 .text.__sread  0x0801279c       0x24 c:/program files (x86)/gnu tools arm embedded/6 2017-q1-update/bin/../lib/gcc/arm-none-eabi/6.3.1/../../../../arm-none-eabi/lib/thumb/v7e-m\libg.a(lib_a-stdio.o)
                0x0801279c                __sread
 .text.__swrite
                0x080127c0       0x3c c:/program files (x86)/gnu tools arm embedded/6 2017-q1-update/bin/../lib/gcc/arm-none-eabi/6.3.1/../../../../arm-none-eabi/lib/thumb/v7e-m\libg.a(lib_a-stdio.o)
                0x080127c0                __swrite
 .text.__sseek  0x080127fc       0x20 c:/program files (x86)/gnu tools arm embedded/6 2017-q1-update/bin/../lib/gcc/arm-none-eabi/6.3.1/../../../../arm-none-eabi/lib/thumb/v7e-m\libg.a(lib_a-stdio.o)
                0x080127fc                __sseek
 .text.__sclose
                0x0801281c        0x8 c:/program files (x86)/gnu tools arm embedded/6 2017-q1-update/bin/../lib/gcc/arm-none-eabi/6.3.1/../../../../arm-none-eabi/lib/thumb/v7e-m\libg.a(lib_a-stdio.o)
                0x0801281c                __sclose
 .text.__ssprint_r
                0x08012824       0xfc c:/program files (x86)/gnu tools arm embedded/6 2017-q1-update/bin/../lib/gcc/arm-none-eabi/6.3.1/../../../../arm-none-eabi/lib/thumb/v7e-m\libg.a(lib_a-svfiprintf.o)
                0x08012824                __ssprint_r
 .text.__sprint_r.part.0
                0x08012920       0x80 c:/program files (x86)/gnu tools arm embedded/6 2017-q1-update/bin/../lib/gcc/arm-none-eabi/6.3.1/../../../../arm-none-eabi/lib/thumb/v7e-m\libg.a(lib_a-vfiprintf.o)
 .text.__sprint_r
                0x080129a0       0x14 c:/program files (x86)/gnu tools arm embedded/6 2017-q1-update/bin/../lib/gcc/arm-none-eabi/6.3.1/../../../../arm-none-eabi/lib/thumb/v7e-m\libg.a(lib_a-vfiprintf.o)
                0x080129a0                __sprint_r
 .text._write_r
                0x080129b4       0x2c c:/program files (x86)/gnu tools arm embedded/6 2017-q1-update/bin/../lib/gcc/arm-none-eabi/6.3.1/../../../../arm-none-eabi/lib/thumb/v7e-m\libg.a(lib_a-writer.o)
                0x080129b4                _write_r
 .text.__register_exitproc
                0x080129e0       0xc4 c:/program files (x86)/gnu tools arm embedded/6 2017-q1-update/bin/../lib/gcc/arm-none-eabi/6.3.1/../../../../arm-none-eabi/lib/thumb/v7e-m\libg.a(lib_a-__atexit.o)
                0x080129e0                __register_exitproc
 .text._calloc_r
                0x08012aa4       0x60 c:/program files (x86)/gnu tools arm embedded/6 2017-q1-update/bin/../lib/gcc/arm-none-eabi/6.3.1/../../../../arm-none-eabi/lib/thumb/v7e-m\libg.a(lib_a-callocr.o)
                0x08012aa4                _calloc_r
 .text._close_r
                0x08012b04       0x24 c:/program files (x86)/gnu tools arm embedded/6 2017-q1-update/bin/../lib/gcc/arm-none-eabi/6.3.1/../../../../arm-none-eabi/lib/thumb/v7e-m\libg.a(lib_a-closer.o)
                0x08012b04                _close_r
 .text._fclose_r
                0x08012b28       0xc4 c:/program files (x86)/gnu tools arm embedded/6 2017-q1-update/bin/../lib/gcc/arm-none-eabi/6.3.1/../../../../arm-none-eabi/lib/thumb/v7e-m\libg.a(lib_a-fclose.o)
                0x08012b28                _fclose_r
 .text.__fputwc
                0x08012bec       0xa0 c:/program files (x86)/gnu tools arm embedded/6 2017-q1-update/bin/../lib/gcc/arm-none-eabi/6.3.1/../../../../arm-none-eabi/lib/thumb/v7e-m\libg.a(lib_a-fputwc.o)
                0x08012bec                __fputwc
 .text._fputwc_r
                0x08012c8c       0x68 c:/program files (x86)/gnu tools arm embedded/6 2017-q1-update/bin/../lib/gcc/arm-none-eabi/6.3.1/../../../../arm-none-eabi/lib/thumb/v7e-m\libg.a(lib_a-fputwc.o)
                0x08012c8c                _fputwc_r
 .text._fstat_r
                0x08012cf4       0x28 c:/program files (x86)/gnu tools arm embedded/6 2017-q1-update/bin/../lib/gcc/arm-none-eabi/6.3.1/../../../../arm-none-eabi/lib/thumb/v7e-m\libg.a(lib_a-fstatr.o)
                0x08012cf4                _fstat_r
 .text.__sfvwrite_r
                0x08012d1c      0x2f0 c:/program files (x86)/gnu tools arm embedded/6 2017-q1-update/bin/../lib/gcc/arm-none-eabi/6.3.1/../../../../arm-none-eabi/lib/thumb/v7e-m\libg.a(lib_a-fvwrite.o)
                0x08012d1c                __sfvwrite_r
 .text._isatty_r
                0x0801300c       0x24 c:/program files (x86)/gnu tools arm embedded/6 2017-q1-update/bin/../lib/gcc/arm-none-eabi/6.3.1/../../../../arm-none-eabi/lib/thumb/v7e-m\libg.a(lib_a-isattyr.o)
                0x0801300c                _isatty_r
 .text.__locale_mb_cur_max
                0x08013030       0x1c c:/program files (x86)/gnu tools arm embedded/6 2017-q1-update/bin/../lib/gcc/arm-none-eabi/6.3.1/../../../../arm-none-eabi/lib/thumb/v7e-m\libg.a(lib_a-locale.o)
                0x08013030                __locale_mb_cur_max
 .text._lseek_r
                0x0801304c       0x2c c:/program files (x86)/gnu tools arm embedded/6 2017-q1-update/bin/../lib/gcc/arm-none-eabi/6.3.1/../../../../arm-none-eabi/lib/thumb/v7e-m\libg.a(lib_a-lseekr.o)
                0x0801304c                _lseek_r
 .text.__ascii_mbtowc
                0x08013078       0x2c c:/program files (x86)/gnu tools arm embedded/6 2017-q1-update/bin/../lib/gcc/arm-none-eabi/6.3.1/../../../../arm-none-eabi/lib/thumb/v7e-m\libg.a(lib_a-mbtowc_r.o)
                0x08013078                __ascii_mbtowc
 .text.memmove  0x080130a4       0xc8 c:/program files (x86)/gnu tools arm embedded/6 2017-q1-update/bin/../lib/gcc/arm-none-eabi/6.3.1/../../../../arm-none-eabi/lib/thumb/v7e-m\libg.a(lib_a-memmove.o)
                0x080130a4                memmove
 .text._read_r  0x0801316c       0x2c c:/program files (x86)/gnu tools arm embedded/6 2017-q1-update/bin/../lib/gcc/arm-none-eabi/6.3.1/../../../../arm-none-eabi/lib/thumb/v7e-m\libg.a(lib_a-readr.o)
                0x0801316c                _read_r
 .text._realloc_r
                0x08013198      0x34c c:/program files (x86)/gnu tools arm embedded/6 2017-q1-update/bin/../lib/gcc/arm-none-eabi/6.3.1/../../../../arm-none-eabi/lib/thumb/v7e-m\libg.a(lib_a-reallocr.o)
                0x08013198                _realloc_r
 .text.__swbuf_r
                0x080134e4       0xb0 c:/program files (x86)/gnu tools arm embedded/6 2017-q1-update/bin/../lib/gcc/arm-none-eabi/6.3.1/../../../../arm-none-eabi/lib/thumb/v7e-m\libg.a(lib_a-wbuf.o)
                0x080134e4                __swbuf_r
 .text._wcrtomb_r
                0x08013594       0x54 c:/program files (x86)/gnu tools arm embedded/6 2017-q1-update/bin/../lib/gcc/arm-none-eabi/6.3.1/../../../../arm-none-eabi/lib/thumb/v7e-m\libg.a(lib_a-wcrtomb.o)
                0x08013594                _wcrtomb_r
 .text.__ascii_wctomb
                0x080135e8       0x1c c:/program files (x86)/gnu tools arm embedded/6 2017-q1-update/bin/../lib/gcc/arm-none-eabi/6.3.1/../../../../arm-none-eabi/lib/thumb/v7e-m\libg.a(lib_a-wctomb_r.o)
                0x080135e8                __ascii_wctomb
 .text._close   0x08013604       0x10 c:/program files (x86)/gnu tools arm embedded/6 2017-q1-update/bin/../lib/gcc/arm-none-eabi/6.3.1/../../../../arm-none-eabi/lib/thumb/v7e-m\libnosys.a(close.o)
                0x08013604                _close
 .text._fstat   0x08013614       0x10 c:/program files (x86)/gnu tools arm embedded/6 2017-q1-update/bin/../lib/gcc/arm-none-eabi/6.3.1/../../../../arm-none-eabi/lib/thumb/v7e-m\libnosys.a(fstat.o)
                0x08013614                _fstat
 .text._isatty  0x08013624       0x10 c:/program files (x86)/gnu tools arm embedded/6 2017-q1-update/bin/../lib/gcc/arm-none-eabi/6.3.1/../../../../arm-none-eabi/lib/thumb/v7e-m\libnosys.a(isatty.o)
                0x08013624                _isatty
 .text._lseek   0x08013634       0x10 c:/program files (x86)/gnu tools arm embedded/6 2017-q1-update/bin/../lib/gcc/arm-none-eabi/6.3.1/../../../../arm-none-eabi/lib/thumb/v7e-m\libnosys.a(lseek.o)
                0x08013634                _lseek
 .text._read    0x08013644       0x10 c:/program files (x86)/gnu tools arm embedded/6 2017-q1-update/bin/../lib/gcc/arm-none-eabi/6.3.1/../../../../arm-none-eabi/lib/thumb/v7e-m\libnosys.a(read.o)
                0x08013644                _read
 .text._sbrk    0x08013654       0x1c c:/program files (x86)/gnu tools arm embedded/6 2017-q1-update/bin/../lib/gcc/arm-none-eabi/6.3.1/../../../../arm-none-eabi/lib/thumb/v7e-m\libnosys.a(sbrk.o)
                0x08013654                _sbrk
 *(.glue_7)
 .glue_7        0x08013670        0x0 linker stubs
 *(.glue_7t)
 .glue_7t       0x08013670        0x0 linker stubs
 *(.eh_frame)
 .eh_frame      0x08013670        0x0 c:/program files (x86)/gnu tools arm embedded/6 2017-q1-update/bin/../lib/gcc/arm-none-eabi/6.3.1/thumb/v7e-m/crtbegin.o
 *(.init)
 .init          0x08013670        0x4 c:/program files (x86)/gnu tools arm embedded/6 2017-q1-update/bin/../lib/gcc/arm-none-eabi/6.3.1/thumb/v7e-m/crti.o
                0x08013670                _init
 .init          0x08013674        0x8 c:/program files (x86)/gnu tools arm embedded/6 2017-q1-update/bin/../lib/gcc/arm-none-eabi/6.3.1/thumb/v7e-m/crtn.o
 *(.fini)
 .fini          0x0801367c        0x4 c:/program files (x86)/gnu tools arm embedded/6 2017-q1-update/bin/../lib/gcc/arm-none-eabi/6.3.1/thumb/v7e-m/crti.o
                0x0801367c                _fini
 .fini          0x08013680        0x8 c:/program files (x86)/gnu tools arm embedded/6 2017-q1-update/bin/../lib/gcc/arm-none-eabi/6.3.1/thumb/v7e-m/crtn.o
                0x08013688                . = ALIGN (0x4)
                0x08013688                _etext = .

.vfp11_veneer   0x08013688        0x0
 .vfp11_veneer  0x08013688        0x0 linker stubs

.v4_bx          0x08013688        0x0
 .v4_bx         0x08013688        0x0 linker stubs

.iplt           0x08013688        0x0
 .iplt          0x08013688        0x0 c:/program files (x86)/gnu tools arm embedded/6 2017-q1-update/bin/../lib/gcc/arm-none-eabi/6.3.1/thumb/v7e-m/crtbegin.o

.rodata         0x08013688    0xc0608
                0x08013688                . = ALIGN (0x4)
 *(.rodata)
 .rodata        0x08013688      0x13f ./uc-config/app_main.o
 *fill*         0x080137c7        0x1 
 .rodata        0x080137c8       0x2a ./uCOS-III/Source/os_core.o
 *fill*         0x080137f2        0x2 
 .rodata        0x080137f4        0xa ./uCOS-III/Source/os_mutex.o
 *fill*         0x080137fe        0x2 
 .rodata        0x08013800        0x6 ./uCOS-III/Source/os_q.o
 *fill*         0x08013806        0x2 
 .rodata        0x08013808       0x14 ./uCOS-III/Source/os_stat.o
 .rodata        0x0801381c        0xa ./uCOS-III/Source/os_task.o
 *fill*         0x08013826        0x2 
 .rodata        0x08013828       0x14 ./uCOS-III/Source/os_tick.o
 .rodata        0x0801383c       0x2d ./uCOS-III/Source/os_tmr.o
 *fill*         0x08013869        0x3 
 .rodata        0x0801386c       0x3d ./uC-LIB/lib_mem.o
 *(.rodata*)
 *fill*         0x080138a9        0x3 
 .rodata.gImage_xiong
                0x080138ac    0xbb808 ./uc-bsp/bsp.o
 .rodata.asc2_1206
                0x080cf0b4      0x474 ./uc-bsp/bsp_rgb.o
 .rodata.asc2_1608
                0x080cf528      0x5f0 ./uc-bsp/bsp_rgb.o
 .rodata.asc2_2412
                0x080cfb18      0xd5c ./uc-bsp/bsp_rgb.o
 .rodata.asc2_3216
                0x080d0874     0x2f80 ./uc-bsp/bsp_rgb.o
 .rodata.FT5206_TPX_TBL
                0x080d37f4        0xa ./uc-bsp/bsp_touch.o
                0x080d37f4                FT5206_TPX_TBL
 *fill*         0x080d37fe        0x2 
 .rodata.OSCfg_IdleTaskStkBasePtr
                0x080d3800        0x4 ./uCOS-III/Source/os_cfg_app.o
                0x080d3800                OSCfg_IdleTaskStkBasePtr
 .rodata.OSCfg_IdleTaskStkLimit
                0x080d3804        0x4 ./uCOS-III/Source/os_cfg_app.o
                0x080d3804                OSCfg_IdleTaskStkLimit
 .rodata.OSCfg_IdleTaskStkSize
                0x080d3808        0x4 ./uCOS-III/Source/os_cfg_app.o
                0x080d3808                OSCfg_IdleTaskStkSize
 .rodata.OSCfg_ISRStkBasePtr
                0x080d380c        0x4 ./uCOS-III/Source/os_cfg_app.o
                0x080d380c                OSCfg_ISRStkBasePtr
 .rodata.OSCfg_ISRStkSize
                0x080d3810        0x4 ./uCOS-III/Source/os_cfg_app.o
                0x080d3810                OSCfg_ISRStkSize
 .rodata.OSCfg_MsgPoolSize
                0x080d3814        0x2 ./uCOS-III/Source/os_cfg_app.o
                0x080d3814                OSCfg_MsgPoolSize
 *fill*         0x080d3816        0x2 
 .rodata.OSCfg_MsgPoolBasePtr
                0x080d3818        0x4 ./uCOS-III/Source/os_cfg_app.o
                0x080d3818                OSCfg_MsgPoolBasePtr
 .rodata.OSCfg_StatTaskPrio
                0x080d381c        0x1 ./uCOS-III/Source/os_cfg_app.o
                0x080d381c                OSCfg_StatTaskPrio
 *fill*         0x080d381d        0x3 
 .rodata.OSCfg_StatTaskRate_Hz
                0x080d3820        0x4 ./uCOS-III/Source/os_cfg_app.o
                0x080d3820                OSCfg_StatTaskRate_Hz
 .rodata.OSCfg_StatTaskStkBasePtr
                0x080d3824        0x4 ./uCOS-III/Source/os_cfg_app.o
                0x080d3824                OSCfg_StatTaskStkBasePtr
 .rodata.OSCfg_StatTaskStkLimit
                0x080d3828        0x4 ./uCOS-III/Source/os_cfg_app.o
                0x080d3828                OSCfg_StatTaskStkLimit
 .rodata.OSCfg_StatTaskStkSize
                0x080d382c        0x4 ./uCOS-III/Source/os_cfg_app.o
                0x080d382c                OSCfg_StatTaskStkSize
 .rodata.OSCfg_StkSizeMin
                0x080d3830        0x4 ./uCOS-III/Source/os_cfg_app.o
                0x080d3830                OSCfg_StkSizeMin
 .rodata.OSCfg_TickRate_Hz
                0x080d3834        0x4 ./uCOS-III/Source/os_cfg_app.o
                0x080d3834                OSCfg_TickRate_Hz
 .rodata.OSCfg_TickTaskPrio
                0x080d3838        0x1 ./uCOS-III/Source/os_cfg_app.o
                0x080d3838                OSCfg_TickTaskPrio
 *fill*         0x080d3839        0x3 
 .rodata.OSCfg_TickTaskStkBasePtr
                0x080d383c        0x4 ./uCOS-III/Source/os_cfg_app.o
                0x080d383c                OSCfg_TickTaskStkBasePtr
 .rodata.OSCfg_TickTaskStkLimit
                0x080d3840        0x4 ./uCOS-III/Source/os_cfg_app.o
                0x080d3840                OSCfg_TickTaskStkLimit
 .rodata.OSCfg_TickTaskStkSize
                0x080d3844        0x4 ./uCOS-III/Source/os_cfg_app.o
                0x080d3844                OSCfg_TickTaskStkSize
 .rodata.OSCfg_TmrTaskPrio
                0x080d3848        0x1 ./uCOS-III/Source/os_cfg_app.o
                0x080d3848                OSCfg_TmrTaskPrio
 *fill*         0x080d3849        0x3 
 .rodata.OSCfg_TmrTaskRate_Hz
                0x080d384c        0x4 ./uCOS-III/Source/os_cfg_app.o
                0x080d384c                OSCfg_TmrTaskRate_Hz
 .rodata.OSCfg_TmrTaskStkBasePtr
                0x080d3850        0x4 ./uCOS-III/Source/os_cfg_app.o
                0x080d3850                OSCfg_TmrTaskStkBasePtr
 .rodata.OSCfg_TmrTaskStkLimit
                0x080d3854        0x4 ./uCOS-III/Source/os_cfg_app.o
                0x080d3854                OSCfg_TmrTaskStkLimit
 .rodata.OSCfg_TmrTaskStkSize
                0x080d3858        0x4 ./uCOS-III/Source/os_cfg_app.o
                0x080d3858                OSCfg_TmrTaskStkSize
 .rodata.OSDbg_DbgEn
                0x080d385c        0x1 ./uCOS-III/Source/os_dbg.o
                0x080d385c                OSDbg_DbgEn
 .rodata.OSDbg_ArgChkEn
                0x080d385d        0x1 ./uCOS-III/Source/os_dbg.o
                0x080d385d                OSDbg_ArgChkEn
 .rodata.OSDbg_AppHooksEn
                0x080d385e        0x1 ./uCOS-III/Source/os_dbg.o
                0x080d385e                OSDbg_AppHooksEn
 *fill*         0x080d385f        0x1 
 .rodata.OSDbg_EndiannessTest
                0x080d3860        0x4 ./uCOS-III/Source/os_dbg.o
                0x080d3860                OSDbg_EndiannessTest
 .rodata.OSDbg_CalledFromISRChkEn
                0x080d3864        0x1 ./uCOS-III/Source/os_dbg.o
                0x080d3864                OSDbg_CalledFromISRChkEn
 .rodata.OSDbg_FlagEn
                0x080d3865        0x1 ./uCOS-III/Source/os_dbg.o
                0x080d3865                OSDbg_FlagEn
 *fill*         0x080d3866        0x2 
 .rodata.OSDbg_FlagGrp
                0x080d3868       0x28 ./uCOS-III/Source/os_dbg.o
                0x080d3868                OSDbg_FlagGrp
 .rodata.OSDbg_FlagDelEn
                0x080d3890        0x1 ./uCOS-III/Source/os_dbg.o
                0x080d3890                OSDbg_FlagDelEn
 .rodata.OSDbg_FlagModeClrEn
                0x080d3891        0x1 ./uCOS-III/Source/os_dbg.o
                0x080d3891                OSDbg_FlagModeClrEn
 .rodata.OSDbg_FlagPendAbortEn
                0x080d3892        0x1 ./uCOS-III/Source/os_dbg.o
                0x080d3892                OSDbg_FlagPendAbortEn
 *fill*         0x080d3893        0x1 
 .rodata.OSDbg_FlagGrpSize
                0x080d3894        0x2 ./uCOS-III/Source/os_dbg.o
                0x080d3894                OSDbg_FlagGrpSize
 .rodata.OSDbg_FlagWidth
                0x080d3896        0x2 ./uCOS-III/Source/os_dbg.o
                0x080d3896                OSDbg_FlagWidth
 .rodata.OSDbg_Mem
                0x080d3898       0x20 ./uCOS-III/Source/os_dbg.o
                0x080d3898                OSDbg_Mem
 .rodata.OSDbg_MemEn
                0x080d38b8        0x1 ./uCOS-III/Source/os_dbg.o
                0x080d38b8                OSDbg_MemEn
 *fill*         0x080d38b9        0x1 
 .rodata.OSDbg_MemSize
                0x080d38ba        0x2 ./uCOS-III/Source/os_dbg.o
                0x080d38ba                OSDbg_MemSize
 .rodata.OSDbg_MsgEn
                0x080d38bc        0x1 ./uCOS-III/Source/os_dbg.o
                0x080d38bc                OSDbg_MsgEn
 *fill*         0x080d38bd        0x1 
 .rodata.OSDbg_MsgSize
                0x080d38be        0x2 ./uCOS-III/Source/os_dbg.o
                0x080d38be                OSDbg_MsgSize
 .rodata.OSDbg_MsgPoolSize
                0x080d38c0        0x2 ./uCOS-III/Source/os_dbg.o
                0x080d38c0                OSDbg_MsgPoolSize
 .rodata.OSDbg_MsgQSize
                0x080d38c2        0x2 ./uCOS-III/Source/os_dbg.o
                0x080d38c2                OSDbg_MsgQSize
 .rodata.OSDbg_Mutex
                0x080d38c4       0x30 ./uCOS-III/Source/os_dbg.o
                0x080d38c4                OSDbg_Mutex
 .rodata.OSDbg_MutexEn
                0x080d38f4        0x1 ./uCOS-III/Source/os_dbg.o
                0x080d38f4                OSDbg_MutexEn
 .rodata.OSDbg_MutexDelEn
                0x080d38f5        0x1 ./uCOS-III/Source/os_dbg.o
                0x080d38f5                OSDbg_MutexDelEn
 .rodata.OSDbg_MutexPendAbortEn
                0x080d38f6        0x1 ./uCOS-III/Source/os_dbg.o
                0x080d38f6                OSDbg_MutexPendAbortEn
 *fill*         0x080d38f7        0x1 
 .rodata.OSDbg_MutexSize
                0x080d38f8        0x2 ./uCOS-III/Source/os_dbg.o
                0x080d38f8                OSDbg_MutexSize
 .rodata.OSDbg_ObjTypeChkEn
                0x080d38fa        0x1 ./uCOS-III/Source/os_dbg.o
                0x080d38fa                OSDbg_ObjTypeChkEn
 *fill*         0x080d38fb        0x1 
 .rodata.OSDbg_PendListSize
                0x080d38fc        0x2 ./uCOS-III/Source/os_dbg.o
                0x080d38fc                OSDbg_PendListSize
 .rodata.OSDbg_PendObjSize
                0x080d38fe        0x2 ./uCOS-III/Source/os_dbg.o
                0x080d38fe                OSDbg_PendObjSize
 .rodata.OSDbg_PrioMax
                0x080d3900        0x2 ./uCOS-III/Source/os_dbg.o
                0x080d3900                OSDbg_PrioMax
 .rodata.OSDbg_PrioTblSize
                0x080d3902        0x2 ./uCOS-III/Source/os_dbg.o
                0x080d3902                OSDbg_PrioTblSize
 .rodata.OSDbg_PtrSize
                0x080d3904        0x2 ./uCOS-III/Source/os_dbg.o
                0x080d3904                OSDbg_PtrSize
 *fill*         0x080d3906        0x2 
 .rodata.OSDbg_Q
                0x080d3908       0x30 ./uCOS-III/Source/os_dbg.o
                0x080d3908                OSDbg_Q
 .rodata.OSDbg_QEn
                0x080d3938        0x1 ./uCOS-III/Source/os_dbg.o
                0x080d3938                OSDbg_QEn
 .rodata.OSDbg_QDelEn
                0x080d3939        0x1 ./uCOS-III/Source/os_dbg.o
                0x080d3939                OSDbg_QDelEn
 .rodata.OSDbg_QFlushEn
                0x080d393a        0x1 ./uCOS-III/Source/os_dbg.o
                0x080d393a                OSDbg_QFlushEn
 .rodata.OSDbg_QPendAbortEn
                0x080d393b        0x1 ./uCOS-III/Source/os_dbg.o
                0x080d393b                OSDbg_QPendAbortEn
 .rodata.OSDbg_QSize
                0x080d393c        0x2 ./uCOS-III/Source/os_dbg.o
                0x080d393c                OSDbg_QSize
 .rodata.OSDbg_SchedRoundRobinEn
                0x080d393e        0x1 ./uCOS-III/Source/os_dbg.o
                0x080d393e                OSDbg_SchedRoundRobinEn
 *fill*         0x080d393f        0x1 
 .rodata.OSDbg_Sem
                0x080d3940       0x28 ./uCOS-III/Source/os_dbg.o
                0x080d3940                OSDbg_Sem
 .rodata.OSDbg_SemEn
                0x080d3968        0x1 ./uCOS-III/Source/os_dbg.o
                0x080d3968                OSDbg_SemEn
 .rodata.OSDbg_SemDelEn
                0x080d3969        0x1 ./uCOS-III/Source/os_dbg.o
                0x080d3969                OSDbg_SemDelEn
 .rodata.OSDbg_SemPendAbortEn
                0x080d396a        0x1 ./uCOS-III/Source/os_dbg.o
                0x080d396a                OSDbg_SemPendAbortEn
 .rodata.OSDbg_SemSetEn
                0x080d396b        0x1 ./uCOS-III/Source/os_dbg.o
                0x080d396b                OSDbg_SemSetEn
 .rodata.OSDbg_SemSize
                0x080d396c        0x2 ./uCOS-III/Source/os_dbg.o
                0x080d396c                OSDbg_SemSize
 .rodata.OSDbg_RdyList
                0x080d396e        0x2 ./uCOS-III/Source/os_dbg.o
                0x080d396e                OSDbg_RdyList
 .rodata.OSDbg_RdyListSize
                0x080d3970        0x4 ./uCOS-III/Source/os_dbg.o